[0.006s] Invoking command in '/home/alex/git/rc-test-dev/sample/colcon_ws/sample/build/sample_interface': CMAKE_PREFIX_PATH=/opt/ros/humble /usr/bin/cmake --build /home/alex/git/rc-test-dev/sample/colcon_ws/sample/build/sample_interface -- -j5 -l5
[0.019s] -- Found ament_cmake: 1.3.10 (/opt/ros/humble/share/ament_cmake/cmake)
[0.082s] -- Found std_msgs: 4.2.4 (/opt/ros/humble/share/std_msgs/cmake)
[0.092s] -- Found rosidl_generator_c: 3.1.5 (/opt/ros/humble/share/rosidl_generator_c/cmake)
[0.093s] -- Found rosidl_adapter: 3.1.5 (/opt/ros/humble/share/rosidl_adapter/cmake)
[0.095s] -- Found rosidl_generator_cpp: 3.1.5 (/opt/ros/humble/share/rosidl_generator_cpp/cmake)
[0.099s] -- Using all available rosidl_typesupport_c: rosidl_typesupport_fastrtps_c;rosidl_typesupport_introspection_c
[0.104s] -- Using all available rosidl_typesupport_cpp: rosidl_typesupport_fastrtps_cpp;rosidl_typesupport_introspection_cpp
[0.115s] -- Found rosidl_default_generators: 1.2.0 (/opt/ros/humble/share/rosidl_default_generators/cmake)
[0.227s] -- Found ament_cmake_ros: 0.10.0 (/opt/ros/humble/share/ament_cmake_ros/cmake)
[0.355s] -- Using all available rosidl_typesupport_c: rosidl_typesupport_fastrtps_c;rosidl_typesupport_introspection_c
[0.404s] -- Using all available rosidl_typesupport_cpp: rosidl_typesupport_fastrtps_cpp;rosidl_typesupport_introspection_cpp
[0.413s] -- Found python_cmake_module: 0.10.0 (/opt/ros/humble/share/python_cmake_module/cmake)
[0.423s] -- Using PYTHON_EXECUTABLE: /usr/bin/python3
[0.423s] -- Using PYTHON_INCLUDE_DIRS: /usr/include/python3.10
[0.423s] -- Using PYTHON_LIBRARIES: /usr/lib/aarch64-linux-gnu/libpython3.10.so
[0.427s] -- Found ament_lint_auto: 0.12.11 (/opt/ros/humble/share/ament_lint_auto/cmake)
[0.431s] -- Added test 'lint_cmake' to check CMake code style
[0.431s] -- Added test 'xmllint' to check XML markup files
[0.432s] -- Configuring done
[0.446s] -- Generating done
[0.449s] -- Build files have been written to: /home/alex/git/rc-test-dev/sample/colcon_ws/sample/build/sample_interface
[0.461s] [35m[1mConsolidate compiler generated dependencies of target sample_interface__rosidl_generator_c[0m
[0.464s] [  2%] Built target sample_interface__cpp
[0.465s] [  4%] [32mBuilding C object CMakeFiles/sample_interface__rosidl_generator_c.dir/rosidl_generator_c/sample_interface/msg/detail/input_accepted__functions.c.o[0m
[0.465s] [  6%] [32mBuilding C object CMakeFiles/sample_interface__rosidl_generator_c.dir/rosidl_generator_c/sample_interface/msg/detail/output__functions.c.o[0m
[0.468s] [  6%] Built target ament_cmake_python_copy_sample_interface
[0.469s] [35m[1mConsolidate compiler generated dependencies of target sample_interface__rosidl_typesupport_cpp[0m
[0.469s] [35m[1mConsolidate compiler generated dependencies of target sample_interface__rosidl_typesupport_fastrtps_cpp[0m
[0.473s] In file included from [01m[K/home/alex/git/rc-test-dev/sample/colcon_ws/sample/build/sample_interface/rosidl_generator_c/sample_interface/msg/detail/output__functions.h:19[m[K,
[0.473s]                  from [01m[K/home/alex/git/rc-test-dev/sample/colcon_ws/sample/build/sample_interface/rosidl_generator_c/sample_interface/msg/detail/output__functions.c:4[m[K:
[0.473s] [01m[K/home/alex/git/rc-test-dev/sample/colcon_ws/sample/build/sample_interface/rosidl_generator_c/sample_interface/msg/detail/output__struct.h:22:10:[m[K [01;31m[Kfatal error: [m[Kbuiltin_interfaces/msg/detail/time__struct.h: No such file or directory
[0.473s]    22 | #include [01;31m[K"builtin_interfaces/msg/detail/time__struct.h"[m[K
[0.473s]       |          [01;31m[K^~~~~~~~~~~~~~~~~~~~~~~~~~~~~~~~~~~~~~~~~~~~~~[m[K
[0.473s] In file included from [01m[K/home/alex/git/rc-test-dev/sample/colcon_ws/sample/build/sample_interface/rosidl_generator_c/sample_interface/msg/detail/input_accepted__functions.h:19[m[K,
[0.473s]                  from [01m[K/home/alex/git/rc-test-dev/sample/colcon_ws/sample/build/sample_interface/rosidl_generator_c/sample_interface/msg/detail/input_accepted__functions.c:4[m[K:
[0.473s] [01m[K/home/alex/git/rc-test-dev/sample/colcon_ws/sample/build/sample_interface/rosidl_generator_c/sample_interface/msg/detail/input_accepted__struct.h:22:10:[m[K [01;31m[Kfatal error: [m[Kbuiltin_interfaces/msg/detail/time__struct.h: No such file or directory
[0.473s]    22 | #include [01;31m[K"builtin_interfaces/msg/detail/time__struct.h"[m[K
[0.473s]       |          [01;31m[K^~~~~~~~~~~~~~~~~~~~~~~~~~~~~~~~~~~~~~~~~~~~~~[m[K
[0.473s] compilation terminated.
[0.473s] compilation terminated.
[0.474s] gmake[2]: *** [CMakeFiles/sample_interface__rosidl_generator_c.dir/build.make:165: CMakeFiles/sample_interface__rosidl_generator_c.dir/rosidl_generator_c/sample_interface/msg/detail/output__functions.c.o] Error 1
[0.474s] gmake[2]: *** Waiting for unfinished jobs....
[0.474s] [35m[1mConsolidate compiler generated dependencies of target sample_interface__rosidl_typesupport_introspection_cpp[0m
[0.474s] gmake[2]: *** [CMakeFiles/sample_interface__rosidl_generator_c.dir/build.make:151: CMakeFiles/sample_interface__rosidl_generator_c.dir/rosidl_generator_c/sample_interface/msg/detail/input_accepted__functions.c.o] Error 1
[0.474s] gmake[1]: *** [CMakeFiles/Makefile2:213: CMakeFiles/sample_interface__rosidl_generator_c.dir/all] Error 2
[0.474s] gmake[1]: *** Waiting for unfinished jobs....
[0.475s] [  8%] [32mBuilding CXX object CMakeFiles/sample_interface__rosidl_typesupport_cpp.dir/rosidl_typesupport_cpp/sample_interface/msg/input_accepted__type_support.cpp.o[0m
[0.478s] [ 10%] [32mBuilding CXX object CMakeFiles/sample_interface__rosidl_typesupport_fastrtps_cpp.dir/rosidl_typesupport_fastrtps_cpp/sample_interface/msg/detail/dds_fastrtps/input_accepted__type_support.cpp.o[0m
[0.478s] [ 12%] [32mBuilding CXX object CMakeFiles/sample_interface__rosidl_typesupport_fastrtps_cpp.dir/rosidl_typesupport_fastrtps_cpp/sample_interface/msg/detail/dds_fastrtps/output__type_support.cpp.o[0m
[0.487s] [ 14%] [32mBuilding CXX object CMakeFiles/sample_interface__rosidl_typesupport_introspection_cpp.dir/rosidl_typesupport_introspection_cpp/sample_interface/msg/detail/input_accepted__type_support.cpp.o[0m
[0.504s] In file included from [01m[K/home/alex/git/rc-test-dev/sample/colcon_ws/sample/build/sample_interface/rosidl_typesupport_cpp/sample_interface/msg/input_accepted__type_support.cpp:7[m[K:
[0.504s] [01m[K/home/alex/git/rc-test-dev/sample/colcon_ws/sample/build/sample_interface/rosidl_generator_cpp/sample_interface/msg/detail/input_accepted__struct.hpp:20:10:[m[K [01;31m[Kfatal error: [m[Kbuiltin_interfaces/msg/detail/time__struct.hpp: No such file or directory
[0.504s]    20 | #include [01;31m[K"builtin_interfaces/msg/detail/time__struct.hpp"[m[K
[0.504s]       |          [01;31m[K^~~~~~~~~~~~~~~~~~~~~~~~~~~~~~~~~~~~~~~~~~~~~~~~[m[K
[0.504s] compilation terminated.
[0.504s] gmake[2]: *** [CMakeFiles/sample_interface__rosidl_typesupport_cpp.dir/build.make:108: CMakeFiles/sample_interface__rosidl_typesupport_cpp.dir/rosidl_typesupport_cpp/sample_interface/msg/input_accepted__type_support.cpp.o] Error 1
[0.504s] gmake[1]: *** [CMakeFiles/Makefile2:395: CMakeFiles/sample_interface__rosidl_typesupport_cpp.dir/all] Error 2
[0.507s] In file included from [01m[K/home/alex/git/rc-test-dev/sample/colcon_ws/sample/build/sample_interface/rosidl_typesupport_fastrtps_cpp/sample_interface/msg/detail/input_accepted__rosidl_typesupport_fastrtps_cpp.hpp:11[m[K,
[0.507s]                  from [01m[K/home/alex/git/rc-test-dev/sample/colcon_ws/sample/build/sample_interface/rosidl_typesupport_fastrtps_cpp/sample_interface/msg/detail/dds_fastrtps/input_accepted__type_support.cpp:4[m[K:
[0.507s] [01m[K/home/alex/git/rc-test-dev/sample/colcon_ws/sample/build/sample_interface/rosidl_generator_cpp/sample_interface/msg/detail/input_accepted__struct.hpp:20:10:[m[K [01;31m[Kfatal error: [m[Kbuiltin_interfaces/msg/detail/time__struct.hpp: No such file or directory
[0.507s]    20 | #include [01;31m[K"builtin_interfaces/msg/detail/time__struct.hpp"[m[K
[0.507s]       |          [01;31m[K^~~~~~~~~~~~~~~~~~~~~~~~~~~~~~~~~~~~~~~~~~~~~~~~[m[K
[0.508s] compilation terminated.
[0.508s] [ 17%] [32mBuilding CXX object CMakeFiles/sample_interface__rosidl_typesupport_introspection_cpp.dir/rosidl_typesupport_introspection_cpp/sample_interface/msg/detail/output__type_support.cpp.o[0m
[0.508s] gmake[2]: *** [CMakeFiles/sample_interface__rosidl_typesupport_fastrtps_cpp.dir/build.make:119: CMakeFiles/sample_interface__rosidl_typesupport_fastrtps_cpp.dir/rosidl_typesupport_fastrtps_cpp/sample_interface/msg/detail/dds_fastrtps/input_accepted__type_support.cpp.o] Error 1
[0.508s] gmake[2]: *** Waiting for unfinished jobs....
[0.512s] In file included from [01m[K/home/alex/git/rc-test-dev/sample/colcon_ws/sample/build/sample_interface/rosidl_typesupport_fastrtps_cpp/sample_interface/msg/detail/output__rosidl_typesupport_fastrtps_cpp.hpp:11[m[K,
[0.512s]                  from [01m[K/home/alex/git/rc-test-dev/sample/colcon_ws/sample/build/sample_interface/rosidl_typesupport_fastrtps_cpp/sample_interface/msg/detail/dds_fastrtps/output__type_support.cpp:4[m[K:
[0.512s] [01m[K/home/alex/git/rc-test-dev/sample/colcon_ws/sample/build/sample_interface/rosidl_generator_cpp/sample_interface/msg/detail/output__struct.hpp:20:10:[m[K [01;31m[Kfatal error: [m[Kbuiltin_interfaces/msg/detail/time__struct.hpp: No such file or directory
[0.512s]    20 | #include [01;31m[K"builtin_interfaces/msg/detail/time__struct.hpp"[m[K
[0.512s]       |          [01;31m[K^~~~~~~~~~~~~~~~~~~~~~~~~~~~~~~~~~~~~~~~~~~~~~~~[m[K
[0.512s] compilation terminated.
[0.513s] gmake[2]: *** [CMakeFiles/sample_interface__rosidl_typesupport_fastrtps_cpp.dir/build.make:133: CMakeFiles/sample_interface__rosidl_typesupport_fastrtps_cpp.dir/rosidl_typesupport_fastrtps_cpp/sample_interface/msg/detail/dds_fastrtps/output__type_support.cpp.o] Error 1
[0.513s] gmake[1]: *** [CMakeFiles/Makefile2:291: CMakeFiles/sample_interface__rosidl_typesupport_fastrtps_cpp.dir/all] Error 2
[0.525s] In file included from [01m[K/home/alex/git/rc-test-dev/sample/colcon_ws/sample/build/sample_interface/rosidl_typesupport_introspection_cpp/sample_interface/msg/detail/input_accepted__type_support.cpp:12[m[K:
[0.525s] [01m[K/home/alex/git/rc-test-dev/sample/colcon_ws/sample/build/sample_interface/rosidl_generator_cpp/sample_interface/msg/detail/input_accepted__struct.hpp:20:10:[m[K [01;31m[Kfatal error: [m[Kbuiltin_interfaces/msg/detail/time__struct.hpp: No such file or directory
[0.525s]    20 | #include [01;31m[K"builtin_interfaces/msg/detail/time__struct.hpp"[m[K
[0.525s]       |          [01;31m[K^~~~~~~~~~~~~~~~~~~~~~~~~~~~~~~~~~~~~~~~~~~~~~~~[m[K
[0.525s] compilation terminated.
[0.526s] gmake[2]: *** [CMakeFiles/sample_interface__rosidl_typesupport_introspection_cpp.dir/build.make:119: CMakeFiles/sample_interface__rosidl_typesupport_introspection_cpp.dir/rosidl_typesupport_introspection_cpp/sample_interface/msg/detail/input_accepted__type_support.cpp.o] Error 1
[0.526s] gmake[2]: *** Waiting for unfinished jobs....
[0.538s] In file included from [01m[K/home/alex/git/rc-test-dev/sample/colcon_ws/sample/build/sample_interface/rosidl_typesupport_introspection_cpp/sample_interface/msg/detail/output__type_support.cpp:12[m[K:
[0.538s] [01m[K/home/alex/git/rc-test-dev/sample/colcon_ws/sample/build/sample_interface/rosidl_generator_cpp/sample_interface/msg/detail/output__struct.hpp:20:10:[m[K [01;31m[Kfatal error: [m[Kbuiltin_interfaces/msg/detail/time__struct.hpp: No such file or directory
[0.538s]    20 | #include [01;31m[K"builtin_interfaces/msg/detail/time__struct.hpp"[m[K
[0.538s]       |          [01;31m[K^~~~~~~~~~~~~~~~~~~~~~~~~~~~~~~~~~~~~~~~~~~~~~~~[m[K
[0.538s] compilation terminated.
[0.539s] gmake[2]: *** [CMakeFiles/sample_interface__rosidl_typesupport_introspection_cpp.dir/build.make:133: CMakeFiles/sample_interface__rosidl_typesupport_introspection_cpp.dir/rosidl_typesupport_introspection_cpp/sample_interface/msg/detail/output__type_support.cpp.o] Error 1
[0.539s] gmake[1]: *** [CMakeFiles/Makefile2:369: CMakeFiles/sample_interface__rosidl_typesupport_introspection_cpp.dir/all] Error 2
[0.579s] running egg_info
[0.579s] writing sample_interface.egg-info/PKG-INFO
[0.579s] writing dependency_links to sample_interface.egg-info/dependency_links.txt
[0.580s] writing top-level names to sample_interface.egg-info/top_level.txt
[0.580s] reading manifest file 'sample_interface.egg-info/SOURCES.txt'
[0.581s] writing manifest file 'sample_interface.egg-info/SOURCES.txt'
[0.593s] [ 17%] Built target ament_cmake_python_build_sample_interface_egg
[0.594s] gmake: *** [Makefile:146: all] Error 2
[0.595s] Invoked command in '/home/alex/git/rc-test-dev/sample/colcon_ws/sample/build/sample_interface' returned '2': CMAKE_PREFIX_PATH=/opt/ros/humble /usr/bin/cmake --build /home/alex/git/rc-test-dev/sample/colcon_ws/sample/build/sample_interface -- -j5 -l5
