[0.009s] Invoking command in '/home/alex/git/rc-test-dev/sample/colcon_ws/sample/build/my_package': CMAKE_PREFIX_PATH=/opt/ros/humble /usr/bin/cmake /home/alex/git/rc-test-dev/sample/colcon_ws/sample/src/my_package -DCMAKE_INSTALL_PREFIX=/home/alex/git/rc-test-dev/sample/colcon_ws/sample/install/my_package
[0.146s] -- The C compiler identification is GNU 11.4.0
[0.218s] -- The CXX compiler identification is GNU 11.4.0
[0.226s] -- Detecting C compiler ABI info
[0.269s] -- Detecting C compiler ABI info - done
[0.273s] -- Check for working C compiler: /usr/bin/cc - skipped
[0.274s] -- Detecting C compile features
[0.275s] -- Detecting C compile features - done
[0.277s] -- Detecting CXX compiler ABI info
[0.319s] -- Detecting CXX compiler ABI info - done
[0.324s] -- Check for working CXX compiler: /usr/bin/c++ - skipped
[0.324s] -- Detecting CXX compile features
[0.324s] -- Detecting CXX compile features - done
[0.336s] -- Found ament_cmake: 1.3.10 (/opt/ros/humble/share/ament_cmake/cmake)
[0.412s] -- Found Python3: /usr/bin/python3 (found version "3.10.12") found components: Interpreter 
[0.470s] -- Found ament_lint_auto: 0.12.11 (/opt/ros/humble/share/ament_lint_auto/cmake)
[0.509s] -- Added test 'cppcheck' to perform static code analysis on C / C++ code
[0.509s] -- Configured cppcheck include dirs: $<BUILD_INTERFACE:/home/alex/git/rc-test-dev/sample/colcon_ws/sample/src/my_package/include>
[0.509s] -- Configured cppcheck exclude dirs and/or files: 
[0.509s] -- Added test 'lint_cmake' to check CMake code style
[0.510s] -- Added test 'uncrustify' to check C / C++ code style
[0.510s] -- Configured uncrustify additional arguments: 
[0.510s] -- Added test 'xmllint' to check XML markup files
[0.511s] -- Configuring done
[0.513s] -- Generating done
[0.513s] -- Build files have been written to: /home/alex/git/rc-test-dev/sample/colcon_ws/sample/build/my_package
[0.515s] Invoked command in '/home/alex/git/rc-test-dev/sample/colcon_ws/sample/build/my_package' returned '0': CMAKE_PREFIX_PATH=/opt/ros/humble /usr/bin/cmake /home/alex/git/rc-test-dev/sample/colcon_ws/sample/src/my_package -DCMAKE_INSTALL_PREFIX=/home/alex/git/rc-test-dev/sample/colcon_ws/sample/install/my_package
[0.517s] Invoking command in '/home/alex/git/rc-test-dev/sample/colcon_ws/sample/build/my_package': CMAKE_PREFIX_PATH=/opt/ros/humble /usr/bin/cmake --build /home/alex/git/rc-test-dev/sample/colcon_ws/sample/build/my_package -- -j5 -l5
[0.538s] [ 50%] [32mBuilding CXX object CMakeFiles/my_node.dir/src/my_node.cpp.o[0m
[0.566s] [100%] [32m[1mLinking CXX executable my_node[0m
[0.588s] [100%] Built target my_node
[0.593s] Invoked command in '/home/alex/git/rc-test-dev/sample/colcon_ws/sample/build/my_package' returned '0': CMAKE_PREFIX_PATH=/opt/ros/humble /usr/bin/cmake --build /home/alex/git/rc-test-dev/sample/colcon_ws/sample/build/my_package -- -j5 -l5
[0.610s] Invoking command in '/home/alex/git/rc-test-dev/sample/colcon_ws/sample/build/my_package': CMAKE_PREFIX_PATH=/opt/ros/humble /usr/bin/cmake --install /home/alex/git/rc-test-dev/sample/colcon_ws/sample/build/my_package
[0.613s] -- Install configuration: ""
[0.613s] -- Installing: /home/alex/git/rc-test-dev/sample/colcon_ws/sample/install/my_package/lib/my_package/my_node
[0.614s] -- Installing: /home/alex/git/rc-test-dev/sample/colcon_ws/sample/install/my_package/share/ament_index/resource_index/package_run_dependencies/my_package
[0.614s] -- Installing: /home/alex/git/rc-test-dev/sample/colcon_ws/sample/install/my_package/share/ament_index/resource_index/parent_prefix_path/my_package
[0.614s] -- Installing: /home/alex/git/rc-test-dev/sample/colcon_ws/sample/install/my_package/share/my_package/environment/ament_prefix_path.sh
[0.614s] -- Installing: /home/alex/git/rc-test-dev/sample/colcon_ws/sample/install/my_package/share/my_package/environment/ament_prefix_path.dsv
[0.614s] -- Installing: /home/alex/git/rc-test-dev/sample/colcon_ws/sample/install/my_package/share/my_package/environment/path.sh
[0.614s] -- Installing: /home/alex/git/rc-test-dev/sample/colcon_ws/sample/install/my_package/share/my_package/environment/path.dsv
[0.615s] -- Installing: /home/alex/git/rc-test-dev/sample/colcon_ws/sample/install/my_package/share/my_package/local_setup.bash
[0.615s] -- Installing: /home/alex/git/rc-test-dev/sample/colcon_ws/sample/install/my_package/share/my_package/local_setup.sh
[0.615s] -- Installing: /home/alex/git/rc-test-dev/sample/colcon_ws/sample/install/my_package/share/my_package/local_setup.zsh
[0.615s] -- Installing: /home/alex/git/rc-test-dev/sample/colcon_ws/sample/install/my_package/share/my_package/local_setup.dsv
[0.615s] -- Installing: /home/alex/git/rc-test-dev/sample/colcon_ws/sample/install/my_package/share/my_package/package.dsv
[0.615s] -- Installing: /home/alex/git/rc-test-dev/sample/colcon_ws/sample/install/my_package/share/ament_index/resource_index/packages/my_package
[0.615s] -- Installing: /home/alex/git/rc-test-dev/sample/colcon_ws/sample/install/my_package/share/my_package/cmake/my_packageConfig.cmake
[0.615s] -- Installing: /home/alex/git/rc-test-dev/sample/colcon_ws/sample/install/my_package/share/my_package/cmake/my_packageConfig-version.cmake
[0.615s] -- Installing: /home/alex/git/rc-test-dev/sample/colcon_ws/sample/install/my_package/share/my_package/package.xml
[0.616s] Invoked command in '/home/alex/git/rc-test-dev/sample/colcon_ws/sample/build/my_package' returned '0': CMAKE_PREFIX_PATH=/opt/ros/humble /usr/bin/cmake --install /home/alex/git/rc-test-dev/sample/colcon_ws/sample/build/my_package
