[0.279s] Invoking command in '/home/alex/git/rc-test-dev/sample/colcon_ws/sample/src/py_node': PYTHONPATH=/home/alex/git/rc-test-dev/sample/colcon_ws/sample/build/py_node/prefix_override:/usr/lib/python3/dist-packages/colcon_core/task/python/colcon_distutils_commands:/home/alex/git/rc-test-dev/sample/colcon_ws/sample/install/py_node/lib/python3.10/site-packages:${PYTHONPATH} /usr/bin/python3 -W ignore:setup.py install is deprecated setup.py egg_info --egg-base ../../build/py_node build --build-base /home/alex/git/rc-test-dev/sample/colcon_ws/sample/build/py_node/build install --record /home/alex/git/rc-test-dev/sample/colcon_ws/sample/build/py_node/install.log --single-version-externally-managed install_data
[0.372s] running egg_info
[0.372s] creating ../../build/py_node/py_node.egg-info
[0.372s] writing ../../build/py_node/py_node.egg-info/PKG-INFO
[0.373s] writing dependency_links to ../../build/py_node/py_node.egg-info/dependency_links.txt
[0.373s] writing entry points to ../../build/py_node/py_node.egg-info/entry_points.txt
[0.373s] writing requirements to ../../build/py_node/py_node.egg-info/requires.txt
[0.373s] writing top-level names to ../../build/py_node/py_node.egg-info/top_level.txt
[0.373s] writing manifest file '../../build/py_node/py_node.egg-info/SOURCES.txt'
[0.374s] reading manifest file '../../build/py_node/py_node.egg-info/SOURCES.txt'
[0.374s] writing manifest file '../../build/py_node/py_node.egg-info/SOURCES.txt'
[0.374s] running build
[0.375s] running build_py
[0.375s] creating /home/alex/git/rc-test-dev/sample/colcon_ws/sample/build/py_node/build
[0.375s] creating /home/alex/git/rc-test-dev/sample/colcon_ws/sample/build/py_node/build/lib
[0.375s] creating /home/alex/git/rc-test-dev/sample/colcon_ws/sample/build/py_node/build/lib/py_node
[0.375s] copying py_node/node_sample.py -> /home/alex/git/rc-test-dev/sample/colcon_ws/sample/build/py_node/build/lib/py_node
[0.375s] copying py_node/__init__.py -> /home/alex/git/rc-test-dev/sample/colcon_ws/sample/build/py_node/build/lib/py_node
[0.375s] running install
[0.375s] running install_lib
[0.376s] creating /home/alex/git/rc-test-dev/sample/colcon_ws/sample/install/py_node/lib/python3.10/site-packages/py_node
[0.376s] copying /home/alex/git/rc-test-dev/sample/colcon_ws/sample/build/py_node/build/lib/py_node/node_sample.py -> /home/alex/git/rc-test-dev/sample/colcon_ws/sample/install/py_node/lib/python3.10/site-packages/py_node
[0.376s] copying /home/alex/git/rc-test-dev/sample/colcon_ws/sample/build/py_node/build/lib/py_node/__init__.py -> /home/alex/git/rc-test-dev/sample/colcon_ws/sample/install/py_node/lib/python3.10/site-packages/py_node
[0.376s] byte-compiling /home/alex/git/rc-test-dev/sample/colcon_ws/sample/install/py_node/lib/python3.10/site-packages/py_node/node_sample.py to node_sample.cpython-310.pyc
[0.377s] byte-compiling /home/alex/git/rc-test-dev/sample/colcon_ws/sample/install/py_node/lib/python3.10/site-packages/py_node/__init__.py to __init__.cpython-310.pyc
[0.377s] running install_data
[0.377s] creating /home/alex/git/rc-test-dev/sample/colcon_ws/sample/install/py_node/share/ament_index
[0.377s] creating /home/alex/git/rc-test-dev/sample/colcon_ws/sample/install/py_node/share/ament_index/resource_index
[0.377s] creating /home/alex/git/rc-test-dev/sample/colcon_ws/sample/install/py_node/share/ament_index/resource_index/packages
[0.377s] copying resource/py_node -> /home/alex/git/rc-test-dev/sample/colcon_ws/sample/install/py_node/share/ament_index/resource_index/packages
[0.377s] copying package.xml -> /home/alex/git/rc-test-dev/sample/colcon_ws/sample/install/py_node/share/py_node
[0.377s] running install_egg_info
[0.378s] Copying ../../build/py_node/py_node.egg-info to /home/alex/git/rc-test-dev/sample/colcon_ws/sample/install/py_node/lib/python3.10/site-packages/py_node-0.0.0-py3.10.egg-info
[0.379s] running install_scripts
[0.392s] writing list of installed files to '/home/alex/git/rc-test-dev/sample/colcon_ws/sample/build/py_node/install.log'
[0.406s] Invoked command in '/home/alex/git/rc-test-dev/sample/colcon_ws/sample/src/py_node' returned '0': PYTHONPATH=/home/alex/git/rc-test-dev/sample/colcon_ws/sample/build/py_node/prefix_override:/usr/lib/python3/dist-packages/colcon_core/task/python/colcon_distutils_commands:/home/alex/git/rc-test-dev/sample/colcon_ws/sample/install/py_node/lib/python3.10/site-packages:${PYTHONPATH} /usr/bin/python3 -W ignore:setup.py install is deprecated setup.py egg_info --egg-base ../../build/py_node build --build-base /home/alex/git/rc-test-dev/sample/colcon_ws/sample/build/py_node/build install --record /home/alex/git/rc-test-dev/sample/colcon_ws/sample/build/py_node/install.log --single-version-externally-managed install_data
