[0.319s] Invoking command in '/home/alex/git/rc-test-dev/sample/colcon_ws/sample/src/py_node': PYTHONPATH=/home/alex/git/rc-test-dev/sample/colcon_ws/sample/build/py_node/prefix_override:/usr/lib/python3/dist-packages/colcon_core/task/python/colcon_distutils_commands:/home/alex/git/rc-test-dev/sample/colcon_ws/sample/install/py_node/lib/python3.10/site-packages:${PYTHONPATH} /usr/bin/python3 -W ignore:setup.py install is deprecated setup.py egg_info --egg-base ../../build/py_node build --build-base /home/alex/git/rc-test-dev/sample/colcon_ws/sample/build/py_node/build install --record /home/alex/git/rc-test-dev/sample/colcon_ws/sample/build/py_node/install.log --single-version-externally-managed install_data
[0.436s] running egg_info
[0.436s] writing ../../build/py_node/py_node.egg-info/PKG-INFO
[0.436s] writing dependency_links to ../../build/py_node/py_node.egg-info/dependency_links.txt
[0.436s] writing entry points to ../../build/py_node/py_node.egg-info/entry_points.txt
[0.436s] writing requirements to ../../build/py_node/py_node.egg-info/requires.txt
[0.436s] writing top-level names to ../../build/py_node/py_node.egg-info/top_level.txt
[0.438s] reading manifest file '../../build/py_node/py_node.egg-info/SOURCES.txt'
[0.438s] writing manifest file '../../build/py_node/py_node.egg-info/SOURCES.txt'
[0.438s] running build
[0.438s] running build_py
[0.438s] running install
[0.439s] running install_lib
[0.439s] running install_data
[0.439s] running install_egg_info
[0.441s] removing '/home/alex/git/rc-test-dev/sample/colcon_ws/sample/install/py_node/lib/python3.10/site-packages/py_node-0.0.0-py3.10.egg-info' (and everything under it)
[0.441s] Copying ../../build/py_node/py_node.egg-info to /home/alex/git/rc-test-dev/sample/colcon_ws/sample/install/py_node/lib/python3.10/site-packages/py_node-0.0.0-py3.10.egg-info
[0.442s] running install_scripts
[0.452s] Installing node_sample script to /home/alex/git/rc-test-dev/sample/colcon_ws/sample/install/py_node/lib/py_node
[0.452s] writing list of installed files to '/home/alex/git/rc-test-dev/sample/colcon_ws/sample/build/py_node/install.log'
[0.464s] Invoked command in '/home/alex/git/rc-test-dev/sample/colcon_ws/sample/src/py_node' returned '0': PYTHONPATH=/home/alex/git/rc-test-dev/sample/colcon_ws/sample/build/py_node/prefix_override:/usr/lib/python3/dist-packages/colcon_core/task/python/colcon_distutils_commands:/home/alex/git/rc-test-dev/sample/colcon_ws/sample/install/py_node/lib/python3.10/site-packages:${PYTHONPATH} /usr/bin/python3 -W ignore:setup.py install is deprecated setup.py egg_info --egg-base ../../build/py_node build --build-base /home/alex/git/rc-test-dev/sample/colcon_ws/sample/build/py_node/build install --record /home/alex/git/rc-test-dev/sample/colcon_ws/sample/build/py_node/install.log --single-version-externally-managed install_data
