-- Found ament_cmake: 1.3.10 (/opt/ros/humble/share/ament_cmake/cmake)
-- Found rosidl_default_generators: 1.2.0 (/opt/ros/humble/share/rosidl_default_generators/cmake)
-- Using all available rosidl_typesupport_c: rosidl_typesupport_fastrtps_c;rosidl_typesupport_introspection_c
-- Found rosidl_adapter: 3.1.5 (/opt/ros/humble/share/rosidl_adapter/cmake)
-- Using all available rosidl_typesupport_cpp: rosidl_typesupport_fastrtps_cpp;rosidl_typesupport_introspection_cpp
[31mCMake Error at /opt/ros/humble/share/rosidl_adapter/cmake/rosidl_adapt_interfaces.cmake:59 (message):
  execute_process(/usr/bin/python3 -m rosidl_adapter --package-name
  sample_interface --arguments-file
  /home/alex/git/rc-test-dev/sample/colcon_ws/sample/build/sample_interface/rosidl_adapter__arguments__sample_interface.json
  --output-dir
  /home/alex/git/rc-test-dev/sample/colcon_ws/sample/build/sample_interface/rosidl_adapter/sample_interface
  --output-file
  /home/alex/git/rc-test-dev/sample/colcon_ws/sample/build/sample_interface/rosidl_adapter/sample_interface.idls)
  returned error code 1:

  KeyError processing template 'struct.idl.em': 'time'

Call Stack (most recent call first):
  /opt/ros/humble/share/rosidl_cmake/cmake/rosidl_generate_interfaces.cmake:130 (rosidl_adapt_interfaces)
  CMakeLists.txt:12 (rosidl_generate_interfaces)

[0m
-- Configuring incomplete, errors occurred!
See also "/home/alex/git/rc-test-dev/sample/colcon_ws/sample/build/sample_interface/CMakeFiles/CMakeOutput.log".
