[0.006s] Invoking command in '/home/alex/git/rc-test-dev/sample/colcon_ws/sample/build/sample_interface': CMAKE_PREFIX_PATH=/opt/ros/humble /usr/bin/cmake /home/alex/git/rc-test-dev/sample/colcon_ws/sample/src/sample_interface -DCMAKE_INSTALL_PREFIX=/home/alex/git/rc-test-dev/sample/colcon_ws/sample/install/sample_interface
[0.012s] -- Found ament_cmake: 1.3.10 (/opt/ros/humble/share/ament_cmake/cmake)
[0.071s] -- Found rosidl_default_generators: 1.2.0 (/opt/ros/humble/share/rosidl_default_generators/cmake)
[0.072s] -- Using all available rosidl_typesupport_c: rosidl_typesupport_fastrtps_c;rosidl_typesupport_introspection_c
[0.073s] -- Found rosidl_adapter: 3.1.5 (/opt/ros/humble/share/rosidl_adapter/cmake)
[0.085s] -- Using all available rosidl_typesupport_cpp: rosidl_typesupport_fastrtps_cpp;rosidl_typesupport_introspection_cpp
[0.149s] [31mCMake Error at /opt/ros/humble/share/rosidl_adapter/cmake/rosidl_adapt_interfaces.cmake:59 (message):
[0.150s]   execute_process(/usr/bin/python3 -m rosidl_adapter --package-name
[0.150s]   sample_interface --arguments-file
[0.150s]   /home/alex/git/rc-test-dev/sample/colcon_ws/sample/build/sample_interface/rosidl_adapter__arguments__sample_interface.json
[0.150s]   --output-dir
[0.150s]   /home/alex/git/rc-test-dev/sample/colcon_ws/sample/build/sample_interface/rosidl_adapter/sample_interface
[0.150s]   --output-file
[0.150s]   /home/alex/git/rc-test-dev/sample/colcon_ws/sample/build/sample_interface/rosidl_adapter/sample_interface.idls)
[0.150s]   returned error code 1:
[0.150s] 
[0.150s]   KeyError processing template 'struct.idl.em': 'time'
[0.150s] 
[0.150s] Call Stack (most recent call first):
[0.150s]   /opt/ros/humble/share/rosidl_cmake/cmake/rosidl_generate_interfaces.cmake:130 (rosidl_adapt_interfaces)
[0.150s]   CMakeLists.txt:12 (rosidl_generate_interfaces)
[0.150s] 
[0.150s] [0m
[0.150s] -- Configuring incomplete, errors occurred!
[0.150s] See also "/home/alex/git/rc-test-dev/sample/colcon_ws/sample/build/sample_interface/CMakeFiles/CMakeOutput.log".
[0.153s] Invoked command in '/home/alex/git/rc-test-dev/sample/colcon_ws/sample/build/sample_interface' returned '1': CMAKE_PREFIX_PATH=/opt/ros/humble /usr/bin/cmake /home/alex/git/rc-test-dev/sample/colcon_ws/sample/src/sample_interface -DCMAKE_INSTALL_PREFIX=/home/alex/git/rc-test-dev/sample/colcon_ws/sample/install/sample_interface
