running egg_info
writing ../../build/py_node/py_node.egg-info/PKG-INFO
writing dependency_links to ../../build/py_node/py_node.egg-info/dependency_links.txt
writing entry points to ../../build/py_node/py_node.egg-info/entry_points.txt
writing requirements to ../../build/py_node/py_node.egg-info/requires.txt
writing top-level names to ../../build/py_node/py_node.egg-info/top_level.txt
reading manifest file '../../build/py_node/py_node.egg-info/SOURCES.txt'
writing manifest file '../../build/py_node/py_node.egg-info/SOURCES.txt'
running build
running build_py
copying py_node/node_sample.py -> /home/alex/git/rc-test-dev/sample/colcon_ws/sample/build/py_node/build/lib/py_node
running install
running install_lib
copying /home/alex/git/rc-test-dev/sample/colcon_ws/sample/build/py_node/build/lib/py_node/node_sample.py -> /home/alex/git/rc-test-dev/sample/colcon_ws/sample/install/py_node/lib/python3.10/site-packages/py_node
byte-compiling /home/alex/git/rc-test-dev/sample/colcon_ws/sample/install/py_node/lib/python3.10/site-packages/py_node/node_sample.py to node_sample.cpython-310.pyc
running install_data
running install_egg_info
removing '/home/alex/git/rc-test-dev/sample/colcon_ws/sample/install/py_node/lib/python3.10/site-packages/py_node-0.0.0-py3.10.egg-info' (and everything under it)
Copying ../../build/py_node/py_node.egg-info to /home/alex/git/rc-test-dev/sample/colcon_ws/sample/install/py_node/lib/python3.10/site-packages/py_node-0.0.0-py3.10.egg-info
running install_scripts
Installing node_sample script to /home/alex/git/rc-test-dev/sample/colcon_ws/sample/install/py_node/lib/py_node
writing list of installed files to '/home/alex/git/rc-test-dev/sample/colcon_ws/sample/build/py_node/install.log'
