[0.278s] Invoking command in '/home/alex/git/rc-test-dev/sample/colcon_ws/sample/src/my_package': PYTHONPATH=/home/alex/git/rc-test-dev/sample/colcon_ws/sample/build/my_package/prefix_override:/usr/lib/python3/dist-packages/colcon_core/task/python/colcon_distutils_commands:/home/alex/git/rc-test-dev/sample/colcon_ws/sample/install/my_package/lib/python3.10/site-packages:${PYTHONPATH} /usr/bin/python3 -W ignore:setup.py install is deprecated setup.py egg_info --egg-base ../../build/my_package build --build-base /home/alex/git/rc-test-dev/sample/colcon_ws/sample/build/my_package/build install --record /home/alex/git/rc-test-dev/sample/colcon_ws/sample/build/my_package/install.log --single-version-externally-managed install_data
[0.376s] running egg_info
[0.376s] creating ../../build/my_package/my_package.egg-info
[0.376s] writing ../../build/my_package/my_package.egg-info/PKG-INFO
[0.376s] writing dependency_links to ../../build/my_package/my_package.egg-info/dependency_links.txt
[0.376s] writing entry points to ../../build/my_package/my_package.egg-info/entry_points.txt
[0.377s] writing requirements to ../../build/my_package/my_package.egg-info/requires.txt
[0.377s] writing top-level names to ../../build/my_package/my_package.egg-info/top_level.txt
[0.377s] writing manifest file '../../build/my_package/my_package.egg-info/SOURCES.txt'
[0.377s] reading manifest file '../../build/my_package/my_package.egg-info/SOURCES.txt'
[0.378s] writing manifest file '../../build/my_package/my_package.egg-info/SOURCES.txt'
[0.378s] running build
[0.378s] running build_py
[0.378s] creating /home/alex/git/rc-test-dev/sample/colcon_ws/sample/build/my_package/build
[0.378s] creating /home/alex/git/rc-test-dev/sample/colcon_ws/sample/build/my_package/build/lib
[0.378s] creating /home/alex/git/rc-test-dev/sample/colcon_ws/sample/build/my_package/build/lib/my_package
[0.378s] copying my_package/my_node.py -> /home/alex/git/rc-test-dev/sample/colcon_ws/sample/build/my_package/build/lib/my_package
[0.379s] copying my_package/__init__.py -> /home/alex/git/rc-test-dev/sample/colcon_ws/sample/build/my_package/build/lib/my_package
[0.379s] running install
[0.379s] running install_lib
[0.379s] creating /home/alex/git/rc-test-dev/sample/colcon_ws/sample/install/my_package/lib/python3.10/site-packages/my_package
[0.379s] copying /home/alex/git/rc-test-dev/sample/colcon_ws/sample/build/my_package/build/lib/my_package/my_node.py -> /home/alex/git/rc-test-dev/sample/colcon_ws/sample/install/my_package/lib/python3.10/site-packages/my_package
[0.379s] copying /home/alex/git/rc-test-dev/sample/colcon_ws/sample/build/my_package/build/lib/my_package/__init__.py -> /home/alex/git/rc-test-dev/sample/colcon_ws/sample/install/my_package/lib/python3.10/site-packages/my_package
[0.379s] byte-compiling /home/alex/git/rc-test-dev/sample/colcon_ws/sample/install/my_package/lib/python3.10/site-packages/my_package/my_node.py to my_node.cpython-310.pyc
[0.380s] byte-compiling /home/alex/git/rc-test-dev/sample/colcon_ws/sample/install/my_package/lib/python3.10/site-packages/my_package/__init__.py to __init__.cpython-310.pyc
[0.380s] running install_data
[0.380s] copying resource/my_package -> /home/alex/git/rc-test-dev/sample/colcon_ws/sample/install/my_package/share/ament_index/resource_index/packages
[0.380s] copying package.xml -> /home/alex/git/rc-test-dev/sample/colcon_ws/sample/install/my_package/share/my_package
[0.380s] running install_egg_info
[0.381s] Copying ../../build/my_package/my_package.egg-info to /home/alex/git/rc-test-dev/sample/colcon_ws/sample/install/my_package/lib/python3.10/site-packages/my_package-0.0.0-py3.10.egg-info
[0.381s] running install_scripts
[0.391s] Installing my_node script to /home/alex/git/rc-test-dev/sample/colcon_ws/sample/install/my_package/lib/my_package
[0.392s] writing list of installed files to '/home/alex/git/rc-test-dev/sample/colcon_ws/sample/build/my_package/install.log'
[0.404s] Invoked command in '/home/alex/git/rc-test-dev/sample/colcon_ws/sample/src/my_package' returned '0': PYTHONPATH=/home/alex/git/rc-test-dev/sample/colcon_ws/sample/build/my_package/prefix_override:/usr/lib/python3/dist-packages/colcon_core/task/python/colcon_distutils_commands:/home/alex/git/rc-test-dev/sample/colcon_ws/sample/install/my_package/lib/python3.10/site-packages:${PYTHONPATH} /usr/bin/python3 -W ignore:setup.py install is deprecated setup.py egg_info --egg-base ../../build/my_package build --build-base /home/alex/git/rc-test-dev/sample/colcon_ws/sample/build/my_package/build install --record /home/alex/git/rc-test-dev/sample/colcon_ws/sample/build/my_package/install.log --single-version-externally-managed install_data
