In file included from [01m[K/home/alex/git/rc-test-dev/sample/colcon_ws/sample/build/sample_interface/rosidl_generator_c/sample_interface/msg/detail/input_accepted__functions.h:19[m[K,
                 from [01m[K/home/alex/git/rc-test-dev/sample/colcon_ws/sample/build/sample_interface/rosidl_generator_c/sample_interface/msg/detail/input_accepted__functions.c:4[m[K:
[01m[K/home/alex/git/rc-test-dev/sample/colcon_ws/sample/build/sample_interface/rosidl_generator_c/sample_interface/msg/detail/input_accepted__struct.h:22:10:[m[K [01;31m[Kfatal error: [m[Kbuiltin_interfaces/msg/detail/time__struct.h: No such file or directory
   22 | #include [01;31m[K"builtin_interfaces/msg/detail/time__struct.h"[m[K
      |          [01;31m[K^~~~~~~~~~~~~~~~~~~~~~~~~~~~~~~~~~~~~~~~~~~~~~[m[K
compilation terminated.
gmake[2]: *** [CMakeFiles/sample_interface__rosidl_generator_c.dir/build.make:151: CMakeFiles/sample_interface__rosidl_generator_c.dir/rosidl_generator_c/sample_interface/msg/detail/input_accepted__functions.c.o] Error 1
gmake[2]: *** Waiting for unfinished jobs....
gmake[1]: *** [CMakeFiles/Makefile2:213: CMakeFiles/sample_interface__rosidl_generator_c.dir/all] Error 2
gmake[1]: *** Waiting for unfinished jobs....
In file included from [01m[K/home/alex/git/rc-test-dev/sample/colcon_ws/sample/build/sample_interface/rosidl_typesupport_cpp/sample_interface/msg/input_accepted__type_support.cpp:7[m[K:
[01m[K/home/alex/git/rc-test-dev/sample/colcon_ws/sample/build/sample_interface/rosidl_generator_cpp/sample_interface/msg/detail/input_accepted__struct.hpp:20:10:[m[K [01;31m[Kfatal error: [m[Kbuiltin_interfaces/msg/detail/time__struct.hpp: No such file or directory
   20 | #include [01;31m[K"builtin_interfaces/msg/detail/time__struct.hpp"[m[K
      |          [01;31m[K^~~~~~~~~~~~~~~~~~~~~~~~~~~~~~~~~~~~~~~~~~~~~~~~[m[K
compilation terminated.
In file included from [01m[K/home/alex/git/rc-test-dev/sample/colcon_ws/sample/build/sample_interface/rosidl_typesupport_cpp/sample_interface/msg/output__type_support.cpp:7[m[K:
[01m[K/home/alex/git/rc-test-dev/sample/colcon_ws/sample/build/sample_interface/rosidl_generator_cpp/sample_interface/msg/detail/output__struct.hpp:20:10:[m[K [01;31m[Kfatal error: [m[Kbuiltin_interfaces/msg/detail/time__struct.hpp: No such file or directory
   20 | #include [01;31m[K"builtin_interfaces/msg/detail/time__struct.hpp"[m[K
      |          [01;31m[K^~~~~~~~~~~~~~~~~~~~~~~~~~~~~~~~~~~~~~~~~~~~~~~~[m[K
compilation terminated.
gmake[2]: *** [CMakeFiles/sample_interface__rosidl_typesupport_cpp.dir/build.make:108: CMakeFiles/sample_interface__rosidl_typesupport_cpp.dir/rosidl_typesupport_cpp/sample_interface/msg/input_accepted__type_support.cpp.o] Error 1
gmake[2]: *** Waiting for unfinished jobs....
gmake[2]: *** [CMakeFiles/sample_interface__rosidl_typesupport_cpp.dir/build.make:122: CMakeFiles/sample_interface__rosidl_typesupport_cpp.dir/rosidl_typesupport_cpp/sample_interface/msg/output__type_support.cpp.o] Error 1
In file included from [01m[K/home/alex/git/rc-test-dev/sample/colcon_ws/sample/build/sample_interface/rosidl_typesupport_fastrtps_cpp/sample_interface/msg/detail/input_accepted__rosidl_typesupport_fastrtps_cpp.hpp:11[m[K,
                 from [01m[K/home/alex/git/rc-test-dev/sample/colcon_ws/sample/build/sample_interface/rosidl_typesupport_fastrtps_cpp/sample_interface/msg/detail/dds_fastrtps/input_accepted__type_support.cpp:4[m[K:
[01m[K/home/alex/git/rc-test-dev/sample/colcon_ws/sample/build/sample_interface/rosidl_generator_cpp/sample_interface/msg/detail/input_accepted__struct.hpp:20:10:[m[K [01;31m[Kfatal error: [m[Kbuiltin_interfaces/msg/detail/time__struct.hpp: No such file or directory
   20 | #include [01;31m[K"builtin_interfaces/msg/detail/time__struct.hpp"[m[K
      |          [01;31m[K^~~~~~~~~~~~~~~~~~~~~~~~~~~~~~~~~~~~~~~~~~~~~~~~[m[K
compilation terminated.
gmake[2]: *** [CMakeFiles/sample_interface__rosidl_typesupport_fastrtps_cpp.dir/build.make:119: CMakeFiles/sample_interface__rosidl_typesupport_fastrtps_cpp.dir/rosidl_typesupport_fastrtps_cpp/sample_interface/msg/detail/dds_fastrtps/input_accepted__type_support.cpp.o] Error 1
gmake[2]: *** Waiting for unfinished jobs....
In file included from [01m[K/home/alex/git/rc-test-dev/sample/colcon_ws/sample/build/sample_interface/rosidl_typesupport_introspection_cpp/sample_interface/msg/detail/input_accepted__type_support.cpp:12[m[K:
[01m[K/home/alex/git/rc-test-dev/sample/colcon_ws/sample/build/sample_interface/rosidl_generator_cpp/sample_interface/msg/detail/input_accepted__struct.hpp:20:10:[m[K [01;31m[Kfatal error: [m[Kbuiltin_interfaces/msg/detail/time__struct.hpp: No such file or directory
   20 | #include [01;31m[K"builtin_interfaces/msg/detail/time__struct.hpp"[m[K
      |          [01;31m[K^~~~~~~~~~~~~~~~~~~~~~~~~~~~~~~~~~~~~~~~~~~~~~~~[m[K
compilation terminated.
gmake[2]: *** [CMakeFiles/sample_interface__rosidl_typesupport_introspection_cpp.dir/build.make:119: CMakeFiles/sample_interface__rosidl_typesupport_introspection_cpp.dir/rosidl_typesupport_introspection_cpp/sample_interface/msg/detail/input_accepted__type_support.cpp.o] Error 1
gmake[2]: *** Waiting for unfinished jobs....
In file included from [01m[K/home/alex/git/rc-test-dev/sample/colcon_ws/sample/build/sample_interface/rosidl_typesupport_introspection_cpp/sample_interface/msg/detail/output__type_support.cpp:12[m[K:
[01m[K/home/alex/git/rc-test-dev/sample/colcon_ws/sample/build/sample_interface/rosidl_generator_cpp/sample_interface/msg/detail/output__struct.hpp:20:10:[m[K [01;31m[Kfatal error: [m[Kbuiltin_interfaces/msg/detail/time__struct.hpp: No such file or directory
   20 | #include [01;31m[K"builtin_interfaces/msg/detail/time__struct.hpp"[m[K
      |          [01;31m[K^~~~~~~~~~~~~~~~~~~~~~~~~~~~~~~~~~~~~~~~~~~~~~~~[m[K
compilation terminated.
gmake[2]: *** [CMakeFiles/sample_interface__rosidl_typesupport_introspection_cpp.dir/build.make:133: CMakeFiles/sample_interface__rosidl_typesupport_introspection_cpp.dir/rosidl_typesupport_introspection_cpp/sample_interface/msg/detail/output__type_support.cpp.o] Error 1
gmake[1]: *** [CMakeFiles/Makefile2:395: CMakeFiles/sample_interface__rosidl_typesupport_cpp.dir/all] Error 2
gmake[1]: *** [CMakeFiles/Makefile2:369: CMakeFiles/sample_interface__rosidl_typesupport_introspection_cpp.dir/all] Error 2
gmake[1]: *** [CMakeFiles/Makefile2:291: CMakeFiles/sample_interface__rosidl_typesupport_fastrtps_cpp.dir/all] Error 2
gmake: *** [Makefile:146: all] Error 2
