-- Found ament_cmake: 1.3.10 (/opt/ros/humble/share/ament_cmake/cmake)
-- Found std_msgs: 4.2.4 (/opt/ros/humble/share/std_msgs/cmake)
-- Found rosidl_generator_c: 3.1.5 (/opt/ros/humble/share/rosidl_generator_c/cmake)
-- Found rosidl_adapter: 3.1.5 (/opt/ros/humble/share/rosidl_adapter/cmake)
-- Found rosidl_generator_cpp: 3.1.5 (/opt/ros/humble/share/rosidl_generator_cpp/cmake)
-- Using all available rosidl_typesupport_c: rosidl_typesupport_fastrtps_c;rosidl_typesupport_introspection_c
-- Using all available rosidl_typesupport_cpp: rosidl_typesupport_fastrtps_cpp;rosidl_typesupport_introspection_cpp
-- Found rosidl_default_generators: 1.2.0 (/opt/ros/humble/share/rosidl_default_generators/cmake)
-- Found ament_cmake_ros: 0.10.0 (/opt/ros/humble/share/ament_cmake_ros/cmake)
-- Using all available rosidl_typesupport_c: rosidl_typesupport_fastrtps_c;rosidl_typesupport_introspection_c
-- Using all available rosidl_typesupport_cpp: rosidl_typesupport_fastrtps_cpp;rosidl_typesupport_introspection_cpp
-- Found PythonInterp: /usr/bin/python3 (found suitable version "3.10.12", minimum required is "3.6") 
-- Found python_cmake_module: 0.10.0 (/opt/ros/humble/share/python_cmake_module/cmake)
-- Found PythonLibs: /usr/lib/aarch64-linux-gnu/libpython3.10.so (found suitable version "3.10.12", minimum required is "3.5") 
-- Using PYTHON_EXECUTABLE: /usr/bin/python3
-- Using PYTHON_INCLUDE_DIRS: /usr/include/python3.10
-- Using PYTHON_LIBRARIES: /usr/lib/aarch64-linux-gnu/libpython3.10.so
-- Found PythonExtra: .so  
-- Found ament_lint_auto: 0.12.11 (/opt/ros/humble/share/ament_lint_auto/cmake)
-- Added test 'lint_cmake' to check CMake code style
-- Added test 'xmllint' to check XML markup files
-- Configuring done
-- Generating done
-- Build files have been written to: /home/alex/git/rc-test-dev/sample/colcon_ws/sample/build/sample_interface
[  2%] [34m[1mGenerating C code for ROS interfaces[0m
[  4%] [34m[1mGenerating C++ code for ROS interfaces[0m
[  4%] Built target ament_cmake_python_copy_sample_interface
running egg_info
creating sample_interface.egg-info
writing sample_interface.egg-info/PKG-INFO
writing dependency_links to sample_interface.egg-info/dependency_links.txt
writing top-level names to sample_interface.egg-info/top_level.txt
writing manifest file 'sample_interface.egg-info/SOURCES.txt'
reading manifest file 'sample_interface.egg-info/SOURCES.txt'
writing manifest file 'sample_interface.egg-info/SOURCES.txt'
[  4%] Built target ament_cmake_python_build_sample_interface_egg
[  4%] Built target sample_interface__cpp
[  6%] [34m[1mGenerating C++ type support for eProsima Fast-RTPS[0m
[  8%] [34m[1mGenerating C++ type support dispatch for ROS interfaces[0m
[ 10%] [34m[1mGenerating C++ introspection for ROS interfaces[0m
[ 14%] [32mBuilding C object CMakeFiles/sample_interface__rosidl_generator_c.dir/rosidl_generator_c/sample_interface/msg/detail/input__functions.c.o[0m
[ 14%] [32mBuilding C object CMakeFiles/sample_interface__rosidl_generator_c.dir/rosidl_generator_c/sample_interface/msg/detail/input_accepted__functions.c.o[0m
In file included from [01m[K/home/alex/git/rc-test-dev/sample/colcon_ws/sample/build/sample_interface/rosidl_generator_c/sample_interface/msg/detail/input_accepted__functions.h:19[m[K,
                 from [01m[K/home/alex/git/rc-test-dev/sample/colcon_ws/sample/build/sample_interface/rosidl_generator_c/sample_interface/msg/detail/input_accepted__functions.c:4[m[K:
[01m[K/home/alex/git/rc-test-dev/sample/colcon_ws/sample/build/sample_interface/rosidl_generator_c/sample_interface/msg/detail/input_accepted__struct.h:22:10:[m[K [01;31m[Kfatal error: [m[Kbuiltin_interfaces/msg/detail/time__struct.h: No such file or directory
   22 | #include [01;31m[K"builtin_interfaces/msg/detail/time__struct.h"[m[K
      |          [01;31m[K^~~~~~~~~~~~~~~~~~~~~~~~~~~~~~~~~~~~~~~~~~~~~~[m[K
compilation terminated.
gmake[2]: *** [CMakeFiles/sample_interface__rosidl_generator_c.dir/build.make:151: CMakeFiles/sample_interface__rosidl_generator_c.dir/rosidl_generator_c/sample_interface/msg/detail/input_accepted__functions.c.o] Error 1
gmake[2]: *** Waiting for unfinished jobs....
gmake[1]: *** [CMakeFiles/Makefile2:213: CMakeFiles/sample_interface__rosidl_generator_c.dir/all] Error 2
gmake[1]: *** Waiting for unfinished jobs....
[ 21%] [32mBuilding CXX object CMakeFiles/sample_interface__rosidl_typesupport_cpp.dir/rosidl_typesupport_cpp/sample_interface/msg/input__type_support.cpp.o[0m
[ 21%] [32mBuilding CXX object CMakeFiles/sample_interface__rosidl_typesupport_cpp.dir/rosidl_typesupport_cpp/sample_interface/msg/input_accepted__type_support.cpp.o[0m
[ 21%] [32mBuilding CXX object CMakeFiles/sample_interface__rosidl_typesupport_cpp.dir/rosidl_typesupport_cpp/sample_interface/msg/output__type_support.cpp.o[0m
[ 23%] [32mBuilding CXX object CMakeFiles/sample_interface__rosidl_typesupport_introspection_cpp.dir/rosidl_typesupport_introspection_cpp/sample_interface/msg/detail/input__type_support.cpp.o[0m
[ 25%] [32mBuilding CXX object CMakeFiles/sample_interface__rosidl_typesupport_fastrtps_cpp.dir/rosidl_typesupport_fastrtps_cpp/sample_interface/msg/detail/dds_fastrtps/input__type_support.cpp.o[0m
In file included from [01m[K/home/alex/git/rc-test-dev/sample/colcon_ws/sample/build/sample_interface/rosidl_typesupport_cpp/sample_interface/msg/input_accepted__type_support.cpp:7[m[K:
[01m[K/home/alex/git/rc-test-dev/sample/colcon_ws/sample/build/sample_interface/rosidl_generator_cpp/sample_interface/msg/detail/input_accepted__struct.hpp:20:10:[m[K [01;31m[Kfatal error: [m[Kbuiltin_interfaces/msg/detail/time__struct.hpp: No such file or directory
   20 | #include [01;31m[K"builtin_interfaces/msg/detail/time__struct.hpp"[m[K
      |          [01;31m[K^~~~~~~~~~~~~~~~~~~~~~~~~~~~~~~~~~~~~~~~~~~~~~~~[m[K
compilation terminated.
In file included from [01m[K/home/alex/git/rc-test-dev/sample/colcon_ws/sample/build/sample_interface/rosidl_typesupport_cpp/sample_interface/msg/output__type_support.cpp:7[m[K:
[01m[K/home/alex/git/rc-test-dev/sample/colcon_ws/sample/build/sample_interface/rosidl_generator_cpp/sample_interface/msg/detail/output__struct.hpp:20:10:[m[K [01;31m[Kfatal error: [m[Kbuiltin_interfaces/msg/detail/time__struct.hpp: No such file or directory
   20 | #include [01;31m[K"builtin_interfaces/msg/detail/time__struct.hpp"[m[K
      |          [01;31m[K^~~~~~~~~~~~~~~~~~~~~~~~~~~~~~~~~~~~~~~~~~~~~~~~[m[K
compilation terminated.
gmake[2]: *** [CMakeFiles/sample_interface__rosidl_typesupport_cpp.dir/build.make:108: CMakeFiles/sample_interface__rosidl_typesupport_cpp.dir/rosidl_typesupport_cpp/sample_interface/msg/input_accepted__type_support.cpp.o] Error 1
gmake[2]: *** Waiting for unfinished jobs....
gmake[2]: *** [CMakeFiles/sample_interface__rosidl_typesupport_cpp.dir/build.make:122: CMakeFiles/sample_interface__rosidl_typesupport_cpp.dir/rosidl_typesupport_cpp/sample_interface/msg/output__type_support.cpp.o] Error 1
[ 29%] [32mBuilding CXX object CMakeFiles/sample_interface__rosidl_typesupport_fastrtps_cpp.dir/rosidl_typesupport_fastrtps_cpp/sample_interface/msg/detail/dds_fastrtps/input_accepted__type_support.cpp.o[0m
[ 29%] [32mBuilding CXX object CMakeFiles/sample_interface__rosidl_typesupport_introspection_cpp.dir/rosidl_typesupport_introspection_cpp/sample_interface/msg/detail/input_accepted__type_support.cpp.o[0m
In file included from [01m[K/home/alex/git/rc-test-dev/sample/colcon_ws/sample/build/sample_interface/rosidl_typesupport_fastrtps_cpp/sample_interface/msg/detail/input_accepted__rosidl_typesupport_fastrtps_cpp.hpp:11[m[K,
                 from [01m[K/home/alex/git/rc-test-dev/sample/colcon_ws/sample/build/sample_interface/rosidl_typesupport_fastrtps_cpp/sample_interface/msg/detail/dds_fastrtps/input_accepted__type_support.cpp:4[m[K:
[01m[K/home/alex/git/rc-test-dev/sample/colcon_ws/sample/build/sample_interface/rosidl_generator_cpp/sample_interface/msg/detail/input_accepted__struct.hpp:20:10:[m[K [01;31m[Kfatal error: [m[Kbuiltin_interfaces/msg/detail/time__struct.hpp: No such file or directory
   20 | #include [01;31m[K"builtin_interfaces/msg/detail/time__struct.hpp"[m[K
      |          [01;31m[K^~~~~~~~~~~~~~~~~~~~~~~~~~~~~~~~~~~~~~~~~~~~~~~~[m[K
compilation terminated.
gmake[2]: *** [CMakeFiles/sample_interface__rosidl_typesupport_fastrtps_cpp.dir/build.make:119: CMakeFiles/sample_interface__rosidl_typesupport_fastrtps_cpp.dir/rosidl_typesupport_fastrtps_cpp/sample_interface/msg/detail/dds_fastrtps/input_accepted__type_support.cpp.o] Error 1
gmake[2]: *** Waiting for unfinished jobs....
In file included from [01m[K/home/alex/git/rc-test-dev/sample/colcon_ws/sample/build/sample_interface/rosidl_typesupport_introspection_cpp/sample_interface/msg/detail/input_accepted__type_support.cpp:12[m[K:
[01m[K/home/alex/git/rc-test-dev/sample/colcon_ws/sample/build/sample_interface/rosidl_generator_cpp/sample_interface/msg/detail/input_accepted__struct.hpp:20:10:[m[K [01;31m[Kfatal error: [m[Kbuiltin_interfaces/msg/detail/time__struct.hpp: No such file or directory
   20 | #include [01;31m[K"builtin_interfaces/msg/detail/time__struct.hpp"[m[K
      |          [01;31m[K^~~~~~~~~~~~~~~~~~~~~~~~~~~~~~~~~~~~~~~~~~~~~~~~[m[K
compilation terminated.
gmake[2]: *** [CMakeFiles/sample_interface__rosidl_typesupport_introspection_cpp.dir/build.make:119: CMakeFiles/sample_interface__rosidl_typesupport_introspection_cpp.dir/rosidl_typesupport_introspection_cpp/sample_interface/msg/detail/input_accepted__type_support.cpp.o] Error 1
gmake[2]: *** Waiting for unfinished jobs....
[ 31%] [32mBuilding CXX object CMakeFiles/sample_interface__rosidl_typesupport_introspection_cpp.dir/rosidl_typesupport_introspection_cpp/sample_interface/msg/detail/output__type_support.cpp.o[0m
In file included from [01m[K/home/alex/git/rc-test-dev/sample/colcon_ws/sample/build/sample_interface/rosidl_typesupport_introspection_cpp/sample_interface/msg/detail/output__type_support.cpp:12[m[K:
[01m[K/home/alex/git/rc-test-dev/sample/colcon_ws/sample/build/sample_interface/rosidl_generator_cpp/sample_interface/msg/detail/output__struct.hpp:20:10:[m[K [01;31m[Kfatal error: [m[Kbuiltin_interfaces/msg/detail/time__struct.hpp: No such file or directory
   20 | #include [01;31m[K"builtin_interfaces/msg/detail/time__struct.hpp"[m[K
      |          [01;31m[K^~~~~~~~~~~~~~~~~~~~~~~~~~~~~~~~~~~~~~~~~~~~~~~~[m[K
compilation terminated.
gmake[2]: *** [CMakeFiles/sample_interface__rosidl_typesupport_introspection_cpp.dir/build.make:133: CMakeFiles/sample_interface__rosidl_typesupport_introspection_cpp.dir/rosidl_typesupport_introspection_cpp/sample_interface/msg/detail/output__type_support.cpp.o] Error 1
gmake[1]: *** [CMakeFiles/Makefile2:395: CMakeFiles/sample_interface__rosidl_typesupport_cpp.dir/all] Error 2
gmake[1]: *** [CMakeFiles/Makefile2:369: CMakeFiles/sample_interface__rosidl_typesupport_introspection_cpp.dir/all] Error 2
gmake[1]: *** [CMakeFiles/Makefile2:291: CMakeFiles/sample_interface__rosidl_typesupport_fastrtps_cpp.dir/all] Error 2
gmake: *** [Makefile:146: all] Error 2
