-- Found ament_cmake: 1.3.10 (/opt/ros/humble/share/ament_cmake/cmake)
-- Found std_msgs: 4.2.4 (/opt/ros/humble/share/std_msgs/cmake)
-- Found rosidl_generator_c: 3.1.5 (/opt/ros/humble/share/rosidl_generator_c/cmake)
-- Found rosidl_adapter: 3.1.5 (/opt/ros/humble/share/rosidl_adapter/cmake)
-- Found rosidl_generator_cpp: 3.1.5 (/opt/ros/humble/share/rosidl_generator_cpp/cmake)
-- Using all available rosidl_typesupport_c: rosidl_typesupport_fastrtps_c;rosidl_typesupport_introspection_c
-- Using all available rosidl_typesupport_cpp: rosidl_typesupport_fastrtps_cpp;rosidl_typesupport_introspection_cpp
-- Found rosidl_default_generators: 1.2.0 (/opt/ros/humble/share/rosidl_default_generators/cmake)
-- Found ament_cmake_ros: 0.10.0 (/opt/ros/humble/share/ament_cmake_ros/cmake)
-- Using all available rosidl_typesupport_c: rosidl_typesupport_fastrtps_c;rosidl_typesupport_introspection_c
-- Using all available rosidl_typesupport_cpp: rosidl_typesupport_fastrtps_cpp;rosidl_typesupport_introspection_cpp
-- Found PythonInterp: /usr/bin/python3 (found suitable version "3.10.12", minimum required is "3.6") 
-- Found python_cmake_module: 0.10.0 (/opt/ros/humble/share/python_cmake_module/cmake)
-- Found PythonLibs: /usr/lib/aarch64-linux-gnu/libpython3.10.so (found suitable version "3.10.12", minimum required is "3.5") 
-- Using PYTHON_EXECUTABLE: /usr/bin/python3
-- Using PYTHON_INCLUDE_DIRS: /usr/include/python3.10
-- Using PYTHON_LIBRARIES: /usr/lib/aarch64-linux-gnu/libpython3.10.so
-- Found PythonExtra: .so  
-- Found ament_lint_auto: 0.12.11 (/opt/ros/humble/share/ament_lint_auto/cmake)
-- Added test 'lint_cmake' to check CMake code style
-- Added test 'xmllint' to check XML markup files
-- Configuring done
-- Generating done
-- Build files have been written to: /home/alex/git/rc-test-dev/sample/colcon_ws/sample/build/sample_interface
[  2%] [34m[1mGenerating C code for ROS interfaces[0m
[  4%] [34m[1mGenerating C++ code for ROS interfaces[0m
[  4%] Built target ament_cmake_python_copy_sample_interface
running egg_info
creating sample_interface.egg-info
writing sample_interface.egg-info/PKG-INFO
writing dependency_links to sample_interface.egg-info/dependency_links.txt
writing top-level names to sample_interface.egg-info/top_level.txt
writing manifest file 'sample_interface.egg-info/SOURCES.txt'
reading manifest file 'sample_interface.egg-info/SOURCES.txt'
writing manifest file 'sample_interface.egg-info/SOURCES.txt'
[  4%] Built target ament_cmake_python_build_sample_interface_egg
[  4%] Built target sample_interface__cpp
[  6%] [34m[1mGenerating C++ type support for eProsima Fast-RTPS[0m
[  8%] [34m[1mGenerating C++ type support dispatch for ROS interfaces[0m
[ 10%] [34m[1mGenerating C++ introspection for ROS interfaces[0m
[ 14%] [32mBuilding C object CMakeFiles/sample_interface__rosidl_generator_c.dir/rosidl_generator_c/sample_interface/msg/detail/input__functions.c.o[0m
[ 14%] [32mBuilding C object CMakeFiles/sample_interface__rosidl_generator_c.dir/rosidl_generator_c/sample_interface/msg/detail/input_accepted__functions.c.o[0m
[ 21%] [32mBuilding CXX object CMakeFiles/sample_interface__rosidl_typesupport_cpp.dir/rosidl_typesupport_cpp/sample_interface/msg/input__type_support.cpp.o[0m
[ 21%] [32mBuilding CXX object CMakeFiles/sample_interface__rosidl_typesupport_cpp.dir/rosidl_typesupport_cpp/sample_interface/msg/input_accepted__type_support.cpp.o[0m
[ 21%] [32mBuilding CXX object CMakeFiles/sample_interface__rosidl_typesupport_cpp.dir/rosidl_typesupport_cpp/sample_interface/msg/output__type_support.cpp.o[0m
[ 23%] [32mBuilding CXX object CMakeFiles/sample_interface__rosidl_typesupport_introspection_cpp.dir/rosidl_typesupport_introspection_cpp/sample_interface/msg/detail/input__type_support.cpp.o[0m
[ 25%] [32mBuilding CXX object CMakeFiles/sample_interface__rosidl_typesupport_fastrtps_cpp.dir/rosidl_typesupport_fastrtps_cpp/sample_interface/msg/detail/dds_fastrtps/input__type_support.cpp.o[0m
[ 29%] [32mBuilding CXX object CMakeFiles/sample_interface__rosidl_typesupport_fastrtps_cpp.dir/rosidl_typesupport_fastrtps_cpp/sample_interface/msg/detail/dds_fastrtps/input_accepted__type_support.cpp.o[0m
[ 29%] [32mBuilding CXX object CMakeFiles/sample_interface__rosidl_typesupport_introspection_cpp.dir/rosidl_typesupport_introspection_cpp/sample_interface/msg/detail/input_accepted__type_support.cpp.o[0m
[ 31%] [32mBuilding CXX object CMakeFiles/sample_interface__rosidl_typesupport_introspection_cpp.dir/rosidl_typesupport_introspection_cpp/sample_interface/msg/detail/output__type_support.cpp.o[0m
