[0.006s] Invoking command in '/home/alex/git/rc-test-dev/sample/colcon_ws/sample/build/sample_interface': CMAKE_PREFIX_PATH=/opt/ros/humble /usr/bin/cmake /home/alex/git/rc-test-dev/sample/colcon_ws/sample/src/sample_interface -DCMAKE_INSTALL_PREFIX=/home/alex/git/rc-test-dev/sample/colcon_ws/sample/install/sample_interface
[0.014s] -- Found ament_cmake: 1.3.10 (/opt/ros/humble/share/ament_cmake/cmake)
[0.077s] -- Found std_msgs: 4.2.4 (/opt/ros/humble/share/std_msgs/cmake)
[0.092s] -- Found rosidl_generator_c: 3.1.5 (/opt/ros/humble/share/rosidl_generator_c/cmake)
[0.093s] -- Found rosidl_adapter: 3.1.5 (/opt/ros/humble/share/rosidl_adapter/cmake)
[0.095s] -- Found rosidl_generator_cpp: 3.1.5 (/opt/ros/humble/share/rosidl_generator_cpp/cmake)
[0.099s] -- Using all available rosidl_typesupport_c: rosidl_typesupport_fastrtps_c;rosidl_typesupport_introspection_c
[0.103s] -- Using all available rosidl_typesupport_cpp: rosidl_typesupport_fastrtps_cpp;rosidl_typesupport_introspection_cpp
[0.117s] -- Found rosidl_default_generators: 1.2.0 (/opt/ros/humble/share/rosidl_default_generators/cmake)
[0.231s] -- Found ament_cmake_ros: 0.10.0 (/opt/ros/humble/share/ament_cmake_ros/cmake)
[0.369s] -- Using all available rosidl_typesupport_c: rosidl_typesupport_fastrtps_c;rosidl_typesupport_introspection_c
[0.422s] -- Using all available rosidl_typesupport_cpp: rosidl_typesupport_fastrtps_cpp;rosidl_typesupport_introspection_cpp
[0.434s] -- Found PythonInterp: /usr/bin/python3 (found suitable version "3.10.12", minimum required is "3.6") 
[0.435s] -- Found python_cmake_module: 0.10.0 (/opt/ros/humble/share/python_cmake_module/cmake)
[0.450s] -- Found PythonLibs: /usr/lib/aarch64-linux-gnu/libpython3.10.so (found suitable version "3.10.12", minimum required is "3.5") 
[0.450s] -- Using PYTHON_EXECUTABLE: /usr/bin/python3
[0.450s] -- Using PYTHON_INCLUDE_DIRS: /usr/include/python3.10
[0.450s] -- Using PYTHON_LIBRARIES: /usr/lib/aarch64-linux-gnu/libpython3.10.so
[0.459s] -- Found PythonExtra: .so  
[0.475s] -- Found ament_lint_auto: 0.12.11 (/opt/ros/humble/share/ament_lint_auto/cmake)
[0.490s] -- Added test 'lint_cmake' to check CMake code style
[0.490s] -- Added test 'xmllint' to check XML markup files
[0.492s] -- Configuring done
[0.506s] -- Generating done
[0.507s] -- Build files have been written to: /home/alex/git/rc-test-dev/sample/colcon_ws/sample/build/sample_interface
[0.511s] Invoked command in '/home/alex/git/rc-test-dev/sample/colcon_ws/sample/build/sample_interface' returned '0': CMAKE_PREFIX_PATH=/opt/ros/humble /usr/bin/cmake /home/alex/git/rc-test-dev/sample/colcon_ws/sample/src/sample_interface -DCMAKE_INSTALL_PREFIX=/home/alex/git/rc-test-dev/sample/colcon_ws/sample/install/sample_interface
[0.511s] Invoking command in '/home/alex/git/rc-test-dev/sample/colcon_ws/sample/build/sample_interface': CMAKE_PREFIX_PATH=/opt/ros/humble /usr/bin/cmake --build /home/alex/git/rc-test-dev/sample/colcon_ws/sample/build/sample_interface -- -j5 -l5
[0.529s] [  2%] [34m[1mGenerating C code for ROS interfaces[0m
[0.533s] [  4%] [34m[1mGenerating C++ code for ROS interfaces[0m
[0.537s] [  4%] Built target ament_cmake_python_copy_sample_interface
[0.640s] running egg_info
[0.640s] creating sample_interface.egg-info
[0.640s] writing sample_interface.egg-info/PKG-INFO
[0.641s] writing dependency_links to sample_interface.egg-info/dependency_links.txt
[0.641s] writing top-level names to sample_interface.egg-info/top_level.txt
[0.641s] writing manifest file 'sample_interface.egg-info/SOURCES.txt'
[0.642s] reading manifest file 'sample_interface.egg-info/SOURCES.txt'
[0.642s] writing manifest file 'sample_interface.egg-info/SOURCES.txt'
[0.655s] [  4%] Built target ament_cmake_python_build_sample_interface_egg
[0.689s] [  4%] Built target sample_interface__cpp
[0.693s] [  6%] [34m[1mGenerating C++ type support for eProsima Fast-RTPS[0m
[0.693s] [  8%] [34m[1mGenerating C++ type support dispatch for ROS interfaces[0m
[0.697s] [ 10%] [34m[1mGenerating C++ introspection for ROS interfaces[0m
[0.713s] [ 14%] [32mBuilding C object CMakeFiles/sample_interface__rosidl_generator_c.dir/rosidl_generator_c/sample_interface/msg/detail/input__functions.c.o[0m
[0.714s] [ 14%] [32mBuilding C object CMakeFiles/sample_interface__rosidl_generator_c.dir/rosidl_generator_c/sample_interface/msg/detail/input_accepted__functions.c.o[0m
[0.743s] In file included from [01m[K/home/alex/git/rc-test-dev/sample/colcon_ws/sample/build/sample_interface/rosidl_generator_c/sample_interface/msg/detail/input_accepted__functions.h:19[m[K,
[0.743s]                  from [01m[K/home/alex/git/rc-test-dev/sample/colcon_ws/sample/build/sample_interface/rosidl_generator_c/sample_interface/msg/detail/input_accepted__functions.c:4[m[K:
[0.743s] [01m[K/home/alex/git/rc-test-dev/sample/colcon_ws/sample/build/sample_interface/rosidl_generator_c/sample_interface/msg/detail/input_accepted__struct.h:22:10:[m[K [01;31m[Kfatal error: [m[Kbuiltin_interfaces/msg/detail/time__struct.h: No such file or directory
[0.743s]    22 | #include [01;31m[K"builtin_interfaces/msg/detail/time__struct.h"[m[K
[0.743s]       |          [01;31m[K^~~~~~~~~~~~~~~~~~~~~~~~~~~~~~~~~~~~~~~~~~~~~~[m[K
[0.743s] compilation terminated.
[0.743s] gmake[2]: *** [CMakeFiles/sample_interface__rosidl_generator_c.dir/build.make:151: CMakeFiles/sample_interface__rosidl_generator_c.dir/rosidl_generator_c/sample_interface/msg/detail/input_accepted__functions.c.o] Error 1
[0.743s] gmake[2]: *** Waiting for unfinished jobs....
[0.766s] gmake[1]: *** [CMakeFiles/Makefile2:213: CMakeFiles/sample_interface__rosidl_generator_c.dir/all] Error 2
[0.767s] gmake[1]: *** Waiting for unfinished jobs....
[0.819s] [ 21%] [32mBuilding CXX object CMakeFiles/sample_interface__rosidl_typesupport_cpp.dir/rosidl_typesupport_cpp/sample_interface/msg/input__type_support.cpp.o[0m
[0.819s] [ 21%] [32mBuilding CXX object CMakeFiles/sample_interface__rosidl_typesupport_cpp.dir/rosidl_typesupport_cpp/sample_interface/msg/input_accepted__type_support.cpp.o[0m
[0.819s] [ 21%] [32mBuilding CXX object CMakeFiles/sample_interface__rosidl_typesupport_cpp.dir/rosidl_typesupport_cpp/sample_interface/msg/output__type_support.cpp.o[0m
[0.849s] [ 23%] [32mBuilding CXX object CMakeFiles/sample_interface__rosidl_typesupport_introspection_cpp.dir/rosidl_typesupport_introspection_cpp/sample_interface/msg/detail/input__type_support.cpp.o[0m
[0.860s] [ 25%] [32mBuilding CXX object CMakeFiles/sample_interface__rosidl_typesupport_fastrtps_cpp.dir/rosidl_typesupport_fastrtps_cpp/sample_interface/msg/detail/dds_fastrtps/input__type_support.cpp.o[0m
[0.889s] In file included from [01m[K/home/alex/git/rc-test-dev/sample/colcon_ws/sample/build/sample_interface/rosidl_typesupport_cpp/sample_interface/msg/input_accepted__type_support.cpp:7[m[K:
[0.889s] [01m[K/home/alex/git/rc-test-dev/sample/colcon_ws/sample/build/sample_interface/rosidl_generator_cpp/sample_interface/msg/detail/input_accepted__struct.hpp:20:10:[m[K [01;31m[Kfatal error: [m[Kbuiltin_interfaces/msg/detail/time__struct.hpp: No such file or directory
[0.889s]    20 | #include [01;31m[K"builtin_interfaces/msg/detail/time__struct.hpp"[m[K
[0.889s]       |          [01;31m[K^~~~~~~~~~~~~~~~~~~~~~~~~~~~~~~~~~~~~~~~~~~~~~~~[m[K
[0.889s] compilation terminated.
[0.889s] In file included from [01m[K/home/alex/git/rc-test-dev/sample/colcon_ws/sample/build/sample_interface/rosidl_typesupport_cpp/sample_interface/msg/output__type_support.cpp:7[m[K:
[0.889s] [01m[K/home/alex/git/rc-test-dev/sample/colcon_ws/sample/build/sample_interface/rosidl_generator_cpp/sample_interface/msg/detail/output__struct.hpp:20:10:[m[K [01;31m[Kfatal error: [m[Kbuiltin_interfaces/msg/detail/time__struct.hpp: No such file or directory
[0.889s]    20 | #include [01;31m[K"builtin_interfaces/msg/detail/time__struct.hpp"[m[K
[0.889s]       |          [01;31m[K^~~~~~~~~~~~~~~~~~~~~~~~~~~~~~~~~~~~~~~~~~~~~~~~[m[K
[0.889s] compilation terminated.
[0.889s] gmake[2]: *** [CMakeFiles/sample_interface__rosidl_typesupport_cpp.dir/build.make:108: CMakeFiles/sample_interface__rosidl_typesupport_cpp.dir/rosidl_typesupport_cpp/sample_interface/msg/input_accepted__type_support.cpp.o] Error 1
[0.889s] gmake[2]: *** Waiting for unfinished jobs....
[0.889s] gmake[2]: *** [CMakeFiles/sample_interface__rosidl_typesupport_cpp.dir/build.make:122: CMakeFiles/sample_interface__rosidl_typesupport_cpp.dir/rosidl_typesupport_cpp/sample_interface/msg/output__type_support.cpp.o] Error 1
[0.893s] [ 29%] [32mBuilding CXX object CMakeFiles/sample_interface__rosidl_typesupport_fastrtps_cpp.dir/rosidl_typesupport_fastrtps_cpp/sample_interface/msg/detail/dds_fastrtps/input_accepted__type_support.cpp.o[0m
[0.893s] [ 29%] [32mBuilding CXX object CMakeFiles/sample_interface__rosidl_typesupport_introspection_cpp.dir/rosidl_typesupport_introspection_cpp/sample_interface/msg/detail/input_accepted__type_support.cpp.o[0m
[0.923s] In file included from [01m[K/home/alex/git/rc-test-dev/sample/colcon_ws/sample/build/sample_interface/rosidl_typesupport_fastrtps_cpp/sample_interface/msg/detail/input_accepted__rosidl_typesupport_fastrtps_cpp.hpp:11[m[K,
[0.923s]                  from [01m[K/home/alex/git/rc-test-dev/sample/colcon_ws/sample/build/sample_interface/rosidl_typesupport_fastrtps_cpp/sample_interface/msg/detail/dds_fastrtps/input_accepted__type_support.cpp:4[m[K:
[0.923s] [01m[K/home/alex/git/rc-test-dev/sample/colcon_ws/sample/build/sample_interface/rosidl_generator_cpp/sample_interface/msg/detail/input_accepted__struct.hpp:20:10:[m[K [01;31m[Kfatal error: [m[Kbuiltin_interfaces/msg/detail/time__struct.hpp: No such file or directory
[0.923s]    20 | #include [01;31m[K"builtin_interfaces/msg/detail/time__struct.hpp"[m[K
[0.923s]       |          [01;31m[K^~~~~~~~~~~~~~~~~~~~~~~~~~~~~~~~~~~~~~~~~~~~~~~~[m[K
[0.923s] compilation terminated.
[0.925s] gmake[2]: *** [CMakeFiles/sample_interface__rosidl_typesupport_fastrtps_cpp.dir/build.make:119: CMakeFiles/sample_interface__rosidl_typesupport_fastrtps_cpp.dir/rosidl_typesupport_fastrtps_cpp/sample_interface/msg/detail/dds_fastrtps/input_accepted__type_support.cpp.o] Error 1
[0.926s] gmake[2]: *** Waiting for unfinished jobs....
[0.931s] In file included from [01m[K/home/alex/git/rc-test-dev/sample/colcon_ws/sample/build/sample_interface/rosidl_typesupport_introspection_cpp/sample_interface/msg/detail/input_accepted__type_support.cpp:12[m[K:
[0.931s] [01m[K/home/alex/git/rc-test-dev/sample/colcon_ws/sample/build/sample_interface/rosidl_generator_cpp/sample_interface/msg/detail/input_accepted__struct.hpp:20:10:[m[K [01;31m[Kfatal error: [m[Kbuiltin_interfaces/msg/detail/time__struct.hpp: No such file or directory
[0.931s]    20 | #include [01;31m[K"builtin_interfaces/msg/detail/time__struct.hpp"[m[K
[0.931s]       |          [01;31m[K^~~~~~~~~~~~~~~~~~~~~~~~~~~~~~~~~~~~~~~~~~~~~~~~[m[K
[0.931s] compilation terminated.
[0.932s] gmake[2]: *** [CMakeFiles/sample_interface__rosidl_typesupport_introspection_cpp.dir/build.make:119: CMakeFiles/sample_interface__rosidl_typesupport_introspection_cpp.dir/rosidl_typesupport_introspection_cpp/sample_interface/msg/detail/input_accepted__type_support.cpp.o] Error 1
[0.932s] gmake[2]: *** Waiting for unfinished jobs....
[0.932s] [ 31%] [32mBuilding CXX object CMakeFiles/sample_interface__rosidl_typesupport_introspection_cpp.dir/rosidl_typesupport_introspection_cpp/sample_interface/msg/detail/output__type_support.cpp.o[0m
[0.967s] In file included from [01m[K/home/alex/git/rc-test-dev/sample/colcon_ws/sample/build/sample_interface/rosidl_typesupport_introspection_cpp/sample_interface/msg/detail/output__type_support.cpp:12[m[K:
[0.967s] [01m[K/home/alex/git/rc-test-dev/sample/colcon_ws/sample/build/sample_interface/rosidl_generator_cpp/sample_interface/msg/detail/output__struct.hpp:20:10:[m[K [01;31m[Kfatal error: [m[Kbuiltin_interfaces/msg/detail/time__struct.hpp: No such file or directory
[0.967s]    20 | #include [01;31m[K"builtin_interfaces/msg/detail/time__struct.hpp"[m[K
[0.967s]       |          [01;31m[K^~~~~~~~~~~~~~~~~~~~~~~~~~~~~~~~~~~~~~~~~~~~~~~~[m[K
[0.967s] compilation terminated.
[0.967s] gmake[2]: *** [CMakeFiles/sample_interface__rosidl_typesupport_introspection_cpp.dir/build.make:133: CMakeFiles/sample_interface__rosidl_typesupport_introspection_cpp.dir/rosidl_typesupport_introspection_cpp/sample_interface/msg/detail/output__type_support.cpp.o] Error 1
[0.995s] gmake[1]: *** [CMakeFiles/Makefile2:395: CMakeFiles/sample_interface__rosidl_typesupport_cpp.dir/all] Error 2
[1.062s] gmake[1]: *** [CMakeFiles/Makefile2:369: CMakeFiles/sample_interface__rosidl_typesupport_introspection_cpp.dir/all] Error 2
[1.065s] gmake[1]: *** [CMakeFiles/Makefile2:291: CMakeFiles/sample_interface__rosidl_typesupport_fastrtps_cpp.dir/all] Error 2
[1.066s] gmake: *** [Makefile:146: all] Error 2
[1.067s] Invoked command in '/home/alex/git/rc-test-dev/sample/colcon_ws/sample/build/sample_interface' returned '2': CMAKE_PREFIX_PATH=/opt/ros/humble /usr/bin/cmake --build /home/alex/git/rc-test-dev/sample/colcon_ws/sample/build/sample_interface -- -j5 -l5
