running egg_info
writing ../../build/my_package/my_package.egg-info/PKG-INFO
writing dependency_links to ../../build/my_package/my_package.egg-info/dependency_links.txt
writing entry points to ../../build/my_package/my_package.egg-info/entry_points.txt
writing requirements to ../../build/my_package/my_package.egg-info/requires.txt
writing top-level names to ../../build/my_package/my_package.egg-info/top_level.txt
reading manifest file '../../build/my_package/my_package.egg-info/SOURCES.txt'
writing manifest file '../../build/my_package/my_package.egg-info/SOURCES.txt'
running build
running build_py
copying my_package/sample_node.py -> /home/alex/git/rc-test-dev/sample/colcon_ws/sample/build/my_package/build/lib/my_package
copying my_package/__init__.py -> /home/alex/git/rc-test-dev/sample/colcon_ws/sample/build/my_package/build/lib/my_package
running install
running install_lib
copying /home/alex/git/rc-test-dev/sample/colcon_ws/sample/build/my_package/build/lib/my_package/sample_node.py -> /home/alex/git/rc-test-dev/sample/colcon_ws/sample/install/my_package/lib/python3.10/site-packages/my_package
copying /home/alex/git/rc-test-dev/sample/colcon_ws/sample/build/my_package/build/lib/my_package/__init__.py -> /home/alex/git/rc-test-dev/sample/colcon_ws/sample/install/my_package/lib/python3.10/site-packages/my_package
byte-compiling /home/alex/git/rc-test-dev/sample/colcon_ws/sample/install/my_package/lib/python3.10/site-packages/my_package/sample_node.py to sample_node.cpython-310.pyc
byte-compiling /home/alex/git/rc-test-dev/sample/colcon_ws/sample/install/my_package/lib/python3.10/site-packages/my_package/__init__.py to __init__.cpython-310.pyc
running install_data
copying resource/my_package -> /home/alex/git/rc-test-dev/sample/colcon_ws/sample/install/my_package/share/ament_index/resource_index/packages
copying package.xml -> /home/alex/git/rc-test-dev/sample/colcon_ws/sample/install/my_package/share/my_package
running install_egg_info
removing '/home/alex/git/rc-test-dev/sample/colcon_ws/sample/install/my_package/lib/python3.10/site-packages/my_package-0.0.0-py3.10.egg-info' (and everything under it)
Copying ../../build/my_package/my_package.egg-info to /home/alex/git/rc-test-dev/sample/colcon_ws/sample/install/my_package/lib/python3.10/site-packages/my_package-0.0.0-py3.10.egg-info
running install_scripts
Installing sample_node script to /home/alex/git/rc-test-dev/sample/colcon_ws/sample/install/my_package/lib/my_package
writing list of installed files to '/home/alex/git/rc-test-dev/sample/colcon_ws/sample/build/my_package/install.log'
