[0.122s] Invoking command in '/home/alex/git/rc-test-dev/sample/colcon_ws/sample/build/sample_interface': CMAKE_PREFIX_PATH=/opt/ros/humble /usr/bin/cmake --build /home/alex/git/rc-test-dev/sample/colcon_ws/sample/build/sample_interface -- -j5 -l5
[0.146s] [35m[1mConsolidate compiler generated dependencies of target sample_interface__rosidl_generator_c[0m
[0.152s] [  2%] Built target sample_interface__cpp
[0.152s] [ 12%] Built target sample_interface__rosidl_generator_c
[0.157s] [ 12%] Built target ament_cmake_python_copy_sample_interface
[0.158s] [35m[1mConsolidate compiler generated dependencies of target sample_interface__rosidl_typesupport_cpp[0m
[0.158s] [35m[1mConsolidate compiler generated dependencies of target sample_interface__rosidl_typesupport_fastrtps_cpp[0m
[0.161s] [35m[1mConsolidate compiler generated dependencies of target sample_interface__rosidl_typesupport_introspection_cpp[0m
[0.165s] [35m[1mConsolidate compiler generated dependencies of target sample_interface__rosidl_typesupport_fastrtps_c[0m
[0.166s] [35m[1mConsolidate compiler generated dependencies of target sample_interface__rosidl_typesupport_introspection_c[0m
[0.168s] [ 23%] Built target sample_interface__rosidl_typesupport_cpp
[0.170s] [ 34%] Built target sample_interface__rosidl_typesupport_introspection_cpp
[0.171s] [ 44%] Built target sample_interface__rosidl_typesupport_fastrtps_cpp
[0.175s] [35m[1mConsolidate compiler generated dependencies of target sample_interface__rosidl_typesupport_c[0m
[0.175s] [ 55%] Built target sample_interface__rosidl_typesupport_introspection_c
[0.176s] [ 65%] Built target sample_interface__rosidl_typesupport_fastrtps_c
[0.179s] [ 76%] Built target sample_interface__rosidl_typesupport_c
[0.189s] [ 76%] Built target sample_interface
[0.200s] [ 78%] Built target sample_interface__py
[0.206s] [35m[1mConsolidate compiler generated dependencies of target sample_interface__rosidl_generator_py[0m
[0.213s] [ 87%] Built target sample_interface__rosidl_generator_py
[0.218s] [35m[1mConsolidate compiler generated dependencies of target sample_interface__rosidl_typesupport_introspection_c__pyext[0m
[0.218s] [35m[1mConsolidate compiler generated dependencies of target sample_interface__rosidl_typesupport_fastrtps_c__pyext[0m
[0.219s] [35m[1mConsolidate compiler generated dependencies of target sample_interface__rosidl_typesupport_c__pyext[0m
[0.224s] [ 91%] Built target sample_interface__rosidl_typesupport_c__pyext
[0.226s] [100%] Built target sample_interface__rosidl_typesupport_fastrtps_c__pyext
[0.226s] [100%] Built target sample_interface__rosidl_typesupport_introspection_c__pyext
[0.291s] running egg_info
[0.291s] writing sample_interface.egg-info/PKG-INFO
[0.292s] writing dependency_links to sample_interface.egg-info/dependency_links.txt
[0.292s] writing top-level names to sample_interface.egg-info/top_level.txt
[0.293s] reading manifest file 'sample_interface.egg-info/SOURCES.txt'
[0.293s] writing manifest file 'sample_interface.egg-info/SOURCES.txt'
[0.307s] [100%] Built target ament_cmake_python_build_sample_interface_egg
[0.314s] Invoked command in '/home/alex/git/rc-test-dev/sample/colcon_ws/sample/build/sample_interface' returned '0': CMAKE_PREFIX_PATH=/opt/ros/humble /usr/bin/cmake --build /home/alex/git/rc-test-dev/sample/colcon_ws/sample/build/sample_interface -- -j5 -l5
[0.363s] Invoking command in '/home/alex/git/rc-test-dev/sample/colcon_ws/sample/build/sample_interface': CMAKE_PREFIX_PATH=/opt/ros/humble /usr/bin/cmake --install /home/alex/git/rc-test-dev/sample/colcon_ws/sample/build/sample_interface
[0.367s] -- Install configuration: ""
[0.368s] -- Up-to-date: /home/alex/git/rc-test-dev/sample/colcon_ws/sample/install/sample_interface/share/ament_index/resource_index/rosidl_interfaces/sample_interface
[0.368s] -- Up-to-date: /home/alex/git/rc-test-dev/sample/colcon_ws/sample/install/sample_interface/include/sample_interface/sample_interface
[0.368s] -- Up-to-date: /home/alex/git/rc-test-dev/sample/colcon_ws/sample/install/sample_interface/include/sample_interface/sample_interface/msg
[0.368s] -- Up-to-date: /home/alex/git/rc-test-dev/sample/colcon_ws/sample/install/sample_interface/include/sample_interface/sample_interface/msg/detail
[0.368s] -- Up-to-date: /home/alex/git/rc-test-dev/sample/colcon_ws/sample/install/sample_interface/include/sample_interface/sample_interface/msg/detail/input_accepted__type_support.h
[0.368s] -- Up-to-date: /home/alex/git/rc-test-dev/sample/colcon_ws/sample/install/sample_interface/include/sample_interface/sample_interface/msg/detail/input_accepted__struct.h
[0.368s] -- Up-to-date: /home/alex/git/rc-test-dev/sample/colcon_ws/sample/install/sample_interface/include/sample_interface/sample_interface/msg/detail/input__type_support.h
[0.368s] -- Up-to-date: /home/alex/git/rc-test-dev/sample/colcon_ws/sample/install/sample_interface/include/sample_interface/sample_interface/msg/detail/input__functions.h
[0.369s] -- Up-to-date: /home/alex/git/rc-test-dev/sample/colcon_ws/sample/install/sample_interface/include/sample_interface/sample_interface/msg/detail/input__struct.h
[0.369s] -- Up-to-date: /home/alex/git/rc-test-dev/sample/colcon_ws/sample/install/sample_interface/include/sample_interface/sample_interface/msg/detail/output__functions.h
[0.369s] -- Up-to-date: /home/alex/git/rc-test-dev/sample/colcon_ws/sample/install/sample_interface/include/sample_interface/sample_interface/msg/detail/input__functions.c
[0.369s] -- Up-to-date: /home/alex/git/rc-test-dev/sample/colcon_ws/sample/install/sample_interface/include/sample_interface/sample_interface/msg/detail/input_accepted__functions.h
[0.369s] -- Up-to-date: /home/alex/git/rc-test-dev/sample/colcon_ws/sample/install/sample_interface/include/sample_interface/sample_interface/msg/detail/output__struct.h
[0.369s] -- Up-to-date: /home/alex/git/rc-test-dev/sample/colcon_ws/sample/install/sample_interface/include/sample_interface/sample_interface/msg/detail/input_accepted__functions.c
[0.369s] -- Up-to-date: /home/alex/git/rc-test-dev/sample/colcon_ws/sample/install/sample_interface/include/sample_interface/sample_interface/msg/detail/output__functions.c
[0.369s] -- Up-to-date: /home/alex/git/rc-test-dev/sample/colcon_ws/sample/install/sample_interface/include/sample_interface/sample_interface/msg/detail/output__type_support.h
[0.369s] -- Up-to-date: /home/alex/git/rc-test-dev/sample/colcon_ws/sample/install/sample_interface/include/sample_interface/sample_interface/msg/output.h
[0.369s] -- Up-to-date: /home/alex/git/rc-test-dev/sample/colcon_ws/sample/install/sample_interface/include/sample_interface/sample_interface/msg/input_accepted.h
[0.369s] -- Up-to-date: /home/alex/git/rc-test-dev/sample/colcon_ws/sample/install/sample_interface/include/sample_interface/sample_interface/msg/rosidl_generator_c__visibility_control.h
[0.369s] -- Up-to-date: /home/alex/git/rc-test-dev/sample/colcon_ws/sample/install/sample_interface/include/sample_interface/sample_interface/msg/input.h
[0.369s] -- Up-to-date: /home/alex/git/rc-test-dev/sample/colcon_ws/sample/install/sample_interface/share/sample_interface/environment/library_path.sh
[0.369s] -- Up-to-date: /home/alex/git/rc-test-dev/sample/colcon_ws/sample/install/sample_interface/share/sample_interface/environment/library_path.dsv
[0.369s] -- Up-to-date: /home/alex/git/rc-test-dev/sample/colcon_ws/sample/install/sample_interface/lib/libsample_interface__rosidl_generator_c.so
[0.369s] -- Up-to-date: /home/alex/git/rc-test-dev/sample/colcon_ws/sample/install/sample_interface/include/sample_interface/sample_interface
[0.369s] -- Up-to-date: /home/alex/git/rc-test-dev/sample/colcon_ws/sample/install/sample_interface/include/sample_interface/sample_interface/msg
[0.369s] -- Up-to-date: /home/alex/git/rc-test-dev/sample/colcon_ws/sample/install/sample_interface/include/sample_interface/sample_interface/msg/detail
[0.370s] -- Up-to-date: /home/alex/git/rc-test-dev/sample/colcon_ws/sample/install/sample_interface/include/sample_interface/sample_interface/msg/detail/input__rosidl_typesupport_fastrtps_c.h
[0.370s] -- Up-to-date: /home/alex/git/rc-test-dev/sample/colcon_ws/sample/install/sample_interface/include/sample_interface/sample_interface/msg/detail/input_accepted__rosidl_typesupport_fastrtps_c.h
[0.370s] -- Up-to-date: /home/alex/git/rc-test-dev/sample/colcon_ws/sample/install/sample_interface/include/sample_interface/sample_interface/msg/detail/output__rosidl_typesupport_fastrtps_c.h
[0.370s] -- Up-to-date: /home/alex/git/rc-test-dev/sample/colcon_ws/sample/install/sample_interface/include/sample_interface/sample_interface/msg/rosidl_typesupport_fastrtps_c__visibility_control.h
[0.370s] -- Up-to-date: /home/alex/git/rc-test-dev/sample/colcon_ws/sample/install/sample_interface/lib/libsample_interface__rosidl_typesupport_fastrtps_c.so
[0.370s] -- Up-to-date: /home/alex/git/rc-test-dev/sample/colcon_ws/sample/install/sample_interface/include/sample_interface/sample_interface
[0.370s] -- Up-to-date: /home/alex/git/rc-test-dev/sample/colcon_ws/sample/install/sample_interface/include/sample_interface/sample_interface/msg
[0.370s] -- Up-to-date: /home/alex/git/rc-test-dev/sample/colcon_ws/sample/install/sample_interface/include/sample_interface/sample_interface/msg/detail
[0.370s] -- Up-to-date: /home/alex/git/rc-test-dev/sample/colcon_ws/sample/install/sample_interface/include/sample_interface/sample_interface/msg/detail/output__builder.hpp
[0.370s] -- Up-to-date: /home/alex/git/rc-test-dev/sample/colcon_ws/sample/install/sample_interface/include/sample_interface/sample_interface/msg/detail/input_accepted__traits.hpp
[0.370s] -- Up-to-date: /home/alex/git/rc-test-dev/sample/colcon_ws/sample/install/sample_interface/include/sample_interface/sample_interface/msg/detail/input__builder.hpp
[0.370s] -- Up-to-date: /home/alex/git/rc-test-dev/sample/colcon_ws/sample/install/sample_interface/include/sample_interface/sample_interface/msg/detail/input_accepted__builder.hpp
[0.370s] -- Up-to-date: /home/alex/git/rc-test-dev/sample/colcon_ws/sample/install/sample_interface/include/sample_interface/sample_interface/msg/detail/output__struct.hpp
[0.370s] -- Up-to-date: /home/alex/git/rc-test-dev/sample/colcon_ws/sample/install/sample_interface/include/sample_interface/sample_interface/msg/detail/input__traits.hpp
[0.370s] -- Up-to-date: /home/alex/git/rc-test-dev/sample/colcon_ws/sample/install/sample_interface/include/sample_interface/sample_interface/msg/detail/input_accepted__struct.hpp
[0.370s] -- Up-to-date: /home/alex/git/rc-test-dev/sample/colcon_ws/sample/install/sample_interface/include/sample_interface/sample_interface/msg/detail/input__struct.hpp
[0.370s] -- Up-to-date: /home/alex/git/rc-test-dev/sample/colcon_ws/sample/install/sample_interface/include/sample_interface/sample_interface/msg/detail/output__traits.hpp
[0.371s] -- Up-to-date: /home/alex/git/rc-test-dev/sample/colcon_ws/sample/install/sample_interface/include/sample_interface/sample_interface/msg/output.hpp
[0.371s] -- Up-to-date: /home/alex/git/rc-test-dev/sample/colcon_ws/sample/install/sample_interface/include/sample_interface/sample_interface/msg/input_accepted.hpp
[0.371s] -- Up-to-date: /home/alex/git/rc-test-dev/sample/colcon_ws/sample/install/sample_interface/include/sample_interface/sample_interface/msg/input.hpp
[0.371s] -- Up-to-date: /home/alex/git/rc-test-dev/sample/colcon_ws/sample/install/sample_interface/include/sample_interface/sample_interface
[0.371s] -- Up-to-date: /home/alex/git/rc-test-dev/sample/colcon_ws/sample/install/sample_interface/include/sample_interface/sample_interface/msg
[0.371s] -- Up-to-date: /home/alex/git/rc-test-dev/sample/colcon_ws/sample/install/sample_interface/include/sample_interface/sample_interface/msg/detail
[0.371s] -- Up-to-date: /home/alex/git/rc-test-dev/sample/colcon_ws/sample/install/sample_interface/include/sample_interface/sample_interface/msg/detail/output__rosidl_typesupport_fastrtps_cpp.hpp
[0.371s] -- Up-to-date: /home/alex/git/rc-test-dev/sample/colcon_ws/sample/install/sample_interface/include/sample_interface/sample_interface/msg/detail/input__rosidl_typesupport_fastrtps_cpp.hpp
[0.371s] -- Up-to-date: /home/alex/git/rc-test-dev/sample/colcon_ws/sample/install/sample_interface/include/sample_interface/sample_interface/msg/detail/input_accepted__rosidl_typesupport_fastrtps_cpp.hpp
[0.371s] -- Up-to-date: /home/alex/git/rc-test-dev/sample/colcon_ws/sample/install/sample_interface/include/sample_interface/sample_interface/msg/detail/dds_fastrtps
[0.371s] -- Up-to-date: /home/alex/git/rc-test-dev/sample/colcon_ws/sample/install/sample_interface/include/sample_interface/sample_interface/msg/rosidl_typesupport_fastrtps_cpp__visibility_control.h
[0.371s] -- Up-to-date: /home/alex/git/rc-test-dev/sample/colcon_ws/sample/install/sample_interface/lib/libsample_interface__rosidl_typesupport_fastrtps_cpp.so
[0.371s] -- Up-to-date: /home/alex/git/rc-test-dev/sample/colcon_ws/sample/install/sample_interface/include/sample_interface/sample_interface
[0.371s] -- Up-to-date: /home/alex/git/rc-test-dev/sample/colcon_ws/sample/install/sample_interface/include/sample_interface/sample_interface/msg
[0.371s] -- Up-to-date: /home/alex/git/rc-test-dev/sample/colcon_ws/sample/install/sample_interface/include/sample_interface/sample_interface/msg/detail
[0.371s] -- Up-to-date: /home/alex/git/rc-test-dev/sample/colcon_ws/sample/install/sample_interface/include/sample_interface/sample_interface/msg/detail/input_accepted__rosidl_typesupport_introspection_c.h
[0.371s] -- Up-to-date: /home/alex/git/rc-test-dev/sample/colcon_ws/sample/install/sample_interface/include/sample_interface/sample_interface/msg/detail/output__type_support.c
[0.371s] -- Up-to-date: /home/alex/git/rc-test-dev/sample/colcon_ws/sample/install/sample_interface/include/sample_interface/sample_interface/msg/detail/output__rosidl_typesupport_introspection_c.h
[0.372s] -- Up-to-date: /home/alex/git/rc-test-dev/sample/colcon_ws/sample/install/sample_interface/include/sample_interface/sample_interface/msg/detail/input_accepted__type_support.c
[0.372s] -- Up-to-date: /home/alex/git/rc-test-dev/sample/colcon_ws/sample/install/sample_interface/include/sample_interface/sample_interface/msg/detail/input__rosidl_typesupport_introspection_c.h
[0.372s] -- Up-to-date: /home/alex/git/rc-test-dev/sample/colcon_ws/sample/install/sample_interface/include/sample_interface/sample_interface/msg/detail/input__type_support.c
[0.372s] -- Up-to-date: /home/alex/git/rc-test-dev/sample/colcon_ws/sample/install/sample_interface/include/sample_interface/sample_interface/msg/rosidl_typesupport_introspection_c__visibility_control.h
[0.372s] -- Up-to-date: /home/alex/git/rc-test-dev/sample/colcon_ws/sample/install/sample_interface/lib/libsample_interface__rosidl_typesupport_introspection_c.so
[0.372s] -- Up-to-date: /home/alex/git/rc-test-dev/sample/colcon_ws/sample/install/sample_interface/lib/libsample_interface__rosidl_typesupport_c.so
[0.372s] -- Up-to-date: /home/alex/git/rc-test-dev/sample/colcon_ws/sample/install/sample_interface/include/sample_interface/sample_interface
[0.372s] -- Up-to-date: /home/alex/git/rc-test-dev/sample/colcon_ws/sample/install/sample_interface/include/sample_interface/sample_interface/msg
[0.372s] -- Up-to-date: /home/alex/git/rc-test-dev/sample/colcon_ws/sample/install/sample_interface/include/sample_interface/sample_interface/msg/detail
[0.372s] -- Up-to-date: /home/alex/git/rc-test-dev/sample/colcon_ws/sample/install/sample_interface/include/sample_interface/sample_interface/msg/detail/input_accepted__type_support.cpp
[0.372s] -- Up-to-date: /home/alex/git/rc-test-dev/sample/colcon_ws/sample/install/sample_interface/include/sample_interface/sample_interface/msg/detail/input__rosidl_typesupport_introspection_cpp.hpp
[0.372s] -- Up-to-date: /home/alex/git/rc-test-dev/sample/colcon_ws/sample/install/sample_interface/include/sample_interface/sample_interface/msg/detail/output__type_support.cpp
[0.372s] -- Up-to-date: /home/alex/git/rc-test-dev/sample/colcon_ws/sample/install/sample_interface/include/sample_interface/sample_interface/msg/detail/input_accepted__rosidl_typesupport_introspection_cpp.hpp
[0.372s] -- Up-to-date: /home/alex/git/rc-test-dev/sample/colcon_ws/sample/install/sample_interface/include/sample_interface/sample_interface/msg/detail/output__rosidl_typesupport_introspection_cpp.hpp
[0.372s] -- Up-to-date: /home/alex/git/rc-test-dev/sample/colcon_ws/sample/install/sample_interface/include/sample_interface/sample_interface/msg/detail/input__type_support.cpp
[0.372s] -- Up-to-date: /home/alex/git/rc-test-dev/sample/colcon_ws/sample/install/sample_interface/lib/libsample_interface__rosidl_typesupport_introspection_cpp.so
[0.372s] -- Up-to-date: /home/alex/git/rc-test-dev/sample/colcon_ws/sample/install/sample_interface/lib/libsample_interface__rosidl_typesupport_cpp.so
[0.372s] -- Up-to-date: /home/alex/git/rc-test-dev/sample/colcon_ws/sample/install/sample_interface/share/sample_interface/environment/pythonpath.sh
[0.372s] -- Up-to-date: /home/alex/git/rc-test-dev/sample/colcon_ws/sample/install/sample_interface/share/sample_interface/environment/pythonpath.dsv
[0.372s] -- Up-to-date: /home/alex/git/rc-test-dev/sample/colcon_ws/sample/install/sample_interface/local/lib/python3.10/dist-packages/sample_interface-0.0.0-py3.10.egg-info
[0.372s] -- Installing: /home/alex/git/rc-test-dev/sample/colcon_ws/sample/install/sample_interface/local/lib/python3.10/dist-packages/sample_interface-0.0.0-py3.10.egg-info/PKG-INFO
[0.372s] -- Installing: /home/alex/git/rc-test-dev/sample/colcon_ws/sample/install/sample_interface/local/lib/python3.10/dist-packages/sample_interface-0.0.0-py3.10.egg-info/SOURCES.txt
[0.372s] -- Installing: /home/alex/git/rc-test-dev/sample/colcon_ws/sample/install/sample_interface/local/lib/python3.10/dist-packages/sample_interface-0.0.0-py3.10.egg-info/top_level.txt
[0.372s] -- Installing: /home/alex/git/rc-test-dev/sample/colcon_ws/sample/install/sample_interface/local/lib/python3.10/dist-packages/sample_interface-0.0.0-py3.10.egg-info/dependency_links.txt
[0.372s] -- Up-to-date: /home/alex/git/rc-test-dev/sample/colcon_ws/sample/install/sample_interface/local/lib/python3.10/dist-packages/sample_interface
[0.372s] -- Up-to-date: /home/alex/git/rc-test-dev/sample/colcon_ws/sample/install/sample_interface/local/lib/python3.10/dist-packages/sample_interface/sample_interface_s__rosidl_typesupport_introspection_c.cpython-310-aarch64-linux-gnu.so
[0.372s] -- Up-to-date: /home/alex/git/rc-test-dev/sample/colcon_ws/sample/install/sample_interface/local/lib/python3.10/dist-packages/sample_interface/_sample_interface_s.ep.rosidl_typesupport_introspection_c.c
[0.372s] -- Up-to-date: /home/alex/git/rc-test-dev/sample/colcon_ws/sample/install/sample_interface/local/lib/python3.10/dist-packages/sample_interface/_sample_interface_s.ep.rosidl_typesupport_c.c
[0.372s] -- Up-to-date: /home/alex/git/rc-test-dev/sample/colcon_ws/sample/install/sample_interface/local/lib/python3.10/dist-packages/sample_interface/msg
[0.372s] -- Up-to-date: /home/alex/git/rc-test-dev/sample/colcon_ws/sample/install/sample_interface/local/lib/python3.10/dist-packages/sample_interface/msg/_input_accepted.py
[0.372s] -- Up-to-date: /home/alex/git/rc-test-dev/sample/colcon_ws/sample/install/sample_interface/local/lib/python3.10/dist-packages/sample_interface/msg/_input_accepted_s.c
[0.372s] -- Up-to-date: /home/alex/git/rc-test-dev/sample/colcon_ws/sample/install/sample_interface/local/lib/python3.10/dist-packages/sample_interface/msg/_input_s.c
[0.372s] -- Up-to-date: /home/alex/git/rc-test-dev/sample/colcon_ws/sample/install/sample_interface/local/lib/python3.10/dist-packages/sample_interface/msg/_input.py
[0.372s] -- Up-to-date: /home/alex/git/rc-test-dev/sample/colcon_ws/sample/install/sample_interface/local/lib/python3.10/dist-packages/sample_interface/msg/_output_s.c
[0.372s] -- Up-to-date: /home/alex/git/rc-test-dev/sample/colcon_ws/sample/install/sample_interface/local/lib/python3.10/dist-packages/sample_interface/msg/__init__.py
[0.372s] -- Up-to-date: /home/alex/git/rc-test-dev/sample/colcon_ws/sample/install/sample_interface/local/lib/python3.10/dist-packages/sample_interface/msg/_output.py
[0.373s] -- Up-to-date: /home/alex/git/rc-test-dev/sample/colcon_ws/sample/install/sample_interface/local/lib/python3.10/dist-packages/sample_interface/libsample_interface__rosidl_generator_py.so
[0.373s] -- Up-to-date: /home/alex/git/rc-test-dev/sample/colcon_ws/sample/install/sample_interface/local/lib/python3.10/dist-packages/sample_interface/__init__.py
[0.373s] -- Up-to-date: /home/alex/git/rc-test-dev/sample/colcon_ws/sample/install/sample_interface/local/lib/python3.10/dist-packages/sample_interface/_sample_interface_s.ep.rosidl_typesupport_fastrtps_c.c
[0.373s] -- Up-to-date: /home/alex/git/rc-test-dev/sample/colcon_ws/sample/install/sample_interface/local/lib/python3.10/dist-packages/sample_interface/sample_interface_s__rosidl_typesupport_c.cpython-310-aarch64-linux-gnu.so
[0.373s] -- Up-to-date: /home/alex/git/rc-test-dev/sample/colcon_ws/sample/install/sample_interface/local/lib/python3.10/dist-packages/sample_interface/sample_interface_s__rosidl_typesupport_fastrtps_c.cpython-310-aarch64-linux-gnu.so
[0.387s] Listing '/home/alex/git/rc-test-dev/sample/colcon_ws/sample/install/sample_interface/local/lib/python3.10/dist-packages/sample_interface'...
[0.387s] Listing '/home/alex/git/rc-test-dev/sample/colcon_ws/sample/install/sample_interface/local/lib/python3.10/dist-packages/sample_interface/msg'...
[0.390s] -- Up-to-date: /home/alex/git/rc-test-dev/sample/colcon_ws/sample/install/sample_interface/local/lib/python3.10/dist-packages/sample_interface/sample_interface_s__rosidl_typesupport_fastrtps_c.cpython-310-aarch64-linux-gnu.so
[0.390s] -- Up-to-date: /home/alex/git/rc-test-dev/sample/colcon_ws/sample/install/sample_interface/local/lib/python3.10/dist-packages/sample_interface/sample_interface_s__rosidl_typesupport_introspection_c.cpython-310-aarch64-linux-gnu.so
[0.390s] -- Up-to-date: /home/alex/git/rc-test-dev/sample/colcon_ws/sample/install/sample_interface/local/lib/python3.10/dist-packages/sample_interface/sample_interface_s__rosidl_typesupport_c.cpython-310-aarch64-linux-gnu.so
[0.390s] -- Up-to-date: /home/alex/git/rc-test-dev/sample/colcon_ws/sample/install/sample_interface/lib/libsample_interface__rosidl_generator_py.so
[0.390s] -- Up-to-date: /home/alex/git/rc-test-dev/sample/colcon_ws/sample/install/sample_interface/share/sample_interface/msg/Input.idl
[0.390s] -- Up-to-date: /home/alex/git/rc-test-dev/sample/colcon_ws/sample/install/sample_interface/share/sample_interface/msg/InputAccepted.idl
[0.391s] -- Up-to-date: /home/alex/git/rc-test-dev/sample/colcon_ws/sample/install/sample_interface/share/sample_interface/msg/Output.idl
[0.391s] -- Up-to-date: /home/alex/git/rc-test-dev/sample/colcon_ws/sample/install/sample_interface/share/sample_interface/msg/Input.msg
[0.391s] -- Up-to-date: /home/alex/git/rc-test-dev/sample/colcon_ws/sample/install/sample_interface/share/sample_interface/msg/InputAccepted.msg
[0.391s] -- Up-to-date: /home/alex/git/rc-test-dev/sample/colcon_ws/sample/install/sample_interface/share/sample_interface/msg/Output.msg
[0.391s] -- Up-to-date: /home/alex/git/rc-test-dev/sample/colcon_ws/sample/install/sample_interface/share/ament_index/resource_index/package_run_dependencies/sample_interface
[0.391s] -- Up-to-date: /home/alex/git/rc-test-dev/sample/colcon_ws/sample/install/sample_interface/share/ament_index/resource_index/parent_prefix_path/sample_interface
[0.391s] -- Up-to-date: /home/alex/git/rc-test-dev/sample/colcon_ws/sample/install/sample_interface/share/sample_interface/environment/ament_prefix_path.sh
[0.391s] -- Up-to-date: /home/alex/git/rc-test-dev/sample/colcon_ws/sample/install/sample_interface/share/sample_interface/environment/ament_prefix_path.dsv
[0.391s] -- Up-to-date: /home/alex/git/rc-test-dev/sample/colcon_ws/sample/install/sample_interface/share/sample_interface/environment/path.sh
[0.391s] -- Up-to-date: /home/alex/git/rc-test-dev/sample/colcon_ws/sample/install/sample_interface/share/sample_interface/environment/path.dsv
[0.391s] -- Up-to-date: /home/alex/git/rc-test-dev/sample/colcon_ws/sample/install/sample_interface/share/sample_interface/local_setup.bash
[0.391s] -- Up-to-date: /home/alex/git/rc-test-dev/sample/colcon_ws/sample/install/sample_interface/share/sample_interface/local_setup.sh
[0.391s] -- Up-to-date: /home/alex/git/rc-test-dev/sample/colcon_ws/sample/install/sample_interface/share/sample_interface/local_setup.zsh
[0.391s] -- Up-to-date: /home/alex/git/rc-test-dev/sample/colcon_ws/sample/install/sample_interface/share/sample_interface/local_setup.dsv
[0.392s] -- Installing: /home/alex/git/rc-test-dev/sample/colcon_ws/sample/install/sample_interface/share/sample_interface/package.dsv
[0.392s] -- Up-to-date: /home/alex/git/rc-test-dev/sample/colcon_ws/sample/install/sample_interface/share/ament_index/resource_index/packages/sample_interface
[0.392s] -- Up-to-date: /home/alex/git/rc-test-dev/sample/colcon_ws/sample/install/sample_interface/share/sample_interface/cmake/export_sample_interface__rosidl_generator_cExport.cmake
[0.392s] -- Up-to-date: /home/alex/git/rc-test-dev/sample/colcon_ws/sample/install/sample_interface/share/sample_interface/cmake/export_sample_interface__rosidl_generator_cExport-noconfig.cmake
[0.392s] -- Up-to-date: /home/alex/git/rc-test-dev/sample/colcon_ws/sample/install/sample_interface/share/sample_interface/cmake/export_sample_interface__rosidl_typesupport_fastrtps_cExport.cmake
[0.392s] -- Up-to-date: /home/alex/git/rc-test-dev/sample/colcon_ws/sample/install/sample_interface/share/sample_interface/cmake/export_sample_interface__rosidl_typesupport_fastrtps_cExport-noconfig.cmake
[0.392s] -- Up-to-date: /home/alex/git/rc-test-dev/sample/colcon_ws/sample/install/sample_interface/share/sample_interface/cmake/export_sample_interface__rosidl_generator_cppExport.cmake
[0.392s] -- Up-to-date: /home/alex/git/rc-test-dev/sample/colcon_ws/sample/install/sample_interface/share/sample_interface/cmake/export_sample_interface__rosidl_typesupport_fastrtps_cppExport.cmake
[0.392s] -- Up-to-date: /home/alex/git/rc-test-dev/sample/colcon_ws/sample/install/sample_interface/share/sample_interface/cmake/export_sample_interface__rosidl_typesupport_fastrtps_cppExport-noconfig.cmake
[0.392s] -- Up-to-date: /home/alex/git/rc-test-dev/sample/colcon_ws/sample/install/sample_interface/share/sample_interface/cmake/sample_interface__rosidl_typesupport_introspection_cExport.cmake
[0.392s] -- Up-to-date: /home/alex/git/rc-test-dev/sample/colcon_ws/sample/install/sample_interface/share/sample_interface/cmake/sample_interface__rosidl_typesupport_introspection_cExport-noconfig.cmake
[0.392s] -- Up-to-date: /home/alex/git/rc-test-dev/sample/colcon_ws/sample/install/sample_interface/share/sample_interface/cmake/sample_interface__rosidl_typesupport_cExport.cmake
[0.392s] -- Up-to-date: /home/alex/git/rc-test-dev/sample/colcon_ws/sample/install/sample_interface/share/sample_interface/cmake/sample_interface__rosidl_typesupport_cExport-noconfig.cmake
[0.392s] -- Up-to-date: /home/alex/git/rc-test-dev/sample/colcon_ws/sample/install/sample_interface/share/sample_interface/cmake/sample_interface__rosidl_typesupport_introspection_cppExport.cmake
[0.392s] -- Up-to-date: /home/alex/git/rc-test-dev/sample/colcon_ws/sample/install/sample_interface/share/sample_interface/cmake/sample_interface__rosidl_typesupport_introspection_cppExport-noconfig.cmake
[0.392s] -- Up-to-date: /home/alex/git/rc-test-dev/sample/colcon_ws/sample/install/sample_interface/share/sample_interface/cmake/sample_interface__rosidl_typesupport_cppExport.cmake
[0.392s] -- Up-to-date: /home/alex/git/rc-test-dev/sample/colcon_ws/sample/install/sample_interface/share/sample_interface/cmake/sample_interface__rosidl_typesupport_cppExport-noconfig.cmake
[0.392s] -- Up-to-date: /home/alex/git/rc-test-dev/sample/colcon_ws/sample/install/sample_interface/share/sample_interface/cmake/export_sample_interface__rosidl_generator_pyExport.cmake
[0.392s] -- Up-to-date: /home/alex/git/rc-test-dev/sample/colcon_ws/sample/install/sample_interface/share/sample_interface/cmake/export_sample_interface__rosidl_generator_pyExport-noconfig.cmake
[0.392s] -- Up-to-date: /home/alex/git/rc-test-dev/sample/colcon_ws/sample/install/sample_interface/share/sample_interface/cmake/rosidl_cmake-extras.cmake
[0.392s] -- Up-to-date: /home/alex/git/rc-test-dev/sample/colcon_ws/sample/install/sample_interface/share/sample_interface/cmake/ament_cmake_export_dependencies-extras.cmake
[0.392s] -- Up-to-date: /home/alex/git/rc-test-dev/sample/colcon_ws/sample/install/sample_interface/share/sample_interface/cmake/ament_cmake_export_include_directories-extras.cmake
[0.392s] -- Up-to-date: /home/alex/git/rc-test-dev/sample/colcon_ws/sample/install/sample_interface/share/sample_interface/cmake/ament_cmake_export_libraries-extras.cmake
[0.392s] -- Up-to-date: /home/alex/git/rc-test-dev/sample/colcon_ws/sample/install/sample_interface/share/sample_interface/cmake/ament_cmake_export_targets-extras.cmake
[0.393s] -- Up-to-date: /home/alex/git/rc-test-dev/sample/colcon_ws/sample/install/sample_interface/share/sample_interface/cmake/rosidl_cmake_export_typesupport_targets-extras.cmake
[0.393s] -- Up-to-date: /home/alex/git/rc-test-dev/sample/colcon_ws/sample/install/sample_interface/share/sample_interface/cmake/rosidl_cmake_export_typesupport_libraries-extras.cmake
[0.393s] -- Up-to-date: /home/alex/git/rc-test-dev/sample/colcon_ws/sample/install/sample_interface/share/sample_interface/cmake/sample_interfaceConfig.cmake
[0.393s] -- Up-to-date: /home/alex/git/rc-test-dev/sample/colcon_ws/sample/install/sample_interface/share/sample_interface/cmake/sample_interfaceConfig-version.cmake
[0.393s] -- Up-to-date: /home/alex/git/rc-test-dev/sample/colcon_ws/sample/install/sample_interface/share/sample_interface/package.xml
[0.394s] Invoked command in '/home/alex/git/rc-test-dev/sample/colcon_ws/sample/build/sample_interface' returned '0': CMAKE_PREFIX_PATH=/opt/ros/humble /usr/bin/cmake --install /home/alex/git/rc-test-dev/sample/colcon_ws/sample/build/sample_interface
