-- Found ament_cmake: 1.3.10 (/opt/ros/humble/share/ament_cmake/cmake)
-- Found std_msgs: 4.2.4 (/opt/ros/humble/share/std_msgs/cmake)
-- Found rosidl_generator_c: 3.1.5 (/opt/ros/humble/share/rosidl_generator_c/cmake)
-- Found rosidl_adapter: 3.1.5 (/opt/ros/humble/share/rosidl_adapter/cmake)
-- Found rosidl_generator_cpp: 3.1.5 (/opt/ros/humble/share/rosidl_generator_cpp/cmake)
-- Using all available rosidl_typesupport_c: rosidl_typesupport_fastrtps_c;rosidl_typesupport_introspection_c
-- Using all available rosidl_typesupport_cpp: rosidl_typesupport_fastrtps_cpp;rosidl_typesupport_introspection_cpp
-- Found rosidl_default_generators: 1.2.0 (/opt/ros/humble/share/rosidl_default_generators/cmake)
-- Found ament_cmake_ros: 0.10.0 (/opt/ros/humble/share/ament_cmake_ros/cmake)
-- Using all available rosidl_typesupport_c: rosidl_typesupport_fastrtps_c;rosidl_typesupport_introspection_c
-- Using all available rosidl_typesupport_cpp: rosidl_typesupport_fastrtps_cpp;rosidl_typesupport_introspection_cpp
-- Found python_cmake_module: 0.10.0 (/opt/ros/humble/share/python_cmake_module/cmake)
-- Using PYTHON_EXECUTABLE: /usr/bin/python3
-- Using PYTHON_INCLUDE_DIRS: /usr/include/python3.10
-- Using PYTHON_LIBRARIES: /usr/lib/aarch64-linux-gnu/libpython3.10.so
-- Found ament_lint_auto: 0.12.11 (/opt/ros/humble/share/ament_lint_auto/cmake)
-- Added test 'lint_cmake' to check CMake code style
-- Added test 'xmllint' to check XML markup files
-- Configuring done
-- Generating done
-- Build files have been written to: /home/alex/git/rc-test-dev/sample/colcon_ws/sample/build/sample_interface
[35m[1mConsolidate compiler generated dependencies of target sample_interface__rosidl_generator_c[0m
[  2%] Built target sample_interface__cpp
[  4%] [32mBuilding C object CMakeFiles/sample_interface__rosidl_generator_c.dir/rosidl_generator_c/sample_interface/msg/detail/input_accepted__functions.c.o[0m
[  6%] [32mBuilding C object CMakeFiles/sample_interface__rosidl_generator_c.dir/rosidl_generator_c/sample_interface/msg/detail/input__functions.c.o[0m
[  8%] [32mBuilding C object CMakeFiles/sample_interface__rosidl_generator_c.dir/rosidl_generator_c/sample_interface/msg/detail/output__functions.c.o[0m
[  8%] Built target ament_cmake_python_copy_sample_interface
[35m[1mConsolidate compiler generated dependencies of target sample_interface__rosidl_typesupport_cpp[0m
[35m[1mConsolidate compiler generated dependencies of target sample_interface__rosidl_typesupport_fastrtps_cpp[0m
[ 10%] [32mBuilding CXX object CMakeFiles/sample_interface__rosidl_typesupport_cpp.dir/rosidl_typesupport_cpp/sample_interface/msg/input__type_support.cpp.o[0m
[ 12%] [32mBuilding CXX object CMakeFiles/sample_interface__rosidl_typesupport_fastrtps_cpp.dir/rosidl_typesupport_fastrtps_cpp/sample_interface/msg/detail/dds_fastrtps/input__type_support.cpp.o[0m
[ 14%] [32mBuilding CXX object CMakeFiles/sample_interface__rosidl_typesupport_fastrtps_cpp.dir/rosidl_typesupport_fastrtps_cpp/sample_interface/msg/detail/dds_fastrtps/input_accepted__type_support.cpp.o[0m
[ 17%] [32mBuilding CXX object CMakeFiles/sample_interface__rosidl_typesupport_fastrtps_cpp.dir/rosidl_typesupport_fastrtps_cpp/sample_interface/msg/detail/dds_fastrtps/output__type_support.cpp.o[0m
[ 19%] [32m[1mLinking C shared library libsample_interface__rosidl_generator_c.so[0m
[ 21%] Built target sample_interface__rosidl_generator_c
[35m[1mConsolidate compiler generated dependencies of target sample_interface__rosidl_typesupport_introspection_cpp[0m
[ 23%] [32mBuilding CXX object CMakeFiles/sample_interface__rosidl_typesupport_introspection_cpp.dir/rosidl_typesupport_introspection_cpp/sample_interface/msg/detail/input__type_support.cpp.o[0m
[ 25%] [32mBuilding CXX object CMakeFiles/sample_interface__rosidl_typesupport_cpp.dir/rosidl_typesupport_cpp/sample_interface/msg/input_accepted__type_support.cpp.o[0m
[ 27%] [32mBuilding CXX object CMakeFiles/sample_interface__rosidl_typesupport_cpp.dir/rosidl_typesupport_cpp/sample_interface/msg/output__type_support.cpp.o[0m
[ 29%] [32mBuilding CXX object CMakeFiles/sample_interface__rosidl_typesupport_introspection_cpp.dir/rosidl_typesupport_introspection_cpp/sample_interface/msg/detail/input_accepted__type_support.cpp.o[0m
[ 31%] [32mBuilding CXX object CMakeFiles/sample_interface__rosidl_typesupport_introspection_cpp.dir/rosidl_typesupport_introspection_cpp/sample_interface/msg/detail/output__type_support.cpp.o[0m
[ 34%] [32m[1mLinking CXX shared library libsample_interface__rosidl_typesupport_fastrtps_cpp.so[0m
[ 36%] Built target sample_interface__rosidl_typesupport_fastrtps_cpp
[ 38%] [34m[1mGenerating C type support for eProsima Fast-RTPS[0m
running egg_info
writing sample_interface.egg-info/PKG-INFO
writing dependency_links to sample_interface.egg-info/dependency_links.txt
writing top-level names to sample_interface.egg-info/top_level.txt
reading manifest file 'sample_interface.egg-info/SOURCES.txt'
writing manifest file 'sample_interface.egg-info/SOURCES.txt'
[ 38%] Built target ament_cmake_python_build_sample_interface_egg
[ 40%] [34m[1mGenerating C introspection for ROS interfaces[0m
[ 42%] [32m[1mLinking CXX shared library libsample_interface__rosidl_typesupport_cpp.so[0m
[ 44%] Built target sample_interface__rosidl_typesupport_cpp
[ 46%] [34m[1mGenerating C type support dispatch for ROS interfaces[0m
[ 48%] [32m[1mLinking CXX shared library libsample_interface__rosidl_typesupport_introspection_cpp.so[0m
[ 51%] [32mBuilding CXX object CMakeFiles/sample_interface__rosidl_typesupport_fastrtps_c.dir/rosidl_typesupport_fastrtps_c/sample_interface/msg/detail/input__type_support_c.cpp.o[0m
[ 53%] [32mBuilding CXX object CMakeFiles/sample_interface__rosidl_typesupport_fastrtps_c.dir/rosidl_typesupport_fastrtps_c/sample_interface/msg/detail/input_accepted__type_support_c.cpp.o[0m
[ 55%] Built target sample_interface__rosidl_typesupport_introspection_cpp
[ 57%] [32mBuilding CXX object CMakeFiles/sample_interface__rosidl_typesupport_fastrtps_c.dir/rosidl_typesupport_fastrtps_c/sample_interface/msg/detail/output__type_support_c.cpp.o[0m
[ 59%] [32mBuilding C object CMakeFiles/sample_interface__rosidl_typesupport_introspection_c.dir/rosidl_typesupport_introspection_c/sample_interface/msg/detail/input__type_support.c.o[0m
[ 61%] [32mBuilding C object CMakeFiles/sample_interface__rosidl_typesupport_introspection_c.dir/rosidl_typesupport_introspection_c/sample_interface/msg/detail/input_accepted__type_support.c.o[0m
[ 63%] [32mBuilding CXX object CMakeFiles/sample_interface__rosidl_typesupport_c.dir/rosidl_typesupport_c/sample_interface/msg/input__type_support.cpp.o[0m
[ 65%] [32mBuilding CXX object CMakeFiles/sample_interface__rosidl_typesupport_c.dir/rosidl_typesupport_c/sample_interface/msg/input_accepted__type_support.cpp.o[0m
[ 68%] [32mBuilding C object CMakeFiles/sample_interface__rosidl_typesupport_introspection_c.dir/rosidl_typesupport_introspection_c/sample_interface/msg/detail/output__type_support.c.o[0m
[ 70%] [32mBuilding CXX object CMakeFiles/sample_interface__rosidl_typesupport_c.dir/rosidl_typesupport_c/sample_interface/msg/output__type_support.cpp.o[0m
[ 72%] [32m[1mLinking C shared library libsample_interface__rosidl_typesupport_introspection_c.so[0m
[ 74%] [32m[1mLinking CXX shared library libsample_interface__rosidl_typesupport_c.so[0m
[ 74%] Built target sample_interface__rosidl_typesupport_introspection_c
[ 74%] Built target sample_interface__rosidl_typesupport_c
[ 76%] [32m[1mLinking CXX shared library libsample_interface__rosidl_typesupport_fastrtps_c.so[0m
[ 76%] Built target sample_interface__rosidl_typesupport_fastrtps_c
[ 76%] Built target sample_interface
[ 78%] [34m[1mGenerating Python code for ROS interfaces[0m
[ 78%] Built target sample_interface__py
[ 80%] [32mBuilding C object CMakeFiles/sample_interface__rosidl_generator_py.dir/rosidl_generator_py/sample_interface/msg/_input_s.c.o[0m
[ 82%] [32mBuilding C object CMakeFiles/sample_interface__rosidl_generator_py.dir/rosidl_generator_py/sample_interface/msg/_input_accepted_s.c.o[0m
[ 85%] [32mBuilding C object CMakeFiles/sample_interface__rosidl_generator_py.dir/rosidl_generator_py/sample_interface/msg/_output_s.c.o[0m
[ 87%] [32m[1mLinking C shared library rosidl_generator_py/sample_interface/libsample_interface__rosidl_generator_py.so[0m
[ 87%] Built target sample_interface__rosidl_generator_py
[ 89%] [32mBuilding C object CMakeFiles/sample_interface__rosidl_typesupport_fastrtps_c__pyext.dir/rosidl_generator_py/sample_interface/_sample_interface_s.ep.rosidl_typesupport_fastrtps_c.c.o[0m
[ 91%] [32mBuilding C object CMakeFiles/sample_interface__rosidl_typesupport_introspection_c__pyext.dir/rosidl_generator_py/sample_interface/_sample_interface_s.ep.rosidl_typesupport_introspection_c.c.o[0m
[ 93%] [32mBuilding C object CMakeFiles/sample_interface__rosidl_typesupport_c__pyext.dir/rosidl_generator_py/sample_interface/_sample_interface_s.ep.rosidl_typesupport_c.c.o[0m
[ 97%] [32m[1mLinking C shared library rosidl_generator_py/sample_interface/sample_interface_s__rosidl_typesupport_introspection_c.cpython-310-aarch64-linux-gnu.so[0m
[ 97%] [32m[1mLinking C shared library rosidl_generator_py/sample_interface/sample_interface_s__rosidl_typesupport_fastrtps_c.cpython-310-aarch64-linux-gnu.so[0m
[100%] [32m[1mLinking C shared library rosidl_generator_py/sample_interface/sample_interface_s__rosidl_typesupport_c.cpython-310-aarch64-linux-gnu.so[0m
[100%] Built target sample_interface__rosidl_typesupport_introspection_c__pyext
[100%] Built target sample_interface__rosidl_typesupport_fastrtps_c__pyext
[100%] Built target sample_interface__rosidl_typesupport_c__pyext
-- Install configuration: ""
-- Installing: /home/alex/git/rc-test-dev/sample/colcon_ws/sample/install/sample_interface/share/ament_index/resource_index/rosidl_interfaces/sample_interface
-- Installing: /home/alex/git/rc-test-dev/sample/colcon_ws/sample/install/sample_interface/include/sample_interface/sample_interface
-- Installing: /home/alex/git/rc-test-dev/sample/colcon_ws/sample/install/sample_interface/include/sample_interface/sample_interface/msg
-- Installing: /home/alex/git/rc-test-dev/sample/colcon_ws/sample/install/sample_interface/include/sample_interface/sample_interface/msg/detail
-- Installing: /home/alex/git/rc-test-dev/sample/colcon_ws/sample/install/sample_interface/include/sample_interface/sample_interface/msg/detail/input_accepted__type_support.h
-- Installing: /home/alex/git/rc-test-dev/sample/colcon_ws/sample/install/sample_interface/include/sample_interface/sample_interface/msg/detail/input_accepted__struct.h
-- Installing: /home/alex/git/rc-test-dev/sample/colcon_ws/sample/install/sample_interface/include/sample_interface/sample_interface/msg/detail/input__type_support.h
-- Installing: /home/alex/git/rc-test-dev/sample/colcon_ws/sample/install/sample_interface/include/sample_interface/sample_interface/msg/detail/input__functions.h
-- Installing: /home/alex/git/rc-test-dev/sample/colcon_ws/sample/install/sample_interface/include/sample_interface/sample_interface/msg/detail/input__struct.h
-- Installing: /home/alex/git/rc-test-dev/sample/colcon_ws/sample/install/sample_interface/include/sample_interface/sample_interface/msg/detail/output__functions.h
-- Installing: /home/alex/git/rc-test-dev/sample/colcon_ws/sample/install/sample_interface/include/sample_interface/sample_interface/msg/detail/input__functions.c
-- Installing: /home/alex/git/rc-test-dev/sample/colcon_ws/sample/install/sample_interface/include/sample_interface/sample_interface/msg/detail/input_accepted__functions.h
-- Installing: /home/alex/git/rc-test-dev/sample/colcon_ws/sample/install/sample_interface/include/sample_interface/sample_interface/msg/detail/output__struct.h
-- Installing: /home/alex/git/rc-test-dev/sample/colcon_ws/sample/install/sample_interface/include/sample_interface/sample_interface/msg/detail/input_accepted__functions.c
-- Installing: /home/alex/git/rc-test-dev/sample/colcon_ws/sample/install/sample_interface/include/sample_interface/sample_interface/msg/detail/output__functions.c
-- Installing: /home/alex/git/rc-test-dev/sample/colcon_ws/sample/install/sample_interface/include/sample_interface/sample_interface/msg/detail/output__type_support.h
-- Installing: /home/alex/git/rc-test-dev/sample/colcon_ws/sample/install/sample_interface/include/sample_interface/sample_interface/msg/output.h
-- Installing: /home/alex/git/rc-test-dev/sample/colcon_ws/sample/install/sample_interface/include/sample_interface/sample_interface/msg/input_accepted.h
-- Installing: /home/alex/git/rc-test-dev/sample/colcon_ws/sample/install/sample_interface/include/sample_interface/sample_interface/msg/rosidl_generator_c__visibility_control.h
-- Installing: /home/alex/git/rc-test-dev/sample/colcon_ws/sample/install/sample_interface/include/sample_interface/sample_interface/msg/input.h
-- Installing: /home/alex/git/rc-test-dev/sample/colcon_ws/sample/install/sample_interface/share/sample_interface/environment/library_path.sh
-- Installing: /home/alex/git/rc-test-dev/sample/colcon_ws/sample/install/sample_interface/share/sample_interface/environment/library_path.dsv
-- Installing: /home/alex/git/rc-test-dev/sample/colcon_ws/sample/install/sample_interface/lib/libsample_interface__rosidl_generator_c.so
-- Set runtime path of "/home/alex/git/rc-test-dev/sample/colcon_ws/sample/install/sample_interface/lib/libsample_interface__rosidl_generator_c.so" to ""
-- Up-to-date: /home/alex/git/rc-test-dev/sample/colcon_ws/sample/install/sample_interface/include/sample_interface/sample_interface
-- Up-to-date: /home/alex/git/rc-test-dev/sample/colcon_ws/sample/install/sample_interface/include/sample_interface/sample_interface/msg
-- Up-to-date: /home/alex/git/rc-test-dev/sample/colcon_ws/sample/install/sample_interface/include/sample_interface/sample_interface/msg/detail
-- Installing: /home/alex/git/rc-test-dev/sample/colcon_ws/sample/install/sample_interface/include/sample_interface/sample_interface/msg/detail/input__rosidl_typesupport_fastrtps_c.h
-- Installing: /home/alex/git/rc-test-dev/sample/colcon_ws/sample/install/sample_interface/include/sample_interface/sample_interface/msg/detail/input_accepted__rosidl_typesupport_fastrtps_c.h
-- Installing: /home/alex/git/rc-test-dev/sample/colcon_ws/sample/install/sample_interface/include/sample_interface/sample_interface/msg/detail/output__rosidl_typesupport_fastrtps_c.h
-- Installing: /home/alex/git/rc-test-dev/sample/colcon_ws/sample/install/sample_interface/include/sample_interface/sample_interface/msg/rosidl_typesupport_fastrtps_c__visibility_control.h
-- Installing: /home/alex/git/rc-test-dev/sample/colcon_ws/sample/install/sample_interface/lib/libsample_interface__rosidl_typesupport_fastrtps_c.so
-- Set runtime path of "/home/alex/git/rc-test-dev/sample/colcon_ws/sample/install/sample_interface/lib/libsample_interface__rosidl_typesupport_fastrtps_c.so" to ""
-- Up-to-date: /home/alex/git/rc-test-dev/sample/colcon_ws/sample/install/sample_interface/include/sample_interface/sample_interface
-- Up-to-date: /home/alex/git/rc-test-dev/sample/colcon_ws/sample/install/sample_interface/include/sample_interface/sample_interface/msg
-- Up-to-date: /home/alex/git/rc-test-dev/sample/colcon_ws/sample/install/sample_interface/include/sample_interface/sample_interface/msg/detail
-- Installing: /home/alex/git/rc-test-dev/sample/colcon_ws/sample/install/sample_interface/include/sample_interface/sample_interface/msg/detail/output__builder.hpp
-- Installing: /home/alex/git/rc-test-dev/sample/colcon_ws/sample/install/sample_interface/include/sample_interface/sample_interface/msg/detail/input_accepted__traits.hpp
-- Installing: /home/alex/git/rc-test-dev/sample/colcon_ws/sample/install/sample_interface/include/sample_interface/sample_interface/msg/detail/input__builder.hpp
-- Installing: /home/alex/git/rc-test-dev/sample/colcon_ws/sample/install/sample_interface/include/sample_interface/sample_interface/msg/detail/input_accepted__builder.hpp
-- Installing: /home/alex/git/rc-test-dev/sample/colcon_ws/sample/install/sample_interface/include/sample_interface/sample_interface/msg/detail/output__struct.hpp
-- Installing: /home/alex/git/rc-test-dev/sample/colcon_ws/sample/install/sample_interface/include/sample_interface/sample_interface/msg/detail/input__traits.hpp
-- Installing: /home/alex/git/rc-test-dev/sample/colcon_ws/sample/install/sample_interface/include/sample_interface/sample_interface/msg/detail/input_accepted__struct.hpp
-- Installing: /home/alex/git/rc-test-dev/sample/colcon_ws/sample/install/sample_interface/include/sample_interface/sample_interface/msg/detail/input__struct.hpp
-- Installing: /home/alex/git/rc-test-dev/sample/colcon_ws/sample/install/sample_interface/include/sample_interface/sample_interface/msg/detail/output__traits.hpp
-- Installing: /home/alex/git/rc-test-dev/sample/colcon_ws/sample/install/sample_interface/include/sample_interface/sample_interface/msg/output.hpp
-- Installing: /home/alex/git/rc-test-dev/sample/colcon_ws/sample/install/sample_interface/include/sample_interface/sample_interface/msg/input_accepted.hpp
-- Installing: /home/alex/git/rc-test-dev/sample/colcon_ws/sample/install/sample_interface/include/sample_interface/sample_interface/msg/input.hpp
-- Up-to-date: /home/alex/git/rc-test-dev/sample/colcon_ws/sample/install/sample_interface/include/sample_interface/sample_interface
-- Up-to-date: /home/alex/git/rc-test-dev/sample/colcon_ws/sample/install/sample_interface/include/sample_interface/sample_interface/msg
-- Up-to-date: /home/alex/git/rc-test-dev/sample/colcon_ws/sample/install/sample_interface/include/sample_interface/sample_interface/msg/detail
-- Installing: /home/alex/git/rc-test-dev/sample/colcon_ws/sample/install/sample_interface/include/sample_interface/sample_interface/msg/detail/output__rosidl_typesupport_fastrtps_cpp.hpp
-- Installing: /home/alex/git/rc-test-dev/sample/colcon_ws/sample/install/sample_interface/include/sample_interface/sample_interface/msg/detail/input__rosidl_typesupport_fastrtps_cpp.hpp
-- Installing: /home/alex/git/rc-test-dev/sample/colcon_ws/sample/install/sample_interface/include/sample_interface/sample_interface/msg/detail/input_accepted__rosidl_typesupport_fastrtps_cpp.hpp
-- Installing: /home/alex/git/rc-test-dev/sample/colcon_ws/sample/install/sample_interface/include/sample_interface/sample_interface/msg/detail/dds_fastrtps
-- Installing: /home/alex/git/rc-test-dev/sample/colcon_ws/sample/install/sample_interface/include/sample_interface/sample_interface/msg/rosidl_typesupport_fastrtps_cpp__visibility_control.h
-- Installing: /home/alex/git/rc-test-dev/sample/colcon_ws/sample/install/sample_interface/lib/libsample_interface__rosidl_typesupport_fastrtps_cpp.so
-- Set runtime path of "/home/alex/git/rc-test-dev/sample/colcon_ws/sample/install/sample_interface/lib/libsample_interface__rosidl_typesupport_fastrtps_cpp.so" to ""
-- Up-to-date: /home/alex/git/rc-test-dev/sample/colcon_ws/sample/install/sample_interface/include/sample_interface/sample_interface
-- Up-to-date: /home/alex/git/rc-test-dev/sample/colcon_ws/sample/install/sample_interface/include/sample_interface/sample_interface/msg
-- Up-to-date: /home/alex/git/rc-test-dev/sample/colcon_ws/sample/install/sample_interface/include/sample_interface/sample_interface/msg/detail
-- Installing: /home/alex/git/rc-test-dev/sample/colcon_ws/sample/install/sample_interface/include/sample_interface/sample_interface/msg/detail/input_accepted__rosidl_typesupport_introspection_c.h
-- Installing: /home/alex/git/rc-test-dev/sample/colcon_ws/sample/install/sample_interface/include/sample_interface/sample_interface/msg/detail/output__type_support.c
-- Installing: /home/alex/git/rc-test-dev/sample/colcon_ws/sample/install/sample_interface/include/sample_interface/sample_interface/msg/detail/output__rosidl_typesupport_introspection_c.h
-- Installing: /home/alex/git/rc-test-dev/sample/colcon_ws/sample/install/sample_interface/include/sample_interface/sample_interface/msg/detail/input_accepted__type_support.c
-- Installing: /home/alex/git/rc-test-dev/sample/colcon_ws/sample/install/sample_interface/include/sample_interface/sample_interface/msg/detail/input__rosidl_typesupport_introspection_c.h
-- Installing: /home/alex/git/rc-test-dev/sample/colcon_ws/sample/install/sample_interface/include/sample_interface/sample_interface/msg/detail/input__type_support.c
-- Installing: /home/alex/git/rc-test-dev/sample/colcon_ws/sample/install/sample_interface/include/sample_interface/sample_interface/msg/rosidl_typesupport_introspection_c__visibility_control.h
-- Installing: /home/alex/git/rc-test-dev/sample/colcon_ws/sample/install/sample_interface/lib/libsample_interface__rosidl_typesupport_introspection_c.so
-- Set runtime path of "/home/alex/git/rc-test-dev/sample/colcon_ws/sample/install/sample_interface/lib/libsample_interface__rosidl_typesupport_introspection_c.so" to ""
-- Installing: /home/alex/git/rc-test-dev/sample/colcon_ws/sample/install/sample_interface/lib/libsample_interface__rosidl_typesupport_c.so
-- Set runtime path of "/home/alex/git/rc-test-dev/sample/colcon_ws/sample/install/sample_interface/lib/libsample_interface__rosidl_typesupport_c.so" to ""
-- Up-to-date: /home/alex/git/rc-test-dev/sample/colcon_ws/sample/install/sample_interface/include/sample_interface/sample_interface
-- Up-to-date: /home/alex/git/rc-test-dev/sample/colcon_ws/sample/install/sample_interface/include/sample_interface/sample_interface/msg
-- Up-to-date: /home/alex/git/rc-test-dev/sample/colcon_ws/sample/install/sample_interface/include/sample_interface/sample_interface/msg/detail
-- Installing: /home/alex/git/rc-test-dev/sample/colcon_ws/sample/install/sample_interface/include/sample_interface/sample_interface/msg/detail/input_accepted__type_support.cpp
-- Installing: /home/alex/git/rc-test-dev/sample/colcon_ws/sample/install/sample_interface/include/sample_interface/sample_interface/msg/detail/input__rosidl_typesupport_introspection_cpp.hpp
-- Installing: /home/alex/git/rc-test-dev/sample/colcon_ws/sample/install/sample_interface/include/sample_interface/sample_interface/msg/detail/output__type_support.cpp
-- Installing: /home/alex/git/rc-test-dev/sample/colcon_ws/sample/install/sample_interface/include/sample_interface/sample_interface/msg/detail/input_accepted__rosidl_typesupport_introspection_cpp.hpp
-- Installing: /home/alex/git/rc-test-dev/sample/colcon_ws/sample/install/sample_interface/include/sample_interface/sample_interface/msg/detail/output__rosidl_typesupport_introspection_cpp.hpp
-- Installing: /home/alex/git/rc-test-dev/sample/colcon_ws/sample/install/sample_interface/include/sample_interface/sample_interface/msg/detail/input__type_support.cpp
-- Installing: /home/alex/git/rc-test-dev/sample/colcon_ws/sample/install/sample_interface/lib/libsample_interface__rosidl_typesupport_introspection_cpp.so
-- Set runtime path of "/home/alex/git/rc-test-dev/sample/colcon_ws/sample/install/sample_interface/lib/libsample_interface__rosidl_typesupport_introspection_cpp.so" to ""
-- Installing: /home/alex/git/rc-test-dev/sample/colcon_ws/sample/install/sample_interface/lib/libsample_interface__rosidl_typesupport_cpp.so
-- Set runtime path of "/home/alex/git/rc-test-dev/sample/colcon_ws/sample/install/sample_interface/lib/libsample_interface__rosidl_typesupport_cpp.so" to ""
-- Installing: /home/alex/git/rc-test-dev/sample/colcon_ws/sample/install/sample_interface/share/sample_interface/environment/pythonpath.sh
-- Installing: /home/alex/git/rc-test-dev/sample/colcon_ws/sample/install/sample_interface/share/sample_interface/environment/pythonpath.dsv
-- Installing: /home/alex/git/rc-test-dev/sample/colcon_ws/sample/install/sample_interface/local/lib/python3.10/dist-packages/sample_interface-0.0.0-py3.10.egg-info
-- Installing: /home/alex/git/rc-test-dev/sample/colcon_ws/sample/install/sample_interface/local/lib/python3.10/dist-packages/sample_interface-0.0.0-py3.10.egg-info/PKG-INFO
-- Installing: /home/alex/git/rc-test-dev/sample/colcon_ws/sample/install/sample_interface/local/lib/python3.10/dist-packages/sample_interface-0.0.0-py3.10.egg-info/SOURCES.txt
-- Installing: /home/alex/git/rc-test-dev/sample/colcon_ws/sample/install/sample_interface/local/lib/python3.10/dist-packages/sample_interface-0.0.0-py3.10.egg-info/top_level.txt
-- Installing: /home/alex/git/rc-test-dev/sample/colcon_ws/sample/install/sample_interface/local/lib/python3.10/dist-packages/sample_interface-0.0.0-py3.10.egg-info/dependency_links.txt
-- Installing: /home/alex/git/rc-test-dev/sample/colcon_ws/sample/install/sample_interface/local/lib/python3.10/dist-packages/sample_interface
-- Installing: /home/alex/git/rc-test-dev/sample/colcon_ws/sample/install/sample_interface/local/lib/python3.10/dist-packages/sample_interface/sample_interface_s__rosidl_typesupport_introspection_c.cpython-310-aarch64-linux-gnu.so
-- Installing: /home/alex/git/rc-test-dev/sample/colcon_ws/sample/install/sample_interface/local/lib/python3.10/dist-packages/sample_interface/_sample_interface_s.ep.rosidl_typesupport_introspection_c.c
-- Installing: /home/alex/git/rc-test-dev/sample/colcon_ws/sample/install/sample_interface/local/lib/python3.10/dist-packages/sample_interface/_sample_interface_s.ep.rosidl_typesupport_c.c
-- Installing: /home/alex/git/rc-test-dev/sample/colcon_ws/sample/install/sample_interface/local/lib/python3.10/dist-packages/sample_interface/msg
-- Installing: /home/alex/git/rc-test-dev/sample/colcon_ws/sample/install/sample_interface/local/lib/python3.10/dist-packages/sample_interface/msg/_input_accepted.py
-- Installing: /home/alex/git/rc-test-dev/sample/colcon_ws/sample/install/sample_interface/local/lib/python3.10/dist-packages/sample_interface/msg/_input_accepted_s.c
-- Installing: /home/alex/git/rc-test-dev/sample/colcon_ws/sample/install/sample_interface/local/lib/python3.10/dist-packages/sample_interface/msg/_input_s.c
-- Installing: /home/alex/git/rc-test-dev/sample/colcon_ws/sample/install/sample_interface/local/lib/python3.10/dist-packages/sample_interface/msg/_input.py
-- Installing: /home/alex/git/rc-test-dev/sample/colcon_ws/sample/install/sample_interface/local/lib/python3.10/dist-packages/sample_interface/msg/_output_s.c
-- Installing: /home/alex/git/rc-test-dev/sample/colcon_ws/sample/install/sample_interface/local/lib/python3.10/dist-packages/sample_interface/msg/__init__.py
-- Installing: /home/alex/git/rc-test-dev/sample/colcon_ws/sample/install/sample_interface/local/lib/python3.10/dist-packages/sample_interface/msg/_output.py
-- Installing: /home/alex/git/rc-test-dev/sample/colcon_ws/sample/install/sample_interface/local/lib/python3.10/dist-packages/sample_interface/libsample_interface__rosidl_generator_py.so
-- Installing: /home/alex/git/rc-test-dev/sample/colcon_ws/sample/install/sample_interface/local/lib/python3.10/dist-packages/sample_interface/__init__.py
-- Installing: /home/alex/git/rc-test-dev/sample/colcon_ws/sample/install/sample_interface/local/lib/python3.10/dist-packages/sample_interface/_sample_interface_s.ep.rosidl_typesupport_fastrtps_c.c
-- Installing: /home/alex/git/rc-test-dev/sample/colcon_ws/sample/install/sample_interface/local/lib/python3.10/dist-packages/sample_interface/sample_interface_s__rosidl_typesupport_c.cpython-310-aarch64-linux-gnu.so
-- Installing: /home/alex/git/rc-test-dev/sample/colcon_ws/sample/install/sample_interface/local/lib/python3.10/dist-packages/sample_interface/sample_interface_s__rosidl_typesupport_fastrtps_c.cpython-310-aarch64-linux-gnu.so
Listing '/home/alex/git/rc-test-dev/sample/colcon_ws/sample/install/sample_interface/local/lib/python3.10/dist-packages/sample_interface'...
Compiling '/home/alex/git/rc-test-dev/sample/colcon_ws/sample/install/sample_interface/local/lib/python3.10/dist-packages/sample_interface/__init__.py'...
Listing '/home/alex/git/rc-test-dev/sample/colcon_ws/sample/install/sample_interface/local/lib/python3.10/dist-packages/sample_interface/msg'...
Compiling '/home/alex/git/rc-test-dev/sample/colcon_ws/sample/install/sample_interface/local/lib/python3.10/dist-packages/sample_interface/msg/__init__.py'...
Compiling '/home/alex/git/rc-test-dev/sample/colcon_ws/sample/install/sample_interface/local/lib/python3.10/dist-packages/sample_interface/msg/_input.py'...
Compiling '/home/alex/git/rc-test-dev/sample/colcon_ws/sample/install/sample_interface/local/lib/python3.10/dist-packages/sample_interface/msg/_input_accepted.py'...
Compiling '/home/alex/git/rc-test-dev/sample/colcon_ws/sample/install/sample_interface/local/lib/python3.10/dist-packages/sample_interface/msg/_output.py'...
-- Installing: /home/alex/git/rc-test-dev/sample/colcon_ws/sample/install/sample_interface/local/lib/python3.10/dist-packages/sample_interface/sample_interface_s__rosidl_typesupport_fastrtps_c.cpython-310-aarch64-linux-gnu.so
-- Set runtime path of "/home/alex/git/rc-test-dev/sample/colcon_ws/sample/install/sample_interface/local/lib/python3.10/dist-packages/sample_interface/sample_interface_s__rosidl_typesupport_fastrtps_c.cpython-310-aarch64-linux-gnu.so" to ""
-- Installing: /home/alex/git/rc-test-dev/sample/colcon_ws/sample/install/sample_interface/local/lib/python3.10/dist-packages/sample_interface/sample_interface_s__rosidl_typesupport_introspection_c.cpython-310-aarch64-linux-gnu.so
-- Set runtime path of "/home/alex/git/rc-test-dev/sample/colcon_ws/sample/install/sample_interface/local/lib/python3.10/dist-packages/sample_interface/sample_interface_s__rosidl_typesupport_introspection_c.cpython-310-aarch64-linux-gnu.so" to ""
-- Installing: /home/alex/git/rc-test-dev/sample/colcon_ws/sample/install/sample_interface/local/lib/python3.10/dist-packages/sample_interface/sample_interface_s__rosidl_typesupport_c.cpython-310-aarch64-linux-gnu.so
-- Set runtime path of "/home/alex/git/rc-test-dev/sample/colcon_ws/sample/install/sample_interface/local/lib/python3.10/dist-packages/sample_interface/sample_interface_s__rosidl_typesupport_c.cpython-310-aarch64-linux-gnu.so" to ""
-- Installing: /home/alex/git/rc-test-dev/sample/colcon_ws/sample/install/sample_interface/lib/libsample_interface__rosidl_generator_py.so
-- Set runtime path of "/home/alex/git/rc-test-dev/sample/colcon_ws/sample/install/sample_interface/lib/libsample_interface__rosidl_generator_py.so" to ""
-- Installing: /home/alex/git/rc-test-dev/sample/colcon_ws/sample/install/sample_interface/share/sample_interface/msg/Input.idl
-- Installing: /home/alex/git/rc-test-dev/sample/colcon_ws/sample/install/sample_interface/share/sample_interface/msg/InputAccepted.idl
-- Installing: /home/alex/git/rc-test-dev/sample/colcon_ws/sample/install/sample_interface/share/sample_interface/msg/Output.idl
-- Installing: /home/alex/git/rc-test-dev/sample/colcon_ws/sample/install/sample_interface/share/sample_interface/msg/Input.msg
-- Installing: /home/alex/git/rc-test-dev/sample/colcon_ws/sample/install/sample_interface/share/sample_interface/msg/InputAccepted.msg
-- Installing: /home/alex/git/rc-test-dev/sample/colcon_ws/sample/install/sample_interface/share/sample_interface/msg/Output.msg
-- Installing: /home/alex/git/rc-test-dev/sample/colcon_ws/sample/install/sample_interface/share/ament_index/resource_index/package_run_dependencies/sample_interface
-- Installing: /home/alex/git/rc-test-dev/sample/colcon_ws/sample/install/sample_interface/share/ament_index/resource_index/parent_prefix_path/sample_interface
-- Installing: /home/alex/git/rc-test-dev/sample/colcon_ws/sample/install/sample_interface/share/sample_interface/environment/ament_prefix_path.sh
-- Installing: /home/alex/git/rc-test-dev/sample/colcon_ws/sample/install/sample_interface/share/sample_interface/environment/ament_prefix_path.dsv
-- Installing: /home/alex/git/rc-test-dev/sample/colcon_ws/sample/install/sample_interface/share/sample_interface/environment/path.sh
-- Installing: /home/alex/git/rc-test-dev/sample/colcon_ws/sample/install/sample_interface/share/sample_interface/environment/path.dsv
-- Installing: /home/alex/git/rc-test-dev/sample/colcon_ws/sample/install/sample_interface/share/sample_interface/local_setup.bash
-- Installing: /home/alex/git/rc-test-dev/sample/colcon_ws/sample/install/sample_interface/share/sample_interface/local_setup.sh
-- Installing: /home/alex/git/rc-test-dev/sample/colcon_ws/sample/install/sample_interface/share/sample_interface/local_setup.zsh
-- Installing: /home/alex/git/rc-test-dev/sample/colcon_ws/sample/install/sample_interface/share/sample_interface/local_setup.dsv
-- Installing: /home/alex/git/rc-test-dev/sample/colcon_ws/sample/install/sample_interface/share/sample_interface/package.dsv
-- Installing: /home/alex/git/rc-test-dev/sample/colcon_ws/sample/install/sample_interface/share/ament_index/resource_index/packages/sample_interface
-- Installing: /home/alex/git/rc-test-dev/sample/colcon_ws/sample/install/sample_interface/share/sample_interface/cmake/export_sample_interface__rosidl_generator_cExport.cmake
-- Installing: /home/alex/git/rc-test-dev/sample/colcon_ws/sample/install/sample_interface/share/sample_interface/cmake/export_sample_interface__rosidl_generator_cExport-noconfig.cmake
-- Installing: /home/alex/git/rc-test-dev/sample/colcon_ws/sample/install/sample_interface/share/sample_interface/cmake/export_sample_interface__rosidl_typesupport_fastrtps_cExport.cmake
-- Installing: /home/alex/git/rc-test-dev/sample/colcon_ws/sample/install/sample_interface/share/sample_interface/cmake/export_sample_interface__rosidl_typesupport_fastrtps_cExport-noconfig.cmake
-- Installing: /home/alex/git/rc-test-dev/sample/colcon_ws/sample/install/sample_interface/share/sample_interface/cmake/export_sample_interface__rosidl_generator_cppExport.cmake
-- Installing: /home/alex/git/rc-test-dev/sample/colcon_ws/sample/install/sample_interface/share/sample_interface/cmake/export_sample_interface__rosidl_typesupport_fastrtps_cppExport.cmake
-- Installing: /home/alex/git/rc-test-dev/sample/colcon_ws/sample/install/sample_interface/share/sample_interface/cmake/export_sample_interface__rosidl_typesupport_fastrtps_cppExport-noconfig.cmake
-- Installing: /home/alex/git/rc-test-dev/sample/colcon_ws/sample/install/sample_interface/share/sample_interface/cmake/sample_interface__rosidl_typesupport_introspection_cExport.cmake
-- Installing: /home/alex/git/rc-test-dev/sample/colcon_ws/sample/install/sample_interface/share/sample_interface/cmake/sample_interface__rosidl_typesupport_introspection_cExport-noconfig.cmake
-- Installing: /home/alex/git/rc-test-dev/sample/colcon_ws/sample/install/sample_interface/share/sample_interface/cmake/sample_interface__rosidl_typesupport_cExport.cmake
-- Installing: /home/alex/git/rc-test-dev/sample/colcon_ws/sample/install/sample_interface/share/sample_interface/cmake/sample_interface__rosidl_typesupport_cExport-noconfig.cmake
-- Installing: /home/alex/git/rc-test-dev/sample/colcon_ws/sample/install/sample_interface/share/sample_interface/cmake/sample_interface__rosidl_typesupport_introspection_cppExport.cmake
-- Installing: /home/alex/git/rc-test-dev/sample/colcon_ws/sample/install/sample_interface/share/sample_interface/cmake/sample_interface__rosidl_typesupport_introspection_cppExport-noconfig.cmake
-- Installing: /home/alex/git/rc-test-dev/sample/colcon_ws/sample/install/sample_interface/share/sample_interface/cmake/sample_interface__rosidl_typesupport_cppExport.cmake
-- Installing: /home/alex/git/rc-test-dev/sample/colcon_ws/sample/install/sample_interface/share/sample_interface/cmake/sample_interface__rosidl_typesupport_cppExport-noconfig.cmake
-- Installing: /home/alex/git/rc-test-dev/sample/colcon_ws/sample/install/sample_interface/share/sample_interface/cmake/export_sample_interface__rosidl_generator_pyExport.cmake
-- Installing: /home/alex/git/rc-test-dev/sample/colcon_ws/sample/install/sample_interface/share/sample_interface/cmake/export_sample_interface__rosidl_generator_pyExport-noconfig.cmake
-- Installing: /home/alex/git/rc-test-dev/sample/colcon_ws/sample/install/sample_interface/share/sample_interface/cmake/rosidl_cmake-extras.cmake
-- Installing: /home/alex/git/rc-test-dev/sample/colcon_ws/sample/install/sample_interface/share/sample_interface/cmake/ament_cmake_export_dependencies-extras.cmake
-- Installing: /home/alex/git/rc-test-dev/sample/colcon_ws/sample/install/sample_interface/share/sample_interface/cmake/ament_cmake_export_include_directories-extras.cmake
-- Installing: /home/alex/git/rc-test-dev/sample/colcon_ws/sample/install/sample_interface/share/sample_interface/cmake/ament_cmake_export_libraries-extras.cmake
-- Installing: /home/alex/git/rc-test-dev/sample/colcon_ws/sample/install/sample_interface/share/sample_interface/cmake/ament_cmake_export_targets-extras.cmake
-- Installing: /home/alex/git/rc-test-dev/sample/colcon_ws/sample/install/sample_interface/share/sample_interface/cmake/rosidl_cmake_export_typesupport_targets-extras.cmake
-- Installing: /home/alex/git/rc-test-dev/sample/colcon_ws/sample/install/sample_interface/share/sample_interface/cmake/rosidl_cmake_export_typesupport_libraries-extras.cmake
-- Installing: /home/alex/git/rc-test-dev/sample/colcon_ws/sample/install/sample_interface/share/sample_interface/cmake/sample_interfaceConfig.cmake
-- Installing: /home/alex/git/rc-test-dev/sample/colcon_ws/sample/install/sample_interface/share/sample_interface/cmake/sample_interfaceConfig-version.cmake
-- Installing: /home/alex/git/rc-test-dev/sample/colcon_ws/sample/install/sample_interface/share/sample_interface/package.xml
