[0.006s] Invoking command in '/home/alex/git/rc-test-dev/sample/colcon_ws/sample/build/sample_interface': CMAKE_PREFIX_PATH=/opt/ros/humble /usr/bin/cmake --build /home/alex/git/rc-test-dev/sample/colcon_ws/sample/build/sample_interface -- -j5 -l5
[0.019s] -- Found ament_cmake: 1.3.10 (/opt/ros/humble/share/ament_cmake/cmake)
[0.080s] -- Found std_msgs: 4.2.4 (/opt/ros/humble/share/std_msgs/cmake)
[0.091s] -- Found rosidl_generator_c: 3.1.5 (/opt/ros/humble/share/rosidl_generator_c/cmake)
[0.092s] -- Found rosidl_adapter: 3.1.5 (/opt/ros/humble/share/rosidl_adapter/cmake)
[0.094s] -- Found rosidl_generator_cpp: 3.1.5 (/opt/ros/humble/share/rosidl_generator_cpp/cmake)
[0.098s] -- Using all available rosidl_typesupport_c: rosidl_typesupport_fastrtps_c;rosidl_typesupport_introspection_c
[0.103s] -- Using all available rosidl_typesupport_cpp: rosidl_typesupport_fastrtps_cpp;rosidl_typesupport_introspection_cpp
[0.113s] -- Found rosidl_default_generators: 1.2.0 (/opt/ros/humble/share/rosidl_default_generators/cmake)
[0.227s] -- Found ament_cmake_ros: 0.10.0 (/opt/ros/humble/share/ament_cmake_ros/cmake)
[0.359s] -- Using all available rosidl_typesupport_c: rosidl_typesupport_fastrtps_c;rosidl_typesupport_introspection_c
[0.411s] -- Using all available rosidl_typesupport_cpp: rosidl_typesupport_fastrtps_cpp;rosidl_typesupport_introspection_cpp
[0.422s] -- Found python_cmake_module: 0.10.0 (/opt/ros/humble/share/python_cmake_module/cmake)
[0.432s] -- Using PYTHON_EXECUTABLE: /usr/bin/python3
[0.432s] -- Using PYTHON_INCLUDE_DIRS: /usr/include/python3.10
[0.432s] -- Using PYTHON_LIBRARIES: /usr/lib/aarch64-linux-gnu/libpython3.10.so
[0.438s] -- Found ament_lint_auto: 0.12.11 (/opt/ros/humble/share/ament_lint_auto/cmake)
[0.442s] -- Added test 'lint_cmake' to check CMake code style
[0.442s] -- Added test 'xmllint' to check XML markup files
[0.443s] -- Configuring done
[0.461s] -- Generating done
[0.463s] -- Build files have been written to: /home/alex/git/rc-test-dev/sample/colcon_ws/sample/build/sample_interface
[0.475s] [35m[1mConsolidate compiler generated dependencies of target sample_interface__rosidl_generator_c[0m
[0.479s] [  2%] Built target sample_interface__cpp
[0.479s] [  4%] [32mBuilding C object CMakeFiles/sample_interface__rosidl_generator_c.dir/rosidl_generator_c/sample_interface/msg/detail/input_accepted__functions.c.o[0m
[0.480s] [  6%] [32mBuilding C object CMakeFiles/sample_interface__rosidl_generator_c.dir/rosidl_generator_c/sample_interface/msg/detail/input__functions.c.o[0m
[0.480s] [  8%] [32mBuilding C object CMakeFiles/sample_interface__rosidl_generator_c.dir/rosidl_generator_c/sample_interface/msg/detail/output__functions.c.o[0m
[0.483s] [  8%] Built target ament_cmake_python_copy_sample_interface
[0.487s] [35m[1mConsolidate compiler generated dependencies of target sample_interface__rosidl_typesupport_cpp[0m
[0.488s] [35m[1mConsolidate compiler generated dependencies of target sample_interface__rosidl_typesupport_fastrtps_cpp[0m
[0.492s] [ 10%] [32mBuilding CXX object CMakeFiles/sample_interface__rosidl_typesupport_cpp.dir/rosidl_typesupport_cpp/sample_interface/msg/input__type_support.cpp.o[0m
[0.499s] [ 12%] [32mBuilding CXX object CMakeFiles/sample_interface__rosidl_typesupport_fastrtps_cpp.dir/rosidl_typesupport_fastrtps_cpp/sample_interface/msg/detail/dds_fastrtps/input__type_support.cpp.o[0m
[0.505s] [ 14%] [32mBuilding CXX object CMakeFiles/sample_interface__rosidl_typesupport_fastrtps_cpp.dir/rosidl_typesupport_fastrtps_cpp/sample_interface/msg/detail/dds_fastrtps/input_accepted__type_support.cpp.o[0m
[0.505s] [ 17%] [32mBuilding CXX object CMakeFiles/sample_interface__rosidl_typesupport_fastrtps_cpp.dir/rosidl_typesupport_fastrtps_cpp/sample_interface/msg/detail/dds_fastrtps/output__type_support.cpp.o[0m
[0.511s] [ 19%] [32m[1mLinking C shared library libsample_interface__rosidl_generator_c.so[0m
[0.530s] [ 21%] Built target sample_interface__rosidl_generator_c
[0.536s] [35m[1mConsolidate compiler generated dependencies of target sample_interface__rosidl_typesupport_introspection_cpp[0m
[0.542s] [ 23%] [32mBuilding CXX object CMakeFiles/sample_interface__rosidl_typesupport_introspection_cpp.dir/rosidl_typesupport_introspection_cpp/sample_interface/msg/detail/input__type_support.cpp.o[0m
[0.655s] [ 25%] [32mBuilding CXX object CMakeFiles/sample_interface__rosidl_typesupport_cpp.dir/rosidl_typesupport_cpp/sample_interface/msg/input_accepted__type_support.cpp.o[0m
[0.772s] [ 27%] [32mBuilding CXX object CMakeFiles/sample_interface__rosidl_typesupport_cpp.dir/rosidl_typesupport_cpp/sample_interface/msg/output__type_support.cpp.o[0m
[0.790s] [ 29%] [32mBuilding CXX object CMakeFiles/sample_interface__rosidl_typesupport_introspection_cpp.dir/rosidl_typesupport_introspection_cpp/sample_interface/msg/detail/input_accepted__type_support.cpp.o[0m
[0.802s] [ 31%] [32mBuilding CXX object CMakeFiles/sample_interface__rosidl_typesupport_introspection_cpp.dir/rosidl_typesupport_introspection_cpp/sample_interface/msg/detail/output__type_support.cpp.o[0m
[0.802s] [ 34%] [32m[1mLinking CXX shared library libsample_interface__rosidl_typesupport_fastrtps_cpp.so[0m
[0.839s] [ 36%] Built target sample_interface__rosidl_typesupport_fastrtps_cpp
[0.844s] [ 38%] [34m[1mGenerating C type support for eProsima Fast-RTPS[0m
[0.865s] running egg_info
[0.866s] writing sample_interface.egg-info/PKG-INFO
[0.866s] writing dependency_links to sample_interface.egg-info/dependency_links.txt
[0.866s] writing top-level names to sample_interface.egg-info/top_level.txt
[0.867s] reading manifest file 'sample_interface.egg-info/SOURCES.txt'
[0.868s] writing manifest file 'sample_interface.egg-info/SOURCES.txt'
[0.884s] [ 38%] Built target ament_cmake_python_build_sample_interface_egg
[0.889s] [ 40%] [34m[1mGenerating C introspection for ROS interfaces[0m
[0.905s] [ 42%] [32m[1mLinking CXX shared library libsample_interface__rosidl_typesupport_cpp.so[0m
[0.926s] [ 44%] Built target sample_interface__rosidl_typesupport_cpp
[0.932s] [ 46%] [34m[1mGenerating C type support dispatch for ROS interfaces[0m
[0.984s] [ 48%] [32m[1mLinking CXX shared library libsample_interface__rosidl_typesupport_introspection_cpp.so[0m
[1.009s] [ 51%] [32mBuilding CXX object CMakeFiles/sample_interface__rosidl_typesupport_fastrtps_c.dir/rosidl_typesupport_fastrtps_c/sample_interface/msg/detail/input__type_support_c.cpp.o[0m
[1.009s] [ 53%] [32mBuilding CXX object CMakeFiles/sample_interface__rosidl_typesupport_fastrtps_c.dir/rosidl_typesupport_fastrtps_c/sample_interface/msg/detail/input_accepted__type_support_c.cpp.o[0m
[1.019s] [ 55%] Built target sample_interface__rosidl_typesupport_introspection_cpp
[1.030s] [ 57%] [32mBuilding CXX object CMakeFiles/sample_interface__rosidl_typesupport_fastrtps_c.dir/rosidl_typesupport_fastrtps_c/sample_interface/msg/detail/output__type_support_c.cpp.o[0m
[1.055s] [ 59%] [32mBuilding C object CMakeFiles/sample_interface__rosidl_typesupport_introspection_c.dir/rosidl_typesupport_introspection_c/sample_interface/msg/detail/input__type_support.c.o[0m
[1.075s] [ 61%] [32mBuilding C object CMakeFiles/sample_interface__rosidl_typesupport_introspection_c.dir/rosidl_typesupport_introspection_c/sample_interface/msg/detail/input_accepted__type_support.c.o[0m
[1.079s] [ 63%] [32mBuilding CXX object CMakeFiles/sample_interface__rosidl_typesupport_c.dir/rosidl_typesupport_c/sample_interface/msg/input__type_support.cpp.o[0m
[1.091s] [ 65%] [32mBuilding CXX object CMakeFiles/sample_interface__rosidl_typesupport_c.dir/rosidl_typesupport_c/sample_interface/msg/input_accepted__type_support.cpp.o[0m
[1.092s] [ 68%] [32mBuilding C object CMakeFiles/sample_interface__rosidl_typesupport_introspection_c.dir/rosidl_typesupport_introspection_c/sample_interface/msg/detail/output__type_support.c.o[0m
[1.106s] [ 70%] [32mBuilding CXX object CMakeFiles/sample_interface__rosidl_typesupport_c.dir/rosidl_typesupport_c/sample_interface/msg/output__type_support.cpp.o[0m
[1.109s] [ 72%] [32m[1mLinking C shared library libsample_interface__rosidl_typesupport_introspection_c.so[0m
[1.121s] [ 74%] [32m[1mLinking CXX shared library libsample_interface__rosidl_typesupport_c.so[0m
[1.123s] [ 74%] Built target sample_interface__rosidl_typesupport_introspection_c
[1.140s] [ 74%] Built target sample_interface__rosidl_typesupport_c
[1.183s] [ 76%] [32m[1mLinking CXX shared library libsample_interface__rosidl_typesupport_fastrtps_c.so[0m
[1.216s] [ 76%] Built target sample_interface__rosidl_typesupport_fastrtps_c
[1.224s] [ 76%] Built target sample_interface
[1.235s] [ 78%] [34m[1mGenerating Python code for ROS interfaces[0m
[1.428s] [ 78%] Built target sample_interface__py
[1.439s] [ 80%] [32mBuilding C object CMakeFiles/sample_interface__rosidl_generator_py.dir/rosidl_generator_py/sample_interface/msg/_input_s.c.o[0m
[1.439s] [ 82%] [32mBuilding C object CMakeFiles/sample_interface__rosidl_generator_py.dir/rosidl_generator_py/sample_interface/msg/_input_accepted_s.c.o[0m
[1.439s] [ 85%] [32mBuilding C object CMakeFiles/sample_interface__rosidl_generator_py.dir/rosidl_generator_py/sample_interface/msg/_output_s.c.o[0m
[1.516s] [ 87%] [32m[1mLinking C shared library rosidl_generator_py/sample_interface/libsample_interface__rosidl_generator_py.so[0m
[1.535s] [ 87%] Built target sample_interface__rosidl_generator_py
[1.544s] [ 89%] [32mBuilding C object CMakeFiles/sample_interface__rosidl_typesupport_fastrtps_c__pyext.dir/rosidl_generator_py/sample_interface/_sample_interface_s.ep.rosidl_typesupport_fastrtps_c.c.o[0m
[1.546s] [ 91%] [32mBuilding C object CMakeFiles/sample_interface__rosidl_typesupport_introspection_c__pyext.dir/rosidl_generator_py/sample_interface/_sample_interface_s.ep.rosidl_typesupport_introspection_c.c.o[0m
[1.546s] [ 93%] [32mBuilding C object CMakeFiles/sample_interface__rosidl_typesupport_c__pyext.dir/rosidl_generator_py/sample_interface/_sample_interface_s.ep.rosidl_typesupport_c.c.o[0m
[1.594s] [ 97%] [32m[1mLinking C shared library rosidl_generator_py/sample_interface/sample_interface_s__rosidl_typesupport_introspection_c.cpython-310-aarch64-linux-gnu.so[0m
[1.594s] [ 97%] [32m[1mLinking C shared library rosidl_generator_py/sample_interface/sample_interface_s__rosidl_typesupport_fastrtps_c.cpython-310-aarch64-linux-gnu.so[0m
[1.594s] [100%] [32m[1mLinking C shared library rosidl_generator_py/sample_interface/sample_interface_s__rosidl_typesupport_c.cpython-310-aarch64-linux-gnu.so[0m
[1.612s] [100%] Built target sample_interface__rosidl_typesupport_introspection_c__pyext
[1.612s] [100%] Built target sample_interface__rosidl_typesupport_fastrtps_c__pyext
[1.613s] [100%] Built target sample_interface__rosidl_typesupport_c__pyext
[1.618s] Invoked command in '/home/alex/git/rc-test-dev/sample/colcon_ws/sample/build/sample_interface' returned '0': CMAKE_PREFIX_PATH=/opt/ros/humble /usr/bin/cmake --build /home/alex/git/rc-test-dev/sample/colcon_ws/sample/build/sample_interface -- -j5 -l5
[1.670s] Invoking command in '/home/alex/git/rc-test-dev/sample/colcon_ws/sample/build/sample_interface': CMAKE_PREFIX_PATH=/opt/ros/humble /usr/bin/cmake --install /home/alex/git/rc-test-dev/sample/colcon_ws/sample/build/sample_interface
[1.674s] -- Install configuration: ""
[1.674s] -- Installing: /home/alex/git/rc-test-dev/sample/colcon_ws/sample/install/sample_interface/share/ament_index/resource_index/rosidl_interfaces/sample_interface
[1.674s] -- Installing: /home/alex/git/rc-test-dev/sample/colcon_ws/sample/install/sample_interface/include/sample_interface/sample_interface
[1.674s] -- Installing: /home/alex/git/rc-test-dev/sample/colcon_ws/sample/install/sample_interface/include/sample_interface/sample_interface/msg
[1.674s] -- Installing: /home/alex/git/rc-test-dev/sample/colcon_ws/sample/install/sample_interface/include/sample_interface/sample_interface/msg/detail
[1.674s] -- Installing: /home/alex/git/rc-test-dev/sample/colcon_ws/sample/install/sample_interface/include/sample_interface/sample_interface/msg/detail/input_accepted__type_support.h
[1.674s] -- Installing: /home/alex/git/rc-test-dev/sample/colcon_ws/sample/install/sample_interface/include/sample_interface/sample_interface/msg/detail/input_accepted__struct.h
[1.674s] -- Installing: /home/alex/git/rc-test-dev/sample/colcon_ws/sample/install/sample_interface/include/sample_interface/sample_interface/msg/detail/input__type_support.h
[1.674s] -- Installing: /home/alex/git/rc-test-dev/sample/colcon_ws/sample/install/sample_interface/include/sample_interface/sample_interface/msg/detail/input__functions.h
[1.674s] -- Installing: /home/alex/git/rc-test-dev/sample/colcon_ws/sample/install/sample_interface/include/sample_interface/sample_interface/msg/detail/input__struct.h
[1.675s] -- Installing: /home/alex/git/rc-test-dev/sample/colcon_ws/sample/install/sample_interface/include/sample_interface/sample_interface/msg/detail/output__functions.h
[1.675s] -- Installing: /home/alex/git/rc-test-dev/sample/colcon_ws/sample/install/sample_interface/include/sample_interface/sample_interface/msg/detail/input__functions.c
[1.675s] -- Installing: /home/alex/git/rc-test-dev/sample/colcon_ws/sample/install/sample_interface/include/sample_interface/sample_interface/msg/detail/input_accepted__functions.h
[1.675s] -- Installing: /home/alex/git/rc-test-dev/sample/colcon_ws/sample/install/sample_interface/include/sample_interface/sample_interface/msg/detail/output__struct.h
[1.675s] -- Installing: /home/alex/git/rc-test-dev/sample/colcon_ws/sample/install/sample_interface/include/sample_interface/sample_interface/msg/detail/input_accepted__functions.c
[1.675s] -- Installing: /home/alex/git/rc-test-dev/sample/colcon_ws/sample/install/sample_interface/include/sample_interface/sample_interface/msg/detail/output__functions.c
[1.675s] -- Installing: /home/alex/git/rc-test-dev/sample/colcon_ws/sample/install/sample_interface/include/sample_interface/sample_interface/msg/detail/output__type_support.h
[1.675s] -- Installing: /home/alex/git/rc-test-dev/sample/colcon_ws/sample/install/sample_interface/include/sample_interface/sample_interface/msg/output.h
[1.675s] -- Installing: /home/alex/git/rc-test-dev/sample/colcon_ws/sample/install/sample_interface/include/sample_interface/sample_interface/msg/input_accepted.h
[1.675s] -- Installing: /home/alex/git/rc-test-dev/sample/colcon_ws/sample/install/sample_interface/include/sample_interface/sample_interface/msg/rosidl_generator_c__visibility_control.h
[1.675s] -- Installing: /home/alex/git/rc-test-dev/sample/colcon_ws/sample/install/sample_interface/include/sample_interface/sample_interface/msg/input.h
[1.675s] -- Installing: /home/alex/git/rc-test-dev/sample/colcon_ws/sample/install/sample_interface/share/sample_interface/environment/library_path.sh
[1.675s] -- Installing: /home/alex/git/rc-test-dev/sample/colcon_ws/sample/install/sample_interface/share/sample_interface/environment/library_path.dsv
[1.675s] -- Installing: /home/alex/git/rc-test-dev/sample/colcon_ws/sample/install/sample_interface/lib/libsample_interface__rosidl_generator_c.so
[1.676s] -- Set runtime path of "/home/alex/git/rc-test-dev/sample/colcon_ws/sample/install/sample_interface/lib/libsample_interface__rosidl_generator_c.so" to ""
[1.676s] -- Up-to-date: /home/alex/git/rc-test-dev/sample/colcon_ws/sample/install/sample_interface/include/sample_interface/sample_interface
[1.676s] -- Up-to-date: /home/alex/git/rc-test-dev/sample/colcon_ws/sample/install/sample_interface/include/sample_interface/sample_interface/msg
[1.676s] -- Up-to-date: /home/alex/git/rc-test-dev/sample/colcon_ws/sample/install/sample_interface/include/sample_interface/sample_interface/msg/detail
[1.676s] -- Installing: /home/alex/git/rc-test-dev/sample/colcon_ws/sample/install/sample_interface/include/sample_interface/sample_interface/msg/detail/input__rosidl_typesupport_fastrtps_c.h
[1.676s] -- Installing: /home/alex/git/rc-test-dev/sample/colcon_ws/sample/install/sample_interface/include/sample_interface/sample_interface/msg/detail/input_accepted__rosidl_typesupport_fastrtps_c.h
[1.676s] -- Installing: /home/alex/git/rc-test-dev/sample/colcon_ws/sample/install/sample_interface/include/sample_interface/sample_interface/msg/detail/output__rosidl_typesupport_fastrtps_c.h
[1.676s] -- Installing: /home/alex/git/rc-test-dev/sample/colcon_ws/sample/install/sample_interface/include/sample_interface/sample_interface/msg/rosidl_typesupport_fastrtps_c__visibility_control.h
[1.676s] -- Installing: /home/alex/git/rc-test-dev/sample/colcon_ws/sample/install/sample_interface/lib/libsample_interface__rosidl_typesupport_fastrtps_c.so
[1.676s] -- Set runtime path of "/home/alex/git/rc-test-dev/sample/colcon_ws/sample/install/sample_interface/lib/libsample_interface__rosidl_typesupport_fastrtps_c.so" to ""
[1.676s] -- Up-to-date: /home/alex/git/rc-test-dev/sample/colcon_ws/sample/install/sample_interface/include/sample_interface/sample_interface
[1.676s] -- Up-to-date: /home/alex/git/rc-test-dev/sample/colcon_ws/sample/install/sample_interface/include/sample_interface/sample_interface/msg
[1.677s] -- Up-to-date: /home/alex/git/rc-test-dev/sample/colcon_ws/sample/install/sample_interface/include/sample_interface/sample_interface/msg/detail
[1.677s] -- Installing: /home/alex/git/rc-test-dev/sample/colcon_ws/sample/install/sample_interface/include/sample_interface/sample_interface/msg/detail/output__builder.hpp
[1.677s] -- Installing: /home/alex/git/rc-test-dev/sample/colcon_ws/sample/install/sample_interface/include/sample_interface/sample_interface/msg/detail/input_accepted__traits.hpp
[1.677s] -- Installing: /home/alex/git/rc-test-dev/sample/colcon_ws/sample/install/sample_interface/include/sample_interface/sample_interface/msg/detail/input__builder.hpp
[1.677s] -- Installing: /home/alex/git/rc-test-dev/sample/colcon_ws/sample/install/sample_interface/include/sample_interface/sample_interface/msg/detail/input_accepted__builder.hpp
[1.677s] -- Installing: /home/alex/git/rc-test-dev/sample/colcon_ws/sample/install/sample_interface/include/sample_interface/sample_interface/msg/detail/output__struct.hpp
[1.677s] -- Installing: /home/alex/git/rc-test-dev/sample/colcon_ws/sample/install/sample_interface/include/sample_interface/sample_interface/msg/detail/input__traits.hpp
[1.677s] -- Installing: /home/alex/git/rc-test-dev/sample/colcon_ws/sample/install/sample_interface/include/sample_interface/sample_interface/msg/detail/input_accepted__struct.hpp
[1.677s] -- Installing: /home/alex/git/rc-test-dev/sample/colcon_ws/sample/install/sample_interface/include/sample_interface/sample_interface/msg/detail/input__struct.hpp
[1.677s] -- Installing: /home/alex/git/rc-test-dev/sample/colcon_ws/sample/install/sample_interface/include/sample_interface/sample_interface/msg/detail/output__traits.hpp
[1.677s] -- Installing: /home/alex/git/rc-test-dev/sample/colcon_ws/sample/install/sample_interface/include/sample_interface/sample_interface/msg/output.hpp
[1.677s] -- Installing: /home/alex/git/rc-test-dev/sample/colcon_ws/sample/install/sample_interface/include/sample_interface/sample_interface/msg/input_accepted.hpp
[1.677s] -- Installing: /home/alex/git/rc-test-dev/sample/colcon_ws/sample/install/sample_interface/include/sample_interface/sample_interface/msg/input.hpp
[1.677s] -- Up-to-date: /home/alex/git/rc-test-dev/sample/colcon_ws/sample/install/sample_interface/include/sample_interface/sample_interface
[1.678s] -- Up-to-date: /home/alex/git/rc-test-dev/sample/colcon_ws/sample/install/sample_interface/include/sample_interface/sample_interface/msg
[1.678s] -- Up-to-date: /home/alex/git/rc-test-dev/sample/colcon_ws/sample/install/sample_interface/include/sample_interface/sample_interface/msg/detail
[1.678s] -- Installing: /home/alex/git/rc-test-dev/sample/colcon_ws/sample/install/sample_interface/include/sample_interface/sample_interface/msg/detail/output__rosidl_typesupport_fastrtps_cpp.hpp
[1.678s] -- Installing: /home/alex/git/rc-test-dev/sample/colcon_ws/sample/install/sample_interface/include/sample_interface/sample_interface/msg/detail/input__rosidl_typesupport_fastrtps_cpp.hpp
[1.678s] -- Installing: /home/alex/git/rc-test-dev/sample/colcon_ws/sample/install/sample_interface/include/sample_interface/sample_interface/msg/detail/input_accepted__rosidl_typesupport_fastrtps_cpp.hpp
[1.678s] -- Installing: /home/alex/git/rc-test-dev/sample/colcon_ws/sample/install/sample_interface/include/sample_interface/sample_interface/msg/detail/dds_fastrtps
[1.678s] -- Installing: /home/alex/git/rc-test-dev/sample/colcon_ws/sample/install/sample_interface/include/sample_interface/sample_interface/msg/rosidl_typesupport_fastrtps_cpp__visibility_control.h
[1.678s] -- Installing: /home/alex/git/rc-test-dev/sample/colcon_ws/sample/install/sample_interface/lib/libsample_interface__rosidl_typesupport_fastrtps_cpp.so
[1.678s] -- Set runtime path of "/home/alex/git/rc-test-dev/sample/colcon_ws/sample/install/sample_interface/lib/libsample_interface__rosidl_typesupport_fastrtps_cpp.so" to ""
[1.678s] -- Up-to-date: /home/alex/git/rc-test-dev/sample/colcon_ws/sample/install/sample_interface/include/sample_interface/sample_interface
[1.678s] -- Up-to-date: /home/alex/git/rc-test-dev/sample/colcon_ws/sample/install/sample_interface/include/sample_interface/sample_interface/msg
[1.678s] -- Up-to-date: /home/alex/git/rc-test-dev/sample/colcon_ws/sample/install/sample_interface/include/sample_interface/sample_interface/msg/detail
[1.678s] -- Installing: /home/alex/git/rc-test-dev/sample/colcon_ws/sample/install/sample_interface/include/sample_interface/sample_interface/msg/detail/input_accepted__rosidl_typesupport_introspection_c.h
[1.678s] -- Installing: /home/alex/git/rc-test-dev/sample/colcon_ws/sample/install/sample_interface/include/sample_interface/sample_interface/msg/detail/output__type_support.c
[1.678s] -- Installing: /home/alex/git/rc-test-dev/sample/colcon_ws/sample/install/sample_interface/include/sample_interface/sample_interface/msg/detail/output__rosidl_typesupport_introspection_c.h
[1.678s] -- Installing: /home/alex/git/rc-test-dev/sample/colcon_ws/sample/install/sample_interface/include/sample_interface/sample_interface/msg/detail/input_accepted__type_support.c
[1.678s] -- Installing: /home/alex/git/rc-test-dev/sample/colcon_ws/sample/install/sample_interface/include/sample_interface/sample_interface/msg/detail/input__rosidl_typesupport_introspection_c.h
[1.678s] -- Installing: /home/alex/git/rc-test-dev/sample/colcon_ws/sample/install/sample_interface/include/sample_interface/sample_interface/msg/detail/input__type_support.c
[1.679s] -- Installing: /home/alex/git/rc-test-dev/sample/colcon_ws/sample/install/sample_interface/include/sample_interface/sample_interface/msg/rosidl_typesupport_introspection_c__visibility_control.h
[1.679s] -- Installing: /home/alex/git/rc-test-dev/sample/colcon_ws/sample/install/sample_interface/lib/libsample_interface__rosidl_typesupport_introspection_c.so
[1.679s] -- Set runtime path of "/home/alex/git/rc-test-dev/sample/colcon_ws/sample/install/sample_interface/lib/libsample_interface__rosidl_typesupport_introspection_c.so" to ""
[1.679s] -- Installing: /home/alex/git/rc-test-dev/sample/colcon_ws/sample/install/sample_interface/lib/libsample_interface__rosidl_typesupport_c.so
[1.679s] -- Set runtime path of "/home/alex/git/rc-test-dev/sample/colcon_ws/sample/install/sample_interface/lib/libsample_interface__rosidl_typesupport_c.so" to ""
[1.679s] -- Up-to-date: /home/alex/git/rc-test-dev/sample/colcon_ws/sample/install/sample_interface/include/sample_interface/sample_interface
[1.679s] -- Up-to-date: /home/alex/git/rc-test-dev/sample/colcon_ws/sample/install/sample_interface/include/sample_interface/sample_interface/msg
[1.679s] -- Up-to-date: /home/alex/git/rc-test-dev/sample/colcon_ws/sample/install/sample_interface/include/sample_interface/sample_interface/msg/detail
[1.679s] -- Installing: /home/alex/git/rc-test-dev/sample/colcon_ws/sample/install/sample_interface/include/sample_interface/sample_interface/msg/detail/input_accepted__type_support.cpp
[1.679s] -- Installing: /home/alex/git/rc-test-dev/sample/colcon_ws/sample/install/sample_interface/include/sample_interface/sample_interface/msg/detail/input__rosidl_typesupport_introspection_cpp.hpp
[1.679s] -- Installing: /home/alex/git/rc-test-dev/sample/colcon_ws/sample/install/sample_interface/include/sample_interface/sample_interface/msg/detail/output__type_support.cpp
[1.679s] -- Installing: /home/alex/git/rc-test-dev/sample/colcon_ws/sample/install/sample_interface/include/sample_interface/sample_interface/msg/detail/input_accepted__rosidl_typesupport_introspection_cpp.hpp
[1.679s] -- Installing: /home/alex/git/rc-test-dev/sample/colcon_ws/sample/install/sample_interface/include/sample_interface/sample_interface/msg/detail/output__rosidl_typesupport_introspection_cpp.hpp
[1.679s] -- Installing: /home/alex/git/rc-test-dev/sample/colcon_ws/sample/install/sample_interface/include/sample_interface/sample_interface/msg/detail/input__type_support.cpp
[1.679s] -- Installing: /home/alex/git/rc-test-dev/sample/colcon_ws/sample/install/sample_interface/lib/libsample_interface__rosidl_typesupport_introspection_cpp.so
[1.680s] -- Set runtime path of "/home/alex/git/rc-test-dev/sample/colcon_ws/sample/install/sample_interface/lib/libsample_interface__rosidl_typesupport_introspection_cpp.so" to ""
[1.680s] -- Installing: /home/alex/git/rc-test-dev/sample/colcon_ws/sample/install/sample_interface/lib/libsample_interface__rosidl_typesupport_cpp.so
[1.680s] -- Set runtime path of "/home/alex/git/rc-test-dev/sample/colcon_ws/sample/install/sample_interface/lib/libsample_interface__rosidl_typesupport_cpp.so" to ""
[1.680s] -- Installing: /home/alex/git/rc-test-dev/sample/colcon_ws/sample/install/sample_interface/share/sample_interface/environment/pythonpath.sh
[1.680s] -- Installing: /home/alex/git/rc-test-dev/sample/colcon_ws/sample/install/sample_interface/share/sample_interface/environment/pythonpath.dsv
[1.680s] -- Installing: /home/alex/git/rc-test-dev/sample/colcon_ws/sample/install/sample_interface/local/lib/python3.10/dist-packages/sample_interface-0.0.0-py3.10.egg-info
[1.680s] -- Installing: /home/alex/git/rc-test-dev/sample/colcon_ws/sample/install/sample_interface/local/lib/python3.10/dist-packages/sample_interface-0.0.0-py3.10.egg-info/PKG-INFO
[1.680s] -- Installing: /home/alex/git/rc-test-dev/sample/colcon_ws/sample/install/sample_interface/local/lib/python3.10/dist-packages/sample_interface-0.0.0-py3.10.egg-info/SOURCES.txt
[1.680s] -- Installing: /home/alex/git/rc-test-dev/sample/colcon_ws/sample/install/sample_interface/local/lib/python3.10/dist-packages/sample_interface-0.0.0-py3.10.egg-info/top_level.txt
[1.680s] -- Installing: /home/alex/git/rc-test-dev/sample/colcon_ws/sample/install/sample_interface/local/lib/python3.10/dist-packages/sample_interface-0.0.0-py3.10.egg-info/dependency_links.txt
[1.680s] -- Installing: /home/alex/git/rc-test-dev/sample/colcon_ws/sample/install/sample_interface/local/lib/python3.10/dist-packages/sample_interface
[1.680s] -- Installing: /home/alex/git/rc-test-dev/sample/colcon_ws/sample/install/sample_interface/local/lib/python3.10/dist-packages/sample_interface/sample_interface_s__rosidl_typesupport_introspection_c.cpython-310-aarch64-linux-gnu.so
[1.681s] -- Installing: /home/alex/git/rc-test-dev/sample/colcon_ws/sample/install/sample_interface/local/lib/python3.10/dist-packages/sample_interface/_sample_interface_s.ep.rosidl_typesupport_introspection_c.c
[1.681s] -- Installing: /home/alex/git/rc-test-dev/sample/colcon_ws/sample/install/sample_interface/local/lib/python3.10/dist-packages/sample_interface/_sample_interface_s.ep.rosidl_typesupport_c.c
[1.681s] -- Installing: /home/alex/git/rc-test-dev/sample/colcon_ws/sample/install/sample_interface/local/lib/python3.10/dist-packages/sample_interface/msg
[1.681s] -- Installing: /home/alex/git/rc-test-dev/sample/colcon_ws/sample/install/sample_interface/local/lib/python3.10/dist-packages/sample_interface/msg/_input_accepted.py
[1.681s] -- Installing: /home/alex/git/rc-test-dev/sample/colcon_ws/sample/install/sample_interface/local/lib/python3.10/dist-packages/sample_interface/msg/_input_accepted_s.c
[1.681s] -- Installing: /home/alex/git/rc-test-dev/sample/colcon_ws/sample/install/sample_interface/local/lib/python3.10/dist-packages/sample_interface/msg/_input_s.c
[1.681s] -- Installing: /home/alex/git/rc-test-dev/sample/colcon_ws/sample/install/sample_interface/local/lib/python3.10/dist-packages/sample_interface/msg/_input.py
[1.681s] -- Installing: /home/alex/git/rc-test-dev/sample/colcon_ws/sample/install/sample_interface/local/lib/python3.10/dist-packages/sample_interface/msg/_output_s.c
[1.681s] -- Installing: /home/alex/git/rc-test-dev/sample/colcon_ws/sample/install/sample_interface/local/lib/python3.10/dist-packages/sample_interface/msg/__init__.py
[1.681s] -- Installing: /home/alex/git/rc-test-dev/sample/colcon_ws/sample/install/sample_interface/local/lib/python3.10/dist-packages/sample_interface/msg/_output.py
[1.681s] -- Installing: /home/alex/git/rc-test-dev/sample/colcon_ws/sample/install/sample_interface/local/lib/python3.10/dist-packages/sample_interface/libsample_interface__rosidl_generator_py.so
[1.681s] -- Installing: /home/alex/git/rc-test-dev/sample/colcon_ws/sample/install/sample_interface/local/lib/python3.10/dist-packages/sample_interface/__init__.py
[1.681s] -- Installing: /home/alex/git/rc-test-dev/sample/colcon_ws/sample/install/sample_interface/local/lib/python3.10/dist-packages/sample_interface/_sample_interface_s.ep.rosidl_typesupport_fastrtps_c.c
[1.681s] -- Installing: /home/alex/git/rc-test-dev/sample/colcon_ws/sample/install/sample_interface/local/lib/python3.10/dist-packages/sample_interface/sample_interface_s__rosidl_typesupport_c.cpython-310-aarch64-linux-gnu.so
[1.681s] -- Installing: /home/alex/git/rc-test-dev/sample/colcon_ws/sample/install/sample_interface/local/lib/python3.10/dist-packages/sample_interface/sample_interface_s__rosidl_typesupport_fastrtps_c.cpython-310-aarch64-linux-gnu.so
[1.697s] Listing '/home/alex/git/rc-test-dev/sample/colcon_ws/sample/install/sample_interface/local/lib/python3.10/dist-packages/sample_interface'...
[1.697s] Compiling '/home/alex/git/rc-test-dev/sample/colcon_ws/sample/install/sample_interface/local/lib/python3.10/dist-packages/sample_interface/__init__.py'...
[1.697s] Listing '/home/alex/git/rc-test-dev/sample/colcon_ws/sample/install/sample_interface/local/lib/python3.10/dist-packages/sample_interface/msg'...
[1.697s] Compiling '/home/alex/git/rc-test-dev/sample/colcon_ws/sample/install/sample_interface/local/lib/python3.10/dist-packages/sample_interface/msg/__init__.py'...
[1.697s] Compiling '/home/alex/git/rc-test-dev/sample/colcon_ws/sample/install/sample_interface/local/lib/python3.10/dist-packages/sample_interface/msg/_input.py'...
[1.697s] Compiling '/home/alex/git/rc-test-dev/sample/colcon_ws/sample/install/sample_interface/local/lib/python3.10/dist-packages/sample_interface/msg/_input_accepted.py'...
[1.697s] Compiling '/home/alex/git/rc-test-dev/sample/colcon_ws/sample/install/sample_interface/local/lib/python3.10/dist-packages/sample_interface/msg/_output.py'...
[1.700s] -- Installing: /home/alex/git/rc-test-dev/sample/colcon_ws/sample/install/sample_interface/local/lib/python3.10/dist-packages/sample_interface/sample_interface_s__rosidl_typesupport_fastrtps_c.cpython-310-aarch64-linux-gnu.so
[1.700s] -- Set runtime path of "/home/alex/git/rc-test-dev/sample/colcon_ws/sample/install/sample_interface/local/lib/python3.10/dist-packages/sample_interface/sample_interface_s__rosidl_typesupport_fastrtps_c.cpython-310-aarch64-linux-gnu.so" to ""
[1.700s] -- Installing: /home/alex/git/rc-test-dev/sample/colcon_ws/sample/install/sample_interface/local/lib/python3.10/dist-packages/sample_interface/sample_interface_s__rosidl_typesupport_introspection_c.cpython-310-aarch64-linux-gnu.so
[1.700s] -- Set runtime path of "/home/alex/git/rc-test-dev/sample/colcon_ws/sample/install/sample_interface/local/lib/python3.10/dist-packages/sample_interface/sample_interface_s__rosidl_typesupport_introspection_c.cpython-310-aarch64-linux-gnu.so" to ""
[1.700s] -- Installing: /home/alex/git/rc-test-dev/sample/colcon_ws/sample/install/sample_interface/local/lib/python3.10/dist-packages/sample_interface/sample_interface_s__rosidl_typesupport_c.cpython-310-aarch64-linux-gnu.so
[1.701s] -- Set runtime path of "/home/alex/git/rc-test-dev/sample/colcon_ws/sample/install/sample_interface/local/lib/python3.10/dist-packages/sample_interface/sample_interface_s__rosidl_typesupport_c.cpython-310-aarch64-linux-gnu.so" to ""
[1.701s] -- Installing: /home/alex/git/rc-test-dev/sample/colcon_ws/sample/install/sample_interface/lib/libsample_interface__rosidl_generator_py.so
[1.701s] -- Set runtime path of "/home/alex/git/rc-test-dev/sample/colcon_ws/sample/install/sample_interface/lib/libsample_interface__rosidl_generator_py.so" to ""
[1.701s] -- Installing: /home/alex/git/rc-test-dev/sample/colcon_ws/sample/install/sample_interface/share/sample_interface/msg/Input.idl
[1.701s] -- Installing: /home/alex/git/rc-test-dev/sample/colcon_ws/sample/install/sample_interface/share/sample_interface/msg/InputAccepted.idl
[1.701s] -- Installing: /home/alex/git/rc-test-dev/sample/colcon_ws/sample/install/sample_interface/share/sample_interface/msg/Output.idl
[1.701s] -- Installing: /home/alex/git/rc-test-dev/sample/colcon_ws/sample/install/sample_interface/share/sample_interface/msg/Input.msg
[1.701s] -- Installing: /home/alex/git/rc-test-dev/sample/colcon_ws/sample/install/sample_interface/share/sample_interface/msg/InputAccepted.msg
[1.701s] -- Installing: /home/alex/git/rc-test-dev/sample/colcon_ws/sample/install/sample_interface/share/sample_interface/msg/Output.msg
[1.701s] -- Installing: /home/alex/git/rc-test-dev/sample/colcon_ws/sample/install/sample_interface/share/ament_index/resource_index/package_run_dependencies/sample_interface
[1.702s] -- Installing: /home/alex/git/rc-test-dev/sample/colcon_ws/sample/install/sample_interface/share/ament_index/resource_index/parent_prefix_path/sample_interface
[1.702s] -- Installing: /home/alex/git/rc-test-dev/sample/colcon_ws/sample/install/sample_interface/share/sample_interface/environment/ament_prefix_path.sh
[1.702s] -- Installing: /home/alex/git/rc-test-dev/sample/colcon_ws/sample/install/sample_interface/share/sample_interface/environment/ament_prefix_path.dsv
[1.702s] -- Installing: /home/alex/git/rc-test-dev/sample/colcon_ws/sample/install/sample_interface/share/sample_interface/environment/path.sh
[1.702s] -- Installing: /home/alex/git/rc-test-dev/sample/colcon_ws/sample/install/sample_interface/share/sample_interface/environment/path.dsv
[1.702s] -- Installing: /home/alex/git/rc-test-dev/sample/colcon_ws/sample/install/sample_interface/share/sample_interface/local_setup.bash
[1.702s] -- Installing: /home/alex/git/rc-test-dev/sample/colcon_ws/sample/install/sample_interface/share/sample_interface/local_setup.sh
[1.702s] -- Installing: /home/alex/git/rc-test-dev/sample/colcon_ws/sample/install/sample_interface/share/sample_interface/local_setup.zsh
[1.702s] -- Installing: /home/alex/git/rc-test-dev/sample/colcon_ws/sample/install/sample_interface/share/sample_interface/local_setup.dsv
[1.702s] -- Installing: /home/alex/git/rc-test-dev/sample/colcon_ws/sample/install/sample_interface/share/sample_interface/package.dsv
[1.703s] -- Installing: /home/alex/git/rc-test-dev/sample/colcon_ws/sample/install/sample_interface/share/ament_index/resource_index/packages/sample_interface
[1.703s] -- Installing: /home/alex/git/rc-test-dev/sample/colcon_ws/sample/install/sample_interface/share/sample_interface/cmake/export_sample_interface__rosidl_generator_cExport.cmake
[1.703s] -- Installing: /home/alex/git/rc-test-dev/sample/colcon_ws/sample/install/sample_interface/share/sample_interface/cmake/export_sample_interface__rosidl_generator_cExport-noconfig.cmake
[1.703s] -- Installing: /home/alex/git/rc-test-dev/sample/colcon_ws/sample/install/sample_interface/share/sample_interface/cmake/export_sample_interface__rosidl_typesupport_fastrtps_cExport.cmake
[1.703s] -- Installing: /home/alex/git/rc-test-dev/sample/colcon_ws/sample/install/sample_interface/share/sample_interface/cmake/export_sample_interface__rosidl_typesupport_fastrtps_cExport-noconfig.cmake
[1.703s] -- Installing: /home/alex/git/rc-test-dev/sample/colcon_ws/sample/install/sample_interface/share/sample_interface/cmake/export_sample_interface__rosidl_generator_cppExport.cmake
[1.703s] -- Installing: /home/alex/git/rc-test-dev/sample/colcon_ws/sample/install/sample_interface/share/sample_interface/cmake/export_sample_interface__rosidl_typesupport_fastrtps_cppExport.cmake
[1.703s] -- Installing: /home/alex/git/rc-test-dev/sample/colcon_ws/sample/install/sample_interface/share/sample_interface/cmake/export_sample_interface__rosidl_typesupport_fastrtps_cppExport-noconfig.cmake
[1.703s] -- Installing: /home/alex/git/rc-test-dev/sample/colcon_ws/sample/install/sample_interface/share/sample_interface/cmake/sample_interface__rosidl_typesupport_introspection_cExport.cmake
[1.703s] -- Installing: /home/alex/git/rc-test-dev/sample/colcon_ws/sample/install/sample_interface/share/sample_interface/cmake/sample_interface__rosidl_typesupport_introspection_cExport-noconfig.cmake
[1.704s] -- Installing: /home/alex/git/rc-test-dev/sample/colcon_ws/sample/install/sample_interface/share/sample_interface/cmake/sample_interface__rosidl_typesupport_cExport.cmake
[1.704s] -- Installing: /home/alex/git/rc-test-dev/sample/colcon_ws/sample/install/sample_interface/share/sample_interface/cmake/sample_interface__rosidl_typesupport_cExport-noconfig.cmake
[1.704s] -- Installing: /home/alex/git/rc-test-dev/sample/colcon_ws/sample/install/sample_interface/share/sample_interface/cmake/sample_interface__rosidl_typesupport_introspection_cppExport.cmake
[1.704s] -- Installing: /home/alex/git/rc-test-dev/sample/colcon_ws/sample/install/sample_interface/share/sample_interface/cmake/sample_interface__rosidl_typesupport_introspection_cppExport-noconfig.cmake
[1.704s] -- Installing: /home/alex/git/rc-test-dev/sample/colcon_ws/sample/install/sample_interface/share/sample_interface/cmake/sample_interface__rosidl_typesupport_cppExport.cmake
[1.704s] -- Installing: /home/alex/git/rc-test-dev/sample/colcon_ws/sample/install/sample_interface/share/sample_interface/cmake/sample_interface__rosidl_typesupport_cppExport-noconfig.cmake
[1.704s] -- Installing: /home/alex/git/rc-test-dev/sample/colcon_ws/sample/install/sample_interface/share/sample_interface/cmake/export_sample_interface__rosidl_generator_pyExport.cmake
[1.704s] -- Installing: /home/alex/git/rc-test-dev/sample/colcon_ws/sample/install/sample_interface/share/sample_interface/cmake/export_sample_interface__rosidl_generator_pyExport-noconfig.cmake
[1.704s] -- Installing: /home/alex/git/rc-test-dev/sample/colcon_ws/sample/install/sample_interface/share/sample_interface/cmake/rosidl_cmake-extras.cmake
[1.704s] -- Installing: /home/alex/git/rc-test-dev/sample/colcon_ws/sample/install/sample_interface/share/sample_interface/cmake/ament_cmake_export_dependencies-extras.cmake
[1.704s] -- Installing: /home/alex/git/rc-test-dev/sample/colcon_ws/sample/install/sample_interface/share/sample_interface/cmake/ament_cmake_export_include_directories-extras.cmake
[1.704s] -- Installing: /home/alex/git/rc-test-dev/sample/colcon_ws/sample/install/sample_interface/share/sample_interface/cmake/ament_cmake_export_libraries-extras.cmake
[1.704s] -- Installing: /home/alex/git/rc-test-dev/sample/colcon_ws/sample/install/sample_interface/share/sample_interface/cmake/ament_cmake_export_targets-extras.cmake
[1.704s] -- Installing: /home/alex/git/rc-test-dev/sample/colcon_ws/sample/install/sample_interface/share/sample_interface/cmake/rosidl_cmake_export_typesupport_targets-extras.cmake
[1.704s] -- Installing: /home/alex/git/rc-test-dev/sample/colcon_ws/sample/install/sample_interface/share/sample_interface/cmake/rosidl_cmake_export_typesupport_libraries-extras.cmake
[1.704s] -- Installing: /home/alex/git/rc-test-dev/sample/colcon_ws/sample/install/sample_interface/share/sample_interface/cmake/sample_interfaceConfig.cmake
[1.705s] -- Installing: /home/alex/git/rc-test-dev/sample/colcon_ws/sample/install/sample_interface/share/sample_interface/cmake/sample_interfaceConfig-version.cmake
[1.705s] -- Installing: /home/alex/git/rc-test-dev/sample/colcon_ws/sample/install/sample_interface/share/sample_interface/package.xml
[1.706s] Invoked command in '/home/alex/git/rc-test-dev/sample/colcon_ws/sample/build/sample_interface' returned '0': CMAKE_PREFIX_PATH=/opt/ros/humble /usr/bin/cmake --install /home/alex/git/rc-test-dev/sample/colcon_ws/sample/build/sample_interface
